
 Start         Length     Name                   Class
 0001:00000000 00005268H .text                   CODE
 0002:00000000 00000028H .data                   DATA
 0002:00000028 00000039H .bss                    BSS


Detailed map of segments

 0001:00000000 000000CE C=CODE     S=.text    G=(none)   M=System   ACBP=A9
 0001:000000D0 00000098 C=CODE     S=.text    G=(none)   M=Windows  ACBP=A9
 0001:00000168 0000002E C=CODE     S=.text    G=(none)   M=SysUtils ACBP=A9
 0001:00000198 00000038 C=CODE     S=.text    G=(none)   M=Messages ACBP=A9
 0001:000001D0 0000000E C=CODE     S=.text    G=(none)   M=ActiveX  ACBP=A9
 0001:000001E0 0000000E C=CODE     S=.text    G=(none)   M=TypInfo  ACBP=A9
 0001:000001F0 0000000E C=CODE     S=.text    G=(none)   M=Consts   ACBP=A9
 0001:00000200 0000004E C=CODE     S=.text    G=(none)   M=Classes  ACBP=A9
 0001:00000250 00000026 C=CODE     S=.text    G=(none)   M=Graphics ACBP=A9
 0001:00000278 00000038 C=CODE     S=.text    G=(none)   M=Imm      ACBP=A9
 0001:000002B0 00000038 C=CODE     S=.text    G=(none)   M=Commctrl ACBP=A9
 0001:000002E8 00000038 C=CODE     S=.text    G=(none)   M=WinSpool ACBP=A9
 0001:00000320 0000000E C=CODE     S=.text    G=(none)   M=Printers ACBP=A9
 0001:00000330 0000000E C=CODE     S=.text    G=(none)   M=Forms    ACBP=A9
 0001:00000340 0000000E C=CODE     S=.text    G=(none)   M=Menus    ACBP=A9
 0001:00000350 0000023E C=CODE     S=.text    G=(none)   M=Controls ACBP=A9
 0001:00000590 000000A6 C=CODE     S=.text    G=(none)   M=StdCtrls ACBP=A9
 0001:00000638 00000038 C=CODE     S=.text    G=(none)   M=CommDlg  ACBP=A9
 0001:00000670 00000038 C=CODE     S=.text    G=(none)   M=Dlgs     ACBP=A9
 0001:000006A8 0000002E C=CODE     S=.text    G=(none)   M=ExtCtrls ACBP=A9
 0001:000006D8 0000000E C=CODE     S=.text    G=(none)   M=Dialogs  ACBP=A9
 0001:000006E8 00000056 C=CODE     S=.text    G=(none)   M=Buttons  ACBP=A9
 0001:00000740 000001FC C=CODE     S=.text    G=(none)   M=SysInit  ACBP=A9
 0001:0000093C 00002974 C=CODE     S=.text    G=(none)   M=umcmIntE ACBP=A9
 0001:000032B0 000000FD C=CODE     S=.text    G=(none)   M=mcmInte3 ACBP=A9
 0002:00000000 00000020 C=DATA     S=.data    G=DGROUP   M=SysInit  ACBP=A9
 0002:00001000 00000004 C=BSS      S=.bss     G=DGROUP   M=Windows  ACBP=A9
 0002:00001004 00000004 C=BSS      S=.bss     G=DGROUP   M=Messages ACBP=A9
 0002:00001008 00000004 C=BSS      S=.bss     G=DGROUP   M=Imm      ACBP=A9
 0002:0000100C 00000004 C=BSS      S=.bss     G=DGROUP   M=Commctrl ACBP=A9
 0002:00001010 00000004 C=BSS      S=.bss     G=DGROUP   M=WinSpool ACBP=A9
 0002:00001014 00000004 C=BSS      S=.bss     G=DGROUP   M=CommDlg  ACBP=A9
 0002:00001018 00000004 C=BSS      S=.bss     G=DGROUP   M=Dlgs     ACBP=A9
 0002:0000101C 00000018 C=BSS      S=.bss     G=DGROUP   M=SysInit  ACBP=A9
 0002:00001034 00000004 C=BSS      S=.bss     G=DGROUP   M=umcmIntE ACBP=A9


  Address         Publics by Name

 0001:00000018       @CallDynaInst
 0001:00000020       @ClassCreate
 0001:00000028       @ClassDestroy
 0001:00000050       @DoneExcept
 0001:00003380       @GetPackageInfoTable
 0001:00000030       @HandleAnyException
 0001:00000040       @HandleFinally
 0001:00000038       @HandleOnException
 0001:000008B0       @InitPkg
 0001:00000078       @LStrArrayClr
 0001:00000070       @LStrClr
 0001:00000090       @LStrCmp
 0001:00000098       @LStrCopy
 0001:00000080       @LStrFromChar
 0001:00000088       @LStrLen
 0001:000000A0       @LStrPos
 0001:00000058       @PackageLoad
 0001:00003388       @PackageLoad
 0001:00003398       @PackageUnload
 0001:00000060       @PackageUnload
 0001:00000048       @RaiseAgain
 0001:00000068       @RunError
 0001:000001D8       ActiveX
 0001:00000200       Bounds
 0001:00000738       Buttons
 0001:00000248       Classes
 0001:000002E0       Commctrl
 0001:00000668       CommDlg
 0001:000001F8       Consts
 0001:00000588       Controls
 0002:04943CD0       DecimalSeparator
 0001:000006E0       Dialogs
 0001:000006A0       Dlgs
 0001:000000E0       DrawFocusRect
 0001:000006D0       ExtCtrls
 0001:00000320       Finalization
 0001:00003278       Finalization
 0001:00000330       Finalization
 0001:000001F0       Finalization
 0001:000001E0       Finalization
 0001:000001D0       Finalization
 0001:000002E8       Finalization
 0001:00000198       Finalization
 0001:00000340       Finalization
 0001:00000188       Finalization
 0001:00000580       Finalization
 0001:00000130       Finalization
 0001:00000628       Finalization
 0001:00000638       Finalization
 0001:00000670       Finalization
 0001:000006C8       Finalization
 0001:000002B0       Finalization
 0001:00000278       Finalization
 0001:00000240       Finalization
 0001:000006D8       Finalization
 0001:000000C0       Finalization
 0001:00000904       Finalization
 0001:00000730       Finalization
 0001:00000268       Finalization
 0001:00000178       FloatToStr
 0001:00000338       Forms
 0001:000000E8       GetDC
 0001:000000F0       GetFocus
 0001:000000F8       GetSystemMetrics
 0001:000000D0       GetTextMetrics
 0001:00000270       Graphics
 0002:00001028       HInstance
 0001:000002A8       Imm
 0001:00000100       InflateRect
 0001:00000168       IntToStr
 0001:00000108       LoadBitmap
 0001:000000A8       LoadResourceModule
 0001:000033A8       mcmInte3
 0001:00000348       Menus
 0001:00000110       MessageBeep
 0001:000001C8       Messages
 0002:0000101C       ModuleIsLib
 0002:0000101D       ModuleIsPackage
 0001:00000118       OffsetRect
 0001:00000328       Printers
 0001:00001C60       Register
 0001:00000208       RegisterComponents
 0001:000000B0       RegisterModule
 0001:00000120       ReleaseDC
 0001:000000D8       SelectObject
 0001:00000128       SendMessage
 0001:00000630       StdCtrls
 0001:00000180       StrToFloat
 0001:00000170       StrToInt
 0001:00000934       SysInit
 0001:000000C8       System
 0001:00000190       SysUtils
 0001:00000260       TBitmap.SetHandle
 0001:00000258       TCanvas.GetHandle
 0001:00000220       TComponent.Loaded
 0001:00000238       TComponent.SafeCallException
 0001:00000230       TComponent.ValidateRename
 0001:00000228       TComponent.WriteState
 0001:00000460       TControl.DefaultHandler
 0001:00000468       TControl.DefineProperties
 0001:000003A0       TControl.GetClientHeight
 0001:000003A8       TControl.GetClientOrigin
 0001:00000390       TControl.GetClientRect
 0001:00000398       TControl.GetClientWidth
 0001:00000438       TControl.GetDeviceContext
 0001:00000350       TControl.GetDragImages
 0001:00000430       TControl.GetMouseCapture
 0001:000003D8       TControl.GetText
 0001:00000440       TControl.Invalidate
 0001:00000420       TControl.IsColorStored
 0001:000003F0       TControl.IsFontStored
 0001:000003F8       TControl.IsShowHintStored
 0001:00000368       TControl.Notification
 0001:00000360       TControl.ReadState
 0001:00000450       TControl.Repaint
 0001:00000370       TControl.SetAlign
 0001:00000378       TControl.SetBounds
 0001:00000418       TControl.SetColor
 0001:00000358       TControl.SetDragMode
 0001:000003C8       TControl.SetEnabled
 0001:000003E8       TControl.SetFont
 0001:00000388       TControl.SetHeight
 0001:000003B0       TControl.SetName
 0001:000003B8       TControl.SetParent
 0001:00000428       TControl.SetParentColor
 0001:00000400       TControl.SetParentFont
 0001:00000410       TControl.SetParentShowHint
 0001:000003D0       TControl.SetPopupMenu
 0001:00000408       TControl.SetShowHint
 0001:000003E0       TControl.SetText
 0001:000003C0       TControl.SetVisible
 0001:00000380       TControl.SetWidth
 0001:00000448       TControl.Update
 0001:00000458       TControl.WndProc
 0001:00000610       TCustomEdit.Change
 0001:000005D8       TCustomEdit.Clear
 0001:00000620       TCustomEdit.CMEnter
 0001:00000590       TCustomEdit.Create
 0001:000005F8       TCustomEdit.CreateParams
 0001:00000600       TCustomEdit.CreateWnd
 0001:00000618       TCustomEdit.DefaultHandler
 0001:00000608       TCustomEdit.DestroyWnd
 0001:00000598       TCustomEdit.DoSetMaxLength
 0001:000005C8       TCustomEdit.GetSelLength
 0001:000005B8       TCustomEdit.GetSelStart
 0001:000005F0       TCustomEdit.GetSelText
 0001:000005E8       TCustomEdit.GetSelTextBuf
 0001:000005E0       TCustomEdit.SelectAll
 0001:000005A0       TCustomEdit.SetAutoSize
 0001:000005A8       TCustomEdit.SetMaxLength
 0001:000005B0       TCustomEdit.SetReadOnly
 0001:000005D0       TCustomEdit.SetSelLength
 0001:000005C0       TCustomEdit.SetSelStart
 0001:00000250       TFont.GetHandle
 0002:00001020       TlsIndex
 0002:FFBF9000       TlsLast
 0001:00001FAC       TmcmIntEdit.Change
 0001:00001EF8       TmcmIntEdit.CheckValue
 0001:00001F84       TmcmIntEdit.CMEnter
 0001:00001F40       TmcmIntEdit.CMExit
 0001:00001CBC       TmcmIntEdit.Create
 0001:00001D90       TmcmIntEdit.GetValue
 0001:00001D34       TmcmIntEdit.IsValidKey
 0001:00001D60       TmcmIntEdit.KeyPress
 0001:00001EA0       TmcmIntEdit.SetValue
 0001:000026C4       TmcmRealEdit.Change
 0001:00002520       TmcmRealEdit.CheckValue
 0001:0000269C       TmcmRealEdit.CMEnter
 0001:00002644       TmcmRealEdit.CMExit
 0001:000020A8       TmcmRealEdit.Create
 0001:0000226C       TmcmRealEdit.GetValue
 0001:00002144       TmcmRealEdit.IsValidKey
 0001:0000223C       TmcmRealEdit.KeyPress
 0001:00002600       TmcmRealEdit.SetDecimals
 0001:000023D4       TmcmRealEdit.SetValue
 0001:00002EFC       TmcmRealSpin.Create
 0001:00003050       TmcmRealSpin.CreateParams
 0001:0000306C       TmcmRealSpin.CreateWnd
 0001:00002FE4       TmcmRealSpin.Destroy
 0001:00003214       TmcmRealSpin.DownClick
 0001:00003010       TmcmRealSpin.KeyDown
 0001:000031E0       TmcmRealSpin.UpClick
 0001:00003260       TmcmRealSpin.WMCut
 0001:00003248       TmcmRealSpin.WMPaste
 0001:00003100       TmcmRealSpin.WMSize
 0001:000029AC       TmcmRealSpinBtn.Create
 0001:00002E90       TmcmRealSpinBtn.GetDownGlyph
 0001:00002E24       TmcmRealSpinBtn.GetUpGlyph
 0001:00002C14       TmcmRealSpinBtn.KeyDown
 0001:00002DD0       TmcmRealSpinBtn.Loaded
 0001:00002B18       TmcmRealSpinBtn.SetBounds
 0001:00002E9C       TmcmRealSpinBtn.SetDownGlyph
 0001:00002E30       TmcmRealSpinBtn.SetUpGlyph
 0001:00002DC8       TmcmRealSpinBtn.WMGetDlgCode
 0001:00002BE8       TmcmRealSpinBtn.WMKillFocus
 0001:00002BBC       TmcmRealSpinBtn.WMSetFocus
 0001:00002B5C       TmcmRealSpinBtn.WMSize
 0001:000027E8       TmcmTimeSpeedBtn.Destroy
 0001:0000281C       TmcmTimeSpeedBtn.MouseDown
 0001:00002894       TmcmTimeSpeedBtn.MouseUp
 0001:00002944       TmcmTimeSpeedBtn.Paint
 0001:00000010       TObject.Free
 0001:00000008       TObject.FreeInstance
 0001:00000000       TObject.NewInstance
 0001:00000210       TPersistent.Assign
 0001:00000218       TPersistent.AssignTo
 0001:000006E8       TSpeedButton.Create
 0001:000006F0       TSpeedButton.Destroy
 0001:00000718       TSpeedButton.GetGlyph
 0001:00000700       TSpeedButton.Loaded
 0001:00000708       TSpeedButton.MouseDown
 0001:00000710       TSpeedButton.MouseUp
 0001:000006F8       TSpeedButton.Paint
 0001:00000720       TSpeedButton.SetGlyph
 0001:00000728       TSpeedButton.SetNumGlyphs
 0001:000006A8       TTimer.Create
 0001:000006B0       TTimer.SetEnabled
 0001:000006B8       TTimer.SetInterval
 0001:000006C0       TTimer.SetOnTimer
 0001:00000488       TWinControl.AlignControls
 0001:00000528       TWinControl.CanFocus
 0001:000004F0       TWinControl.CMExit
 0001:00000470       TWinControl.Create
 0001:000004B8       TWinControl.CreateHandle
 0001:00000490       TWinControl.CreateParams
 0001:000004A0       TWinControl.CreateWindowHandle
 0001:00000498       TWinControl.CreateWnd
 0001:000004C8       TWinControl.DefaultHandler
 0001:00000478       TWinControl.Destroy
 0001:000004B0       TWinControl.DestroyWindowHandle
 0001:000004A8       TWinControl.DestroyWnd
 0001:00000540       TWinControl.GetClientOrigin
 0001:00000548       TWinControl.GetClientRect
 0001:00000508       TWinControl.GetDeviceContext
 0001:00000538       TWinControl.GetHandle
 0001:00000568       TWinControl.GetTabOrder
 0001:00000510       TWinControl.Invalidate
 0001:00000558       TWinControl.IsCtl3DStored
 0001:000004E0       TWinControl.KeyDown
 0001:000004E8       TWinControl.KeyPress
 0001:000004D0       TWinControl.PaintWindow
 0001:00000480       TWinControl.ReadState
 0001:00000520       TWinControl.Repaint
 0001:000004F8       TWinControl.SetBounds
 0001:00000550       TWinControl.SetCtl3D
 0001:00000530       TWinControl.SetFocus
 0001:00000560       TWinControl.SetParentCtl3D
 0001:00000570       TWinControl.SetTabOrder
 0001:00000578       TWinControl.SetTabStop
 0001:00000500       TWinControl.ShowControl
 0001:00000518       TWinControl.Update
 0001:000004D8       TWinControl.WMSize
 0001:000004C0       TWinControl.WndProc
 0001:000001E8       TypInfo
 0001:000032A8       umcmIntE
 0001:000000B8       UnregisterModule
 0001:00000160       Windows
 0001:00000318       WinSpool


  Address         Publics by Value

 0002:FFBF9000       TlsLast
 0001:00000000       TObject.NewInstance
 0001:00000008       TObject.FreeInstance
 0001:00000010       TObject.Free
 0001:00000018       @CallDynaInst
 0001:00000020       @ClassCreate
 0001:00000028       @ClassDestroy
 0001:00000030       @HandleAnyException
 0001:00000038       @HandleOnException
 0001:00000040       @HandleFinally
 0001:00000048       @RaiseAgain
 0001:00000050       @DoneExcept
 0001:00000058       @PackageLoad
 0001:00000060       @PackageUnload
 0001:00000068       @RunError
 0001:00000070       @LStrClr
 0001:00000078       @LStrArrayClr
 0001:00000080       @LStrFromChar
 0001:00000088       @LStrLen
 0001:00000090       @LStrCmp
 0001:00000098       @LStrCopy
 0001:000000A0       @LStrPos
 0001:000000A8       LoadResourceModule
 0001:000000B0       RegisterModule
 0001:000000B8       UnregisterModule
 0001:000000C0       Finalization
 0001:000000C8       System
 0001:000000D0       GetTextMetrics
 0001:000000D8       SelectObject
 0001:000000E0       DrawFocusRect
 0001:000000E8       GetDC
 0001:000000F0       GetFocus
 0001:000000F8       GetSystemMetrics
 0001:00000100       InflateRect
 0001:00000108       LoadBitmap
 0001:00000110       MessageBeep
 0001:00000118       OffsetRect
 0001:00000120       ReleaseDC
 0001:00000128       SendMessage
 0001:00000130       Finalization
 0001:00000160       Windows
 0001:00000168       IntToStr
 0001:00000170       StrToInt
 0001:00000178       FloatToStr
 0001:00000180       StrToFloat
 0001:00000188       Finalization
 0001:00000190       SysUtils
 0001:00000198       Finalization
 0001:000001C8       Messages
 0001:000001D0       Finalization
 0001:000001D8       ActiveX
 0001:000001E0       Finalization
 0001:000001E8       TypInfo
 0001:000001F0       Finalization
 0001:000001F8       Consts
 0001:00000200       Bounds
 0001:00000208       RegisterComponents
 0001:00000210       TPersistent.Assign
 0001:00000218       TPersistent.AssignTo
 0001:00000220       TComponent.Loaded
 0001:00000228       TComponent.WriteState
 0001:00000230       TComponent.ValidateRename
 0001:00000238       TComponent.SafeCallException
 0001:00000240       Finalization
 0001:00000248       Classes
 0001:00000250       TFont.GetHandle
 0001:00000258       TCanvas.GetHandle
 0001:00000260       TBitmap.SetHandle
 0001:00000268       Finalization
 0001:00000270       Graphics
 0001:00000278       Finalization
 0001:000002A8       Imm
 0001:000002B0       Finalization
 0001:000002E0       Commctrl
 0001:000002E8       Finalization
 0001:00000318       WinSpool
 0001:00000320       Finalization
 0001:00000328       Printers
 0001:00000330       Finalization
 0001:00000338       Forms
 0001:00000340       Finalization
 0001:00000348       Menus
 0001:00000350       TControl.GetDragImages
 0001:00000358       TControl.SetDragMode
 0001:00000360       TControl.ReadState
 0001:00000368       TControl.Notification
 0001:00000370       TControl.SetAlign
 0001:00000378       TControl.SetBounds
 0001:00000380       TControl.SetWidth
 0001:00000388       TControl.SetHeight
 0001:00000390       TControl.GetClientRect
 0001:00000398       TControl.GetClientWidth
 0001:000003A0       TControl.GetClientHeight
 0001:000003A8       TControl.GetClientOrigin
 0001:000003B0       TControl.SetName
 0001:000003B8       TControl.SetParent
 0001:000003C0       TControl.SetVisible
 0001:000003C8       TControl.SetEnabled
 0001:000003D0       TControl.SetPopupMenu
 0001:000003D8       TControl.GetText
 0001:000003E0       TControl.SetText
 0001:000003E8       TControl.SetFont
 0001:000003F0       TControl.IsFontStored
 0001:000003F8       TControl.IsShowHintStored
 0001:00000400       TControl.SetParentFont
 0001:00000408       TControl.SetShowHint
 0001:00000410       TControl.SetParentShowHint
 0001:00000418       TControl.SetColor
 0001:00000420       TControl.IsColorStored
 0001:00000428       TControl.SetParentColor
 0001:00000430       TControl.GetMouseCapture
 0001:00000438       TControl.GetDeviceContext
 0001:00000440       TControl.Invalidate
 0001:00000448       TControl.Update
 0001:00000450       TControl.Repaint
 0001:00000458       TControl.WndProc
 0001:00000460       TControl.DefaultHandler
 0001:00000468       TControl.DefineProperties
 0001:00000470       TWinControl.Create
 0001:00000478       TWinControl.Destroy
 0001:00000480       TWinControl.ReadState
 0001:00000488       TWinControl.AlignControls
 0001:00000490       TWinControl.CreateParams
 0001:00000498       TWinControl.CreateWnd
 0001:000004A0       TWinControl.CreateWindowHandle
 0001:000004A8       TWinControl.DestroyWnd
 0001:000004B0       TWinControl.DestroyWindowHandle
 0001:000004B8       TWinControl.CreateHandle
 0001:000004C0       TWinControl.WndProc
 0001:000004C8       TWinControl.DefaultHandler
 0001:000004D0       TWinControl.PaintWindow
 0001:000004D8       TWinControl.WMSize
 0001:000004E0       TWinControl.KeyDown
 0001:000004E8       TWinControl.KeyPress
 0001:000004F0       TWinControl.CMExit
 0001:000004F8       TWinControl.SetBounds
 0001:00000500       TWinControl.ShowControl
 0001:00000508       TWinControl.GetDeviceContext
 0001:00000510       TWinControl.Invalidate
 0001:00000518       TWinControl.Update
 0001:00000520       TWinControl.Repaint
 0001:00000528       TWinControl.CanFocus
 0001:00000530       TWinControl.SetFocus
 0001:00000538       TWinControl.GetHandle
 0001:00000540       TWinControl.GetClientOrigin
 0001:00000548       TWinControl.GetClientRect
 0001:00000550       TWinControl.SetCtl3D
 0001:00000558       TWinControl.IsCtl3DStored
 0001:00000560       TWinControl.SetParentCtl3D
 0001:00000568       TWinControl.GetTabOrder
 0001:00000570       TWinControl.SetTabOrder
 0001:00000578       TWinControl.SetTabStop
 0001:00000580       Finalization
 0001:00000588       Controls
 0001:00000590       TCustomEdit.Create
 0001:00000598       TCustomEdit.DoSetMaxLength
 0001:000005A0       TCustomEdit.SetAutoSize
 0001:000005A8       TCustomEdit.SetMaxLength
 0001:000005B0       TCustomEdit.SetReadOnly
 0001:000005B8       TCustomEdit.GetSelStart
 0001:000005C0       TCustomEdit.SetSelStart
 0001:000005C8       TCustomEdit.GetSelLength
 0001:000005D0       TCustomEdit.SetSelLength
 0001:000005D8       TCustomEdit.Clear
 0001:000005E0       TCustomEdit.SelectAll
 0001:000005E8       TCustomEdit.GetSelTextBuf
 0001:000005F0       TCustomEdit.GetSelText
 0001:000005F8       TCustomEdit.CreateParams
 0001:00000600       TCustomEdit.CreateWnd
 0001:00000608       TCustomEdit.DestroyWnd
 0001:00000610       TCustomEdit.Change
 0001:00000618       TCustomEdit.DefaultHandler
 0001:00000620       TCustomEdit.CMEnter
 0001:00000628       Finalization
 0001:00000630       StdCtrls
 0001:00000638       Finalization
 0001:00000668       CommDlg
 0001:00000670       Finalization
 0001:000006A0       Dlgs
 0001:000006A8       TTimer.Create
 0001:000006B0       TTimer.SetEnabled
 0001:000006B8       TTimer.SetInterval
 0001:000006C0       TTimer.SetOnTimer
 0001:000006C8       Finalization
 0001:000006D0       ExtCtrls
 0001:000006D8       Finalization
 0001:000006E0       Dialogs
 0001:000006E8       TSpeedButton.Create
 0001:000006F0       TSpeedButton.Destroy
 0001:000006F8       TSpeedButton.Paint
 0001:00000700       TSpeedButton.Loaded
 0001:00000708       TSpeedButton.MouseDown
 0001:00000710       TSpeedButton.MouseUp
 0001:00000718       TSpeedButton.GetGlyph
 0001:00000720       TSpeedButton.SetGlyph
 0001:00000728       TSpeedButton.SetNumGlyphs
 0001:00000730       Finalization
 0001:00000738       Buttons
 0001:000008B0       @InitPkg
 0001:00000904       Finalization
 0001:00000934       SysInit
 0001:00001C60       Register
 0001:00001CBC       TmcmIntEdit.Create
 0001:00001D34       TmcmIntEdit.IsValidKey
 0001:00001D60       TmcmIntEdit.KeyPress
 0001:00001D90       TmcmIntEdit.GetValue
 0001:00001EA0       TmcmIntEdit.SetValue
 0001:00001EF8       TmcmIntEdit.CheckValue
 0001:00001F40       TmcmIntEdit.CMExit
 0001:00001F84       TmcmIntEdit.CMEnter
 0001:00001FAC       TmcmIntEdit.Change
 0001:000020A8       TmcmRealEdit.Create
 0001:00002144       TmcmRealEdit.IsValidKey
 0001:0000223C       TmcmRealEdit.KeyPress
 0001:0000226C       TmcmRealEdit.GetValue
 0001:000023D4       TmcmRealEdit.SetValue
 0001:00002520       TmcmRealEdit.CheckValue
 0001:00002600       TmcmRealEdit.SetDecimals
 0001:00002644       TmcmRealEdit.CMExit
 0001:0000269C       TmcmRealEdit.CMEnter
 0001:000026C4       TmcmRealEdit.Change
 0001:000027E8       TmcmTimeSpeedBtn.Destroy
 0001:0000281C       TmcmTimeSpeedBtn.MouseDown
 0001:00002894       TmcmTimeSpeedBtn.MouseUp
 0001:00002944       TmcmTimeSpeedBtn.Paint
 0001:000029AC       TmcmRealSpinBtn.Create
 0001:00002B18       TmcmRealSpinBtn.SetBounds
 0001:00002B5C       TmcmRealSpinBtn.WMSize
 0001:00002BBC       TmcmRealSpinBtn.WMSetFocus
 0001:00002BE8       TmcmRealSpinBtn.WMKillFocus
 0001:00002C14       TmcmRealSpinBtn.KeyDown
 0001:00002DC8       TmcmRealSpinBtn.WMGetDlgCode
 0001:00002DD0       TmcmRealSpinBtn.Loaded
 0001:00002E24       TmcmRealSpinBtn.GetUpGlyph
 0001:00002E30       TmcmRealSpinBtn.SetUpGlyph
 0001:00002E90       TmcmRealSpinBtn.GetDownGlyph
 0001:00002E9C       TmcmRealSpinBtn.SetDownGlyph
 0001:00002EFC       TmcmRealSpin.Create
 0001:00002FE4       TmcmRealSpin.Destroy
 0001:00003010       TmcmRealSpin.KeyDown
 0001:00003050       TmcmRealSpin.CreateParams
 0001:0000306C       TmcmRealSpin.CreateWnd
 0001:00003100       TmcmRealSpin.WMSize
 0001:000031E0       TmcmRealSpin.UpClick
 0001:00003214       TmcmRealSpin.DownClick
 0001:00003248       TmcmRealSpin.WMPaste
 0001:00003260       TmcmRealSpin.WMCut
 0001:00003278       Finalization
 0001:000032A8       umcmIntE
 0001:00003380       @GetPackageInfoTable
 0001:00003388       @PackageLoad
 0001:00003398       @PackageUnload
 0001:000033A8       mcmInte3
 0002:0000101C       ModuleIsLib
 0002:0000101D       ModuleIsPackage
 0002:00001020       TlsIndex
 0002:00001028       HInstance
 0002:04943CD0       DecimalSeparator

Program entry point at 0001:000033A8
