
 Start         Length     Name                   Class
 0001:00000000 00022DC4H .text                   CODE
 0002:00000000 00000444H .data                   DATA
 0002:00000444 00000079H .bss                    BSS


Detailed map of segments

 0001:00000000 000002C6 C=CODE     S=.text    G=(none)   M=System   ACBP=A9
 0001:000002C8 0000010C C=CODE     S=.text    G=(none)   M=Windows  ACBP=A9
 0001:000003D4 00000038 C=CODE     S=.text    G=(none)   M=Messages ACBP=A9
 0001:0000040C 0000000E C=CODE     S=.text    G=(none)   M=ActiveX  ACBP=A9
 0001:0000041C 000000AE C=CODE     S=.text    G=(none)   M=SysUtils ACBP=A9
 0001:000004CC 0000000E C=CODE     S=.text    G=(none)   M=TypInfo  ACBP=A9
 0001:000004DC 0000000E C=CODE     S=.text    G=(none)   M=Consts   ACBP=A9
 0001:000004EC 000000B6 C=CODE     S=.text    G=(none)   M=Classes  ACBP=A9
 0001:000005A4 00000066 C=CODE     S=.text    G=(none)   M=Graphics ACBP=A9
 0001:0000060C 00000038 C=CODE     S=.text    G=(none)   M=Imm      ACBP=A9
 0001:00000644 00000038 C=CODE     S=.text    G=(none)   M=Commctrl ACBP=A9
 0001:0000067C 00000038 C=CODE     S=.text    G=(none)   M=WinSpool ACBP=A9
 0001:000006B4 0000000E C=CODE     S=.text    G=(none)   M=Printers ACBP=A9
 0001:000006C4 000000C6 C=CODE     S=.text    G=(none)   M=Forms    ACBP=A9
 0001:0000078C 0000000E C=CODE     S=.text    G=(none)   M=Menus    ACBP=A9
 0001:0000079C 000001F6 C=CODE     S=.text    G=(none)   M=Controls ACBP=A9
 0001:00000994 0000008E C=CODE     S=.text    G=(none)   M=StdCtrls ACBP=A9
 0001:00000A24 00000038 C=CODE     S=.text    G=(none)   M=CommDlg  ACBP=A9
 0001:00000A5C 00000038 C=CODE     S=.text    G=(none)   M=Dlgs     ACBP=A9
 0001:00000A94 0000000E C=CODE     S=.text    G=(none)   M=ExtCtrls ACBP=A9
 0001:00000AA4 0000002E C=CODE     S=.text    G=(none)   M=Dialogs  ACBP=A9
 0001:00000AD4 00000016 C=CODE     S=.text    G=(none)   M=Buttons  ACBP=A9
 0001:00000AEC 00000016 C=CODE     S=.text    G=(none)   M=FileCtrl ACBP=A9
 0001:00000B04 00000086 C=CODE     S=.text    G=(none)   M=Registry ACBP=A9
 0001:00000B8C 000000B6 C=CODE     S=.text    G=(none)   M=DsgnIntf ACBP=A9
 0001:00000C44 00000040 C=CODE     S=.text    G=(none)   M=ShellAPI ACBP=A9
 0001:00000C84 0000000E C=CODE     S=.text    G=(none)   M=Mapi     ACBP=A9
 0001:00000C94 0000000E C=CODE     S=.text    G=(none)   M=ToolWin  ACBP=A9
 0001:00000CA4 00000038 C=CODE     S=.text    G=(none)   M=RichEdit ACBP=A9
 0001:00000CDC 0000000E C=CODE     S=.text    G=(none)   M=ComStrs  ACBP=A9
 0001:00000CEC 0000002E C=CODE     S=.text    G=(none)   M=ComCtrls ACBP=A9
 0001:00000D1C 00000026 C=CODE     S=.text    G=(none)   M=umcmIntE ACBP=A9
 0001:00000D44 0000000E C=CODE     S=.text    G=(none)   M=Clipbrd  ACBP=A9
 0001:00000D54 0000000E C=CODE     S=.text    G=(none)   M=Mask     ACBP=A9
 0001:00000D64 00000036 C=CODE     S=.text    G=(none)   M=Grids    ACBP=A9
 0001:00000D9C 00000026 C=CODE     S=.text    G=(none)   M=IniFiles ACBP=A9
 0001:00000DC4 000001FC C=CODE     S=.text    G=(none)   M=SysInit  ACBP=A9
 0001:00000FC0 00000620 C=CODE     S=.text    G=(none)   M=twain    ACBP=A9
 0001:000015E0 00000038 C=CODE     S=.text    G=(none)   M=twainproc ACBP=A9
 0001:00001618 000014F8 C=CODE     S=.text    G=(none)   M=mcmTWAINKernel ACBP=A9
 0001:00002B10 00000144 C=CODE     S=.text    G=(none)   M=mcmTWAINFix ACBP=A9
 0001:00002C54 00002898 C=CODE     S=.text    G=(none)   M=mcmTWAINContainer ACBP=A9
 0001:000054EC 00003B5C C=CODE     S=.text    G=(none)   M=mcmTWAINIntf ACBP=A9
 0001:00009048 00003C6C C=CODE     S=.text    G=(none)   M=mcmTWAIN ACBP=A9
 0001:0000CCB4 00001190 C=CODE     S=.text    G=(none)   M=uTwnAbout3 ACBP=A9
 0001:0000DE44 00000608 C=CODE     S=.text    G=(none)   M=InstmcmTwn ACBP=A9
 0001:0000E44C 000043AC C=CODE     S=.text    G=(none)   M=mcmTWAINLog ACBP=A9
 0001:000127F8 00004970 C=CODE     S=.text    G=(none)   M=uTwnDlgPref ACBP=A9
 0001:00017168 000052D4 C=CODE     S=.text    G=(none)   M=uTwnDlgSend ACBP=A9
 0001:0001C43C 000001C5 C=CODE     S=.text    G=(none)   M=mcmTWN3  ACBP=A9
 0002:00000000 00000020 C=DATA     S=.data    G=DGROUP   M=SysInit  ACBP=A9
 0002:00000020 00000040 C=DATA     S=.data    G=DGROUP   M=twain    ACBP=A9
 0002:00000060 000001DE C=DATA     S=.data    G=DGROUP   M=mcmTWAIN ACBP=A9
 0002:00001000 00000004 C=BSS      S=.bss     G=DGROUP   M=Windows  ACBP=A9
 0002:00001004 00000004 C=BSS      S=.bss     G=DGROUP   M=Messages ACBP=A9
 0002:00001008 00000004 C=BSS      S=.bss     G=DGROUP   M=Imm      ACBP=A9
 0002:0000100C 00000004 C=BSS      S=.bss     G=DGROUP   M=Commctrl ACBP=A9
 0002:00001010 00000004 C=BSS      S=.bss     G=DGROUP   M=WinSpool ACBP=A9
 0002:00001014 00000004 C=BSS      S=.bss     G=DGROUP   M=CommDlg  ACBP=A9
 0002:00001018 00000004 C=BSS      S=.bss     G=DGROUP   M=Dlgs     ACBP=A9
 0002:0000101C 00000004 C=BSS      S=.bss     G=DGROUP   M=ShellAPI ACBP=A9
 0002:00001020 00000004 C=BSS      S=.bss     G=DGROUP   M=RichEdit ACBP=A9
 0002:00001024 00000018 C=BSS      S=.bss     G=DGROUP   M=SysInit  ACBP=A9
 0002:0000103C 00000004 C=BSS      S=.bss     G=DGROUP   M=twain    ACBP=A9
 0002:00001040 00000004 C=BSS      S=.bss     G=DGROUP   M=twainproc ACBP=A9
 0002:00001044 00000004 C=BSS      S=.bss     G=DGROUP   M=mcmTWAINKernel ACBP=A9
 0002:00001048 00000004 C=BSS      S=.bss     G=DGROUP   M=mcmTWAINFix ACBP=A9
 0002:0000104C 00000004 C=BSS      S=.bss     G=DGROUP   M=mcmTWAINContainer ACBP=A9
 0002:00001050 00000004 C=BSS      S=.bss     G=DGROUP   M=mcmTWAINIntf ACBP=A9
 0002:00001054 00000004 C=BSS      S=.bss     G=DGROUP   M=mcmTWAIN ACBP=A9
 0002:00001058 00000008 C=BSS      S=.bss     G=DGROUP   M=uTwnAbout3 ACBP=A9
 0002:00001060 00000004 C=BSS      S=.bss     G=DGROUP   M=InstmcmTwn ACBP=A9
 0002:00001064 00000004 C=BSS      S=.bss     G=DGROUP   M=mcmTWAINLog ACBP=A9
 0002:00001068 00000008 C=BSS      S=.bss     G=DGROUP   M=uTwnDlgPref ACBP=A9
 0002:00001070 00000008 C=BSS      S=.bss     G=DGROUP   M=uTwnDlgSend ACBP=A9


  Address         Publics by Name

 0001:00000040       @AbstractError
 0001:00000278       @Append
 0001:00000098       @AsClass
 0001:00000240       @Assign
 0001:00000248       @BlockRead
 0001:000000A0       @CallDynaInst
 0001:000000B8       @ClassCreate
 0001:000000C0       @ClassDestroy
 0001:00000250       @Close
 0001:000000E8       @DoneExcept
 0001:00000258       @Erase
 0001:000002B0       @Ext2Real
 0001:00000048       @FillChar
 0001:00000198       @FinalizeArray
 0001:00000008       @FreeMem
 0001:00000268       @FSafeDivide
 0001:00000260       @FSafeDivideR
 0001:00000000       @GetMem
 0001:0001C5D4       @GetPackageInfoTable
 0001:000000C8       @HandleAnyException
 0001:000000D8       @HandleFinally
 0001:000000D0       @HandleOnException
 0001:00000F34       @InitPkg
 0001:00000090       @IsClass
 0001:00000168       @LStrAddRef
 0001:00000110       @LStrArrayClr
 0001:00000118       @LStrAsg
 0001:00000148       @LStrCat
 0001:00000150       @LStrCat3
 0001:00000158       @LStrCatN
 0001:00000108       @LStrClr
 0001:00000160       @LStrCmp
 0001:00000180       @LStrCopy
 0001:00000138       @LStrFromArray
 0001:00000128       @LStrFromPChar
 0001:00000130       @LStrFromString
 0001:00000120       @LStrLAsg
 0001:00000140       @LStrLen
 0001:00000188       @LStrPos
 0001:00000170       @LStrToPChar
 0001:000000F0       @PackageLoad
 0001:0001C5DC       @PackageLoad
 0001:000000F8       @PackageUnload
 0001:0001C5EC       @PackageUnload
 0001:000000E0       @RaiseExcept
 0001:000002A8       @Real2Ext
 0001:00000010       @ReallocMem
 0001:00000280       @ResetFile
 0001:00000288       @RewritFile
 0001:00000270       @RewritText
 0001:00000030       @ROUND
 0001:00000100       @RunError
 0001:00000290       @Seek
 0001:00000060       @SetElem
 0001:00000050       @Str0Long
 0001:000002A0       @Str2Ext
 0001:00000038       @TRUNC
 0001:000001E8       @VarAdd
 0001:00000218       @VarAddRef
 0001:00000210       @VarClr
 0001:00000208       @VarCmp
 0001:000001A0       @VarCopy
 0001:000001D0       @VarFromBool
 0001:000001C8       @VarFromInt
 0001:000001E0       @VarFromLStr
 0001:000001D8       @VarFromReal
 0001:000001F8       @VarMul
 0001:00000200       @VarRDiv
 0001:000001F0       @VarSub
 0001:000001B0       @VarToBool
 0001:000001A8       @VarToInt
 0001:000001C0       @VarToLStr
 0001:000001B8       @VarToReal
 0001:00000190       @Write0LString
 0001:00000298       @WriteLn
 0001:00000018       @_IOTest
 0001:00000058       @_PasToCStr
 0001:00000414       ActiveX
 0002:04ACA5E8       Application
 0001:00000AE4       Buttons
 0001:0000059C       Classes
 0001:00000D4C       Clipbrd
 0002:00000060       CmcmCountry
 0001:00000D14       ComCtrls
 0001:00000674       Commctrl
 0001:00000A54       CommDlg
 0001:0000042C       CompareStr
 0001:00000CE4       ComStrs
 0001:000004E4       Consts
 0001:0000098C       Controls
 0001:00000388       CopyMemory
 0001:00000350       CreateDIBSection
 0002:00000020       CR_LF
 0002:04926CD0       DecimalSeparator
 0001:00000454       DeleteFile
 0001:00000358       DeleteObject
 0001:00000ACC       Dialogs
 0001:00000AEC       DirectoryExists
 0001:00000A8C       Dlgs
 0002:00001068       DlgTwainPref
 0002:00001070       DlgTwnSend
 0001:00000C3C       DsgnIntf
 0001:000004AC       Exception.Create
 0001:00000A9C       ExtCtrls
 0001:00000464       ExtractFileExt
 0001:00000AFC       FileCtrl
 0001:0000044C       FileExists
 0002:04BCAAE4       FileMode
 0001:00000390       FillMemory
 0001:00000C94       Finalization
 0001:00000CA4       Finalization
 0001:00000CDC       Finalization
 0001:00009010       Finalization
 0001:0001C404       Finalization
 0001:000054B4       Finalization
 0001:00000D54       Finalization
 0001:00000D8C       Finalization
 0001:00000D44       Finalization
 0001:00000594       Finalization
 0001:00002C1C       Finalization
 0001:000004BC       Finalization
 0001:000004CC       Finalization
 0001:00000DB4       Finalization
 0001:000004DC       Finalization
 0001:00000D0C       Finalization
 0001:00002AD8       Finalization
 0001:000015E0       Finalization
 0001:000015A8       Finalization
 0001:00000F88       Finalization
 0001:0000078C       Finalization
 0001:00000D34       Finalization
 0001:00000C84       Finalization
 0001:00000C4C       Finalization
 0001:0000040C       Finalization
 0001:0000CC7C       Finalization
 0001:000003D4       Finalization
 0001:0000039C       Finalization
 0001:00000C34       Finalization
 0001:00000B7C       Finalization
 0001:000005FC       Finalization
 0001:0000060C       Finalization
 0001:00000644       Finalization
 0001:0000077C       Finalization
 0001:0000067C       Finalization
 0001:00000AF4       Finalization
 0001:000006B4       Finalization
 0001:00017130       Finalization
 0001:00000ADC       Finalization
 0001:00000AC4       Finalization
 0001:00000A94       Finalization
 0001:00000A5C       Finalization
 0001:0000DE0C       Finalization
 0001:000002B8       Finalization
 0001:00000984       Finalization
 0001:000127C0       Finalization
 0001:00000A14       Finalization
 0001:0000E414       Finalization
 0001:00000A24       Finalization
 0001:00002B5C       FIX32ToFloat
 0001:00002B10       FloatToFIX32
 0001:0000048C       FloatToStr
 0001:00000494       FloatToStrF
 0001:00000484       FmtStr
 0001:00000784       Forms
 0001:000002C8       FreeLibrary
 0001:00000360       GetDC
 0001:000006C4       GetParentForm
 0001:000002D0       GetPrivateProfileInt
 0001:000002D8       GetPrivateProfileSection
 0001:000002E0       GetPrivateProfileString
 0001:000002E8       GetProcAddress
 0001:000002F0       GetTempFileName
 0001:000002F8       GetTempPath
 0001:00000300       GetWindowsDirectory
 0001:00000308       GlobalAlloc
 0001:00000310       GlobalFree
 0001:00000318       GlobalLock
 0001:00000320       GlobalUnlock
 0001:00000604       Graphics
 0001:00000D94       Grids
 0002:00001030       HInstance
 0001:0000063C       Imm
 0001:00000DBC       IniFiles
 0001:0000E444       InstmcmTwn
 0001:0000043C       IntToHex
 0001:00000434       IntToStr
 0001:00000020       IOResult
 0001:00000368       IsCharAlpha
 0001:000004B4       IsPathDelimiter
 0001:0000045C       LastDelimiter
 0001:00000370       LoadBitmap
 0001:00000378       LoadIcon
 0001:00000328       LoadLibrary
 0001:00000330       LoadLibraryEx
 0001:00000220       LoadResourceModule
 0001:00000238       LoadResString
 0001:00000424       LowerCase
 0001:00000338       lstrcat
 0001:00000340       lstrcpy
 0001:00000348       lstrlen
 0001:00000C8C       Mapi
 0002:03843424       MAPIDLL
 0001:00000D5C       Mask
 0002:00001058       mcmAboutBox
 0001:0000CCAC       mcmTWAIN
 0001:000054E4       mcmTWAINContainer
 0001:00002C4C       mcmTWAINFix
 0001:00009040       mcmTWAINIntf
 0001:00002B08       mcmTWAINKernel
 0001:000127F0       mcmTWAINLog
 0001:0001C5FC       mcmTWN3
 0001:00000794       Menus
 0001:00000404       Messages
 0002:00001024       ModuleIsLib
 0002:00001025       ModuleIsPackage
 0001:00000028       Move
 0001:000004A4       OutOfMemoryError
 0001:000004EC       Point
 0001:000006BC       Printers
 0001:0000DFB0       Register
 0001:00000C14       RegisterComponentEditor
 0001:000004F4       RegisterComponents
 0001:00000228       RegisterModule
 0001:000004FC       RegisterNoIcon
 0001:00000C0C       RegisterPropertyEditor
 0001:00000B84       Registry
 0001:00000380       ReleaseDC
 0001:00000CD4       RichEdit
 0002:04ACA5B8       Screen
 0001:00000C7C       ShellAPI
 0001:00000C44       ShellExecute
 0001:00000ABC       ShowMessage
 0001:00000A1C       StdCtrls
 0001:0000046C       StrLen
 0001:0000047C       StrPas
 0001:00000474       StrPCopy
 0001:0000049C       StrToFloat
 0001:00000444       StrToInt
 0001:00000FB8       SysInit
 0001:000002C0       System
 0001:000004C4       SysUtils
 0001:00000774       TApplication.ProcessMessages
 0001:000005E4       TBitmap.Create
 0001:000005EC       TBitmap.SetHandle
 0001:000005F4       TBitmap.SetTransparentMode
 0001:000005CC       TCanvas.Draw
 0001:000005D4       TCanvas.LineTo
 0001:000005DC       TCanvas.MoveTo
 0001:00000544       TComponent.Create
 0001:0000055C       TComponent.DefineProperties
 0001:0000054C       TComponent.Destroy
 0001:00000564       TComponent.Loaded
 0001:00000554       TComponent.Notification
 0001:0000056C       TComponent.ReadState
 0001:0000058C       TComponent.SafeCallException
 0001:00000584       TComponent.SetName
 0001:0000057C       TComponent.ValidateRename
 0001:00000574       TComponent.WriteState
 0001:00000C2C       TComponentEditor.Copy
 0001:00000C1C       TComponentEditor.Create
 0001:00000C24       TComponentEditor.Edit
 0001:000008A4       TControl.Click
 0001:00000894       TControl.DefaultHandler
 0001:0000089C       TControl.DefineProperties
 0001:000007F4       TControl.GetClientOrigin
 0001:000007EC       TControl.GetClientRect
 0001:0000086C       TControl.GetDeviceContext
 0001:0000079C       TControl.GetDragImages
 0001:00000824       TControl.GetText
 0001:00000874       TControl.Invalidate
 0001:0000085C       TControl.IsColorStored
 0001:0000083C       TControl.IsShowHintStored
 0001:000007B4       TControl.Notification
 0001:000007AC       TControl.ReadState
 0001:00000884       TControl.Repaint
 0001:000007BC       TControl.SetAlign
 0001:000007C4       TControl.SetBounds
 0001:00000854       TControl.SetColor
 0001:00000864       TControl.SetCursor
 0001:000007A4       TControl.SetDragMode
 0001:00000814       TControl.SetEnabled
 0001:00000834       TControl.SetFont
 0001:000007E4       TControl.SetHeight
 0001:000007CC       TControl.SetLeft
 0001:000007FC       TControl.SetName
 0001:00000804       TControl.SetParent
 0001:0000084C       TControl.SetParentShowHint
 0001:0000081C       TControl.SetPopupMenu
 0001:00000844       TControl.SetShowHint
 0001:0000082C       TControl.SetText
 0001:000007D4       TControl.SetTop
 0001:0000080C       TControl.SetVisible
 0001:000007DC       TControl.SetWidth
 0001:0000087C       TControl.Update
 0001:0000088C       TControl.WndProc
 0001:00000A04       TCustomCheckBox.GetChecked
 0001:00000A0C       TCustomCheckBox.SetChecked
 0001:000009EC       TCustomComboBox.Clear
 0001:000009F4       TCustomComboBox.GetItemIndex
 0001:000009FC       TCustomComboBox.SetItemIndex
 0001:00000964       TCustomControl.Create
 0001:0000096C       TCustomControl.Destroy
 0001:0000097C       TCustomControl.Paint
 0001:00000974       TCustomControl.PaintWindow
 0001:00000724       TCustomForm.AlignControls
 0001:000006CC       TCustomForm.Create
 0001:0000072C       TCustomForm.CreateParams
 0001:0000073C       TCustomForm.CreateWindowHandle
 0001:00000734       TCustomForm.CreateWnd
 0001:0000074C       TCustomForm.DefaultHandler
 0001:000006F4       TCustomForm.DefineProperties
 0001:000006D4       TCustomForm.Destroy
 0001:00000744       TCustomForm.DestroyWindowHandle
 0001:000006FC       TCustomForm.GetClientRect
 0001:000006DC       TCustomForm.Loaded
 0001:000006E4       TCustomForm.Notification
 0001:00000754       TCustomForm.PaintWindow
 0001:000006EC       TCustomForm.ReadState
 0001:0000075C       TCustomForm.SetFocus
 0001:0000070C       TCustomForm.SetParent
 0001:00000764       TCustomForm.ShowModal
 0001:00000714       TCustomForm.ValidateRename
 0001:00000704       TCustomForm.WantChildKey
 0001:0000071C       TCustomForm.WndProc
 0001:00000D64       TCustomGrid.SetColCount
 0001:00000D6C       TCustomGrid.SetColWidths
 0001:00000D74       TCustomGrid.SetRowCount
 0001:00000994       TCustomLabel.Create
 0001:0000099C       TCustomLabel.GetLabelText
 0001:000009C4       TCustomLabel.GetTransparent
 0001:000009AC       TCustomLabel.Loaded
 0001:000009E4       TCustomLabel.Notification
 0001:000009A4       TCustomLabel.Paint
 0001:000009B4       TCustomLabel.SetAlignment
 0001:000009BC       TCustomLabel.SetAutoSize
 0001:000009CC       TCustomLabel.SetShowAccelChar
 0001:000009D4       TCustomLabel.SetTransparent
 0001:000009DC       TCustomLabel.SetWordWrap
 0001:00014768       TDlgTwainPref.btnAddClick
 0001:00014314       TDlgTwainPref.btnApplyClick
 0001:00014338       TDlgTwainPref.btnCloseClick
 0001:00014834       TDlgTwainPref.btnDeleteClick
 0001:00014C28       TDlgTwainPref.btnPathSelectClick
 0001:00014240       TDlgTwainPref.btnScanClick
 0001:00015678       TDlgTwainPref.cbAspectClick
 0001:000149B0       TDlgTwainPref.cbDisableAfterClick
 0001:000145C0       TDlgTwainPref.cbDriverSettingClick
 0001:00014EB8       TDlgTwainPref.cbFileFormatChange
 0001:000154A4       TDlgTwainPref.cbHorizChange
 0001:000149D4       TDlgTwainPref.cbIndicatorsClick
 0001:0001463C       TDlgTwainPref.cbPredefNameChange
 0001:00015738       TDlgTwainPref.cbRotationChange
 0001:000143B4       TDlgTwainPref.cbSourceChange
 0001:00014548       TDlgTwainPref.cbSourceDropDown
 0001:00014920       TDlgTwainPref.cbTransferChange
 0001:00015134       TDlgTwainPref.cbUnitChange
 0001:000155C8       TDlgTwainPref.cbVertChange
 0001:00014B58       TDlgTwainPref.eFileNameChange
 0001:00013178       TDlgTwainPref.FormActivate
 0001:00013010       TDlgTwainPref.FormCreate
 0001:0001316C       TDlgTwainPref.FormDestroy
 0001:00014384       TDlgTwainPref.PageControlChange
 0001:00015444       TDlgTwainPref.rsHorizChange
 0001:00015494       TDlgTwainPref.rsVertChange
 0001:000156EC       TDlgTwainPref.sbDegreeClick
 0001:00015728       TDlgTwainPref.seRotationChange
 0001:00016038       TDlgTwainPref.TWAINNegotiation
 0001:000157E8       TDlgTwainPref.TWAINResolution
 0001:00016DD4       TDlgTwainPref.TWAINUserValues
 0001:000177F0       TDlgTwnSend.btnSendClick
 0001:00017878       TDlgTwnSend.btnStatusClick
 0001:00017D54       TDlgTwnSend.cbCAPChange
 0001:00017E08       TDlgTwnSend.cbCONChange
 0001:00017B80       TDlgTwnSend.cbDATChange
 0001:00017950       TDlgTwnSend.cbDestChange
 0001:00017A64       TDlgTwnSend.cbDGChange
 0001:00017CD0       TDlgTwnSend.cbMSGChange
 0001:000177C4       TDlgTwnSend.FormClose
 0001:00017500       TDlgTwnSend.FormCreate
 0001:0001C198       TDlgTwnSend.rsNumItemsChange
 0001:00000BD4       TEnumProperty.GetValue
 0001:00000BDC       TEnumProperty.GetValues
 0001:00000BE4       TEnumProperty.SetValue
 0001:000005A4       TFont.Create
 0001:000005B4       TFont.GetStyle
 0001:000005AC       TFont.SetColor
 0001:000005BC       TFont.SetStyle
 0001:0000095C       TGraphicControl.Destroy
 0001:00000D9C       TIniFile.Create
 0001:00000DA4       TIniFile.ReadInteger
 0001:00000DAC       TIniFile.ReadSection
 0001:00000504       TList.Add
 0001:0000050C       TList.Clear
 0001:00000514       TList.Delete
 0001:0000051C       TList.Get
 0001:00000524       TList.Put
 0002:00001028       TlsIndex
 0002:FFBDC000       TlsLast
 0001:0000D32C       TmcmAboutBox.FormCreate
 0001:0000D330       TmcmAboutBox.FormDestroy
 0001:0000D334       TmcmAboutBox.FormShow
 0001:0000D320       TmcmAboutBox.OKButtonClick
 0001:00000D1C       TmcmRealEdit.GetValue
 0001:00000D2C       TmcmRealEdit.SetDecimals
 0001:00000D24       TmcmRealEdit.SetValue
 0001:0000A7B8       TmcmTWAIN.About
 0001:0000B14C       TmcmTWAIN.Acquire
 0001:0000C64C       TmcmTWAIN.AutoFeed
 0001:0000C78C       TmcmTWAIN.AutoScan
 0001:0000A7B0       TmcmTWAIN.Clear
 0001:0000C8FC       TmcmTWAIN.ClearPage
 0001:0000AEE0       TmcmTWAIN.CloseSource
 0001:0000ADBC       TmcmTWAIN.CloseSourceMgr
 0001:0000A668       TmcmTWAIN.Create
 0001:0000A748       TmcmTWAIN.Destroy
 0001:0000B014       TmcmTWAIN.DisableSource
 0001:0000C9B0       TmcmTWAIN.Duplex
 0001:0000AF20       TmcmTWAIN.EnableSource
 0001:0000C4D4       TmcmTWAIN.FeederEnabled
 0001:0000C7C4       TmcmTWAIN.FeederLoaded
 0001:0000C884       TmcmTWAIN.FeedPage
 0001:0000B3FC       TmcmTWAIN.GetBitDepth
 0001:0000B52C       TmcmTWAIN.GetBitOrder
 0001:0000BDA8       TmcmTWAIN.GetBrightness
 0001:0000B1F0       TmcmTWAIN.GetCapabilityMsg
 0001:0000BEF4       TmcmTWAIN.GetContrast
 0001:0000A964       TmcmTWAIN.GetCountry
 0001:0000A7BC       TmcmTWAIN.GetDisEndAcq
 0001:0000CA28       TmcmTWAIN.GetDuplexEnabled
 0001:0000A98C       TmcmTWAIN.GetFileFormat
 0001:0000AA58       TmcmTWAIN.GetFileFormats
 0001:0000AAA8       TmcmTWAIN.GetFilename
 0001:0000B78C       TmcmTWAIN.GetFrames
 0001:0000B218       TmcmTWAIN.GetImageInfo
 0001:0000B2E0       TmcmTWAIN.GetImageLayout
 0001:0000CB58       TmcmTWAIN.GetImagePalette
 0001:0000A938       TmcmTWAIN.GetLanguage
 0001:0000A824       TmcmTWAIN.GetManufacturer
 0001:0000B65C       TmcmTWAIN.GetMaxFrames
 0001:0000B918       TmcmTWAIN.GetMinimumHeight
 0001:0000B9A0       TmcmTWAIN.GetMinimumWidth
 0001:0000B7E8       TmcmTWAIN.GetOrientation
 0001:0000BA28       TmcmTWAIN.GetPhysicalHeight
 0001:0000BAB8       TmcmTWAIN.GetPhysicalWidth
 0001:0000BB48       TmcmTWAIN.GetPixelType
 0001:0000BC78       TmcmTWAIN.GetPlanarChunky
 0001:0000A894       TmcmTWAIN.GetProductFamily
 0001:0000A904       TmcmTWAIN.GetProductName
 0001:0000ABB4       TmcmTWAIN.GetReturnHandle
 0001:0000C040       TmcmTWAIN.GetRotation
 0001:0000CC04       TmcmTWAIN.GetSourceInfo
 0001:0000B064       TmcmTWAIN.GetSourceList
 0001:0000C18C       TmcmTWAIN.GetXResolution
 0001:0000C2D8       TmcmTWAIN.GetYResolution
 0001:0000B1E0       TmcmTWAIN.IsCapSupported
 0001:0000B1E8       TmcmTWAIN.IsExCapSupported
 0001:0000C424       TmcmTWAIN.NumImagesToScan
 0001:0000ADE4       TmcmTWAIN.OpenSource
 0001:0000AD98       TmcmTWAIN.OpenSourceMgr
 0001:0000ABD4       TmcmTWAIN.Paint
 0001:0000C938       TmcmTWAIN.PaperDetectable
 0001:0000C8C0       TmcmTWAIN.RewindPage
 0001:0000B02C       TmcmTWAIN.SelectSource
 0001:0000B474       TmcmTWAIN.SetBitDepth
 0001:0000B5A4       TmcmTWAIN.SetBitOrder
 0001:0000BE38       TmcmTWAIN.SetBrightness
 0001:0000B204       TmcmTWAIN.SetCapabilityMsg
 0001:0000BF84       TmcmTWAIN.SetContrast
 0001:0000A94C       TmcmTWAIN.SetCountry
 0001:0000A7C4       TmcmTWAIN.SetDisEndAcq
 0001:0000CAA0       TmcmTWAIN.SetDuplexEnabled
 0001:0000A994       TmcmTWAIN.SetFileFormat
 0001:0000AA64       TmcmTWAIN.SetFileFormats
 0001:0000AAC0       TmcmTWAIN.SetFilename
 0001:0000B7B8       TmcmTWAIN.SetFrames
 0001:0000B358       TmcmTWAIN.SetImageLayout
 0001:0000CBE0       TmcmTWAIN.SetImagePalette
 0001:0000A91C       TmcmTWAIN.SetLanguage
 0001:0000A7CC       TmcmTWAIN.SetManufacturer
 0001:0000B6D4       TmcmTWAIN.SetMaxFrames
 0001:0000B860       TmcmTWAIN.SetOrientation
 0001:0000BBC0       TmcmTWAIN.SetPixelType
 0001:0000BCF0       TmcmTWAIN.SetPlanarChunky
 0001:0000A83C       TmcmTWAIN.SetProductFamily
 0001:0000A8AC       TmcmTWAIN.SetProductName
 0001:0000ABBC       TmcmTWAIN.SetReturnHandle
 0001:0000C0D0       TmcmTWAIN.SetRotation
 0001:0000C21C       TmcmTWAIN.SetXResolution
 0001:0000C368       TmcmTWAIN.SetYResolution
 0001:0000AD18       TmcmTWAIN.WMGetMaxMinInfo
 0001:0000ACF8       TmcmTWAIN.WMSize
 0001:000070C0       TmcmTWAINIntf.AbortXfer
 0001:000056C8       TmcmTWAINIntf.Clear
 0001:000080D4       TmcmTWAINIntf.ConvertRaw2Sec
 0001:00005604       TmcmTWAINIntf.Create
 0001:000056F4       TmcmTWAINIntf.CreateContainer
 0001:00005698       TmcmTWAINIntf.Destroy
 0001:0000748C       TmcmTWAINIntf.DoFileTransfer
 0001:000076E8       TmcmTWAINIntf.DoMemTransfer
 0001:0000728C       TmcmTWAINIntf.DoNativeTransfer
 0001:00008E14       TmcmTWAINIntf.DoOnDeviceEvent
 0001:0000716C       TmcmTWAINIntf.DoOnMemXferBuf
 0001:000071A4       TmcmTWAINIntf.DoOnMemXferSize
 0001:00007200       TmcmTWAINIntf.DoOnXferNext
 0001:00008004       TmcmTWAINIntf.FillDibInfoPal
 0001:0000868C       TmcmTWAINIntf.FlipBitmap
 0001:0000605C       TmcmTWAINIntf.GetCapabilityMsg
 0001:00005940       TmcmTWAINIntf.GetCapConSize
 0001:00005A4C       TmcmTWAINIntf.GetCapMsg
 0001:000088E4       TmcmTWAINIntf.GetCIEColor
 0001:0000578C       TmcmTWAINIntf.GetContainers
 0001:000064BC       TmcmTWAINIntf.GetDefaultSource
 0001:00008D10       TmcmTWAINIntf.GetDeviceEvents
 0001:000063C4       TmcmTWAINIntf.GetFirstSource
 0001:0000579C       TmcmTWAINIntf.GetHandleType
 0001:00006654       TmcmTWAINIntf.GetImageFileFmt
 0001:00006440       TmcmTWAINIntf.GetNextSource
 0001:00005794       TmcmTWAINIntf.GetNumCap
 0001:00008AA0       TmcmTWAINIntf.GetPixelFlavor
 0001:0000661C       TmcmTWAINIntf.GetShowIndicators
 0001:00006644       TmcmTWAINIntf.GetShowUI
 0001:000061E8       TmcmTWAINIntf.GetSupportedCaps
 0001:00006228       TmcmTWAINIntf.GetSupportedExCaps
 0001:00007FF4       TmcmTWAINIntf.GetSwapMemRGB
 0001:00008BD8       TmcmTWAINIntf.GetUnits
 0001:000057C0       TmcmTWAINIntf.GetXferMech
 0001:00008A4C       TmcmTWAINIntf.GrayResponse
 0001:00006FC4       TmcmTWAINIntf.ImageFileXfer
 0001:000088AC       TmcmTWAINIntf.ImageInfoA
 0001:000088C8       TmcmTWAINIntf.ImageLayoutA
 0001:00006EB0       TmcmTWAINIntf.ImageMemXfer
 0001:00006E94       TmcmTWAINIntf.ImageNativeXfer
 0001:00006268       TmcmTWAINIntf.IsCapSupported
 0001:00006318       TmcmTWAINIntf.IsExCapSupported
 0001:00008A84       TmcmTWAINIntf.JPEGCompression
 0001:000082D8       TmcmTWAINIntf.LoadDibRaw
 0001:00008440       TmcmTWAINIntf.LoadDibSec
 0001:00008900       TmcmTWAINIntf.Palette8
 0001:00007054       TmcmTWAINIntf.PendingXfers
 0001:00008A68       TmcmTWAINIntf.RGBResponse
 0001:000057E8       TmcmTWAINIntf.SendBoolCap
 0001:0000589C       TmcmTWAINIntf.SendCapabilityMsg
 0001:00006188       TmcmTWAINIntf.SetCapabilityMsg
 0001:00005DE0       TmcmTWAINIntf.SetCapMsg
 0001:00006538       TmcmTWAINIntf.SetDefaultSource
 0001:00008D1C       TmcmTWAINIntf.SetDeviceEvents
 0001:000057A4       TmcmTWAINIntf.SetHandleType
 0001:000066CC       TmcmTWAINIntf.SetImageFileFmt
 0001:0000662C       TmcmTWAINIntf.SetIndicators
 0001:00008B20       TmcmTWAINIntf.SetPixelFlavor
 0001:00006624       TmcmTWAINIntf.SetShowIndicators
 0001:0000664C       TmcmTWAINIntf.SetShowUI
 0001:00007FFC       TmcmTWAINIntf.SetSwapMemRGB
 0001:00008C58       TmcmTWAINIntf.SetUnits
 0001:00006CE4       TmcmTWAINIntf.SetupFileXfer
 0001:00006AB8       TmcmTWAINIntf.SetupFileXferA
 0001:00006B9C       TmcmTWAINIntf.SetupFileXferB
 0001:00006A90       TmcmTWAINIntf.SetupMemXfer
 0001:0000677C       TmcmTWAINIntf.SetupXferMech
 0001:000057C8       TmcmTWAINIntf.SetXferMech
 0001:000070C8       TmcmTWAINIntf.TransferImage
 0001:00008894       TmcmTWAINIntf.UserInterface
 0001:00007010       TmcmTWAINIntf.XferGroup
 0001:000022B4       TmcmTWAINKernel.CloseConnection
 0001:00002118       TmcmTWAINKernel.CloseDS
 0001:00001FE8       TmcmTWAINKernel.CloseDSM
 0001:00001734       TmcmTWAINKernel.Create
 0001:0000259C       TmcmTWAINKernel.CreateDIB
 0001:00002920       TmcmTWAINKernel.CreateFileName
 0001:0000196C       TmcmTWAINKernel.Destroy
 0001:00002240       TmcmTWAINKernel.DisableDS
 0001:00001998       TmcmTWAINKernel.DSMEntry
 0001:000021B0       TmcmTWAINKernel.EnableDS
 0001:00001DBC       TmcmTWAINKernel.EndAppMessage
 0001:0000281C       TmcmTWAINKernel.FileFormat2Ext
 0001:00002698       TmcmTWAINKernel.FileName2Format
 0001:00002528       TmcmTWAINKernel.GetDSIcon
 0001:00002378       TmcmTWAINKernel.GetDSPath
 0001:00001BD8       TmcmTWAINKernel.GetDSResult
 0001:00001BE0       TmcmTWAINKernel.GetDSStatus
 0001:00001B98       TmcmTWAINKernel.GetIsDSEnabled
 0001:00001B88       TmcmTWAINKernel.GetIsDSMOpen
 0001:00001B90       TmcmTWAINKernel.GetIsDSOpen
 0001:00001BE8       TmcmTWAINKernel.GetLogToFile
 0001:00001BF8       TmcmTWAINKernel.GetMessageLevel
 0001:00001BA8       TmcmTWAINKernel.GetState
 0001:00001B58       TmcmTWAINKernel.GetStatus
 0001:00001D24       TmcmTWAINKernel.OnAppMessage
 0001:00002078       TmcmTWAINKernel.OpenDS
 0001:00001E04       TmcmTWAINKernel.OpenDSM
 0001:00001C08       TmcmTWAINKernel.ProcessMessage
 0001:00002604       TmcmTWAINKernel.RemoveExt
 0001:000022F8       TmcmTWAINKernel.SelectDS
 0001:000024F8       TmcmTWAINKernel.SetDSPath
 0001:00001BA0       TmcmTWAINKernel.SetIsDSEnabled
 0001:00001BF0       TmcmTWAINKernel.SetLogToFile
 0001:00001C00       TmcmTWAINKernel.SetMessageLevel
 0001:00001BB0       TmcmTWAINKernel.SetState
 0001:00001D6C       TmcmTWAINKernel.StartAppMessage
 0001:00011D28       TmcmTWAINLog.Attribute2Str
 0001:00011CB0       TmcmTWAINLog.Cap2Str
 0001:00011FD4       TmcmTWAINLog.CapData2Str
 0001:0000E69C       TmcmTWAINLog.Clear
 0001:00011308       TmcmTWAINLog.Container2Str
 0001:0000E550       TmcmTWAINLog.Create
 0001:00011C38       TmcmTWAINLog.Dat2Str
 0001:0000E6A0       TmcmTWAINLog.DeleteLogFile
 0001:0000E678       TmcmTWAINLog.Destroy
 0001:0000FA18       TmcmTWAINLog.DeviceEvent2Str
 0001:000103F8       TmcmTWAINLog.Frame2Str
 0001:0000F5E8       TmcmTWAINLog.Identity2Str
 0001:0000FF8C       TmcmTWAINLog.ImageInfo2Str
 0001:000105C4       TmcmTWAINLog.ImageLayout2Str
 0001:00010720       TmcmTWAINLog.ImageMemXfer2Str
 0001:0000F2DC       TmcmTWAINLog.ItemType2Str
 0001:0000EF58       TmcmTWAINLog.ItemValue2Str
 0001:0000E768       TmcmTWAINLog.MatchTwainInt
 0001:000114FC       TmcmTWAINLog.Msg2Str
 0001:0000F988       TmcmTWAINLog.Parent2Str
 0001:00010BB0       TmcmTWAINLog.PendingXfers2Str
 0001:00010ECC       TmcmTWAINLog.SetupFileXfer22Str
 0001:00010D94       TmcmTWAINLog.SetupFileXfer2Str
 0001:00010C44       TmcmTWAINLog.SetupMemXfer2Str
 0001:0000E6C0       TmcmTWAINLog.Str2File
 0001:0000E8F8       TmcmTWAINLog.Triplet2Str
 0001:000110A4       TmcmTWAINLog.UserInterface2Str
 0001:000111DC       TmcmTWAINLog.XferGroup
 0001:0000DAA0       TmdURLLabel.CheckLinkAble
 0001:0000DC28       TmdURLLabel.Click
 0001:0000D6E0       TmdURLLabel.Create
 0001:0000D7CC       TmdURLLabel.Destroy
 0001:0000DCFC       TmdURLLabel.GetCaption
 0001:0000D804       TmdURLLabel.SetAFont
 0001:0000DD10       TmdURLLabel.SetCaption
 0001:0000D9D8       TmdURLLabel.SetLabelType
 0001:0000D814       TmdURLLabel.SetLinkFont
 0001:0000D9EC       TmdURLLabel.SetLinkType
 0001:0000D824       TmdURLLabel.SetPassiveFont
 0001:0000D9CC       TmdURLLabel.SetShowPrefix
 0001:0000DB6C       TmdURLLabel.SetTheCaption
 0001:0000D890       TmdURLLabel.SetURL
 0001:0000DDD0       TmdURLLabel.SetURLAsHint
 0001:0000D834       TmdURLLabel.SetViewFont
 0001:0000DDE4       TmdURLLabel.UpdateHint
 0001:00000078       TObject.Create
 0001:000000B0       TObject.DefaultHandler
 0001:00000080       TObject.Destroy
 0001:00000088       TObject.Free
 0001:00000070       TObject.FreeInstance
 0001:00000068       TObject.NewInstance
 0001:000000A8       TObject.SafeCallException
 0001:00000C9C       ToolWin
 0001:00000AA4       TOpenDialog.Create
 0001:00000AAC       TOpenDialog.GetFileName
 0001:00000AB4       TOpenDialog.GetFilterIndex
 0001:00000BC4       TOrdinalProperty.AllEqual
 0001:00000BCC       TOrdinalProperty.GetEditLimit
 0001:00000CFC       TPageControl.GetPage
 0001:00000D04       TPageControl.SetActivePage
 0001:000005C4       TPen.SetColor
 0001:0000052C       TPersistent.Assign
 0001:00000534       TPersistent.AssignTo
 0001:00000B94       TPropertyEditor.Activate
 0001:00000B8C       TPropertyEditor.Destroy
 0001:00000B9C       TPropertyEditor.Edit
 0001:00000BA4       TPropertyEditor.GetName
 0001:00000BAC       TPropertyEditor.GetProperties
 0001:00000BB4       TPropertyEditor.GetValues
 0001:00000BBC       TPropertyEditor.Initialize
 0001:00000B3C       TRegIniFile.Create
 0001:00000B64       TRegIniFile.ReadBool
 0001:00000B54       TRegIniFile.ReadInteger
 0001:00000B74       TRegIniFile.ReadSections
 0001:00000B44       TRegIniFile.ReadString
 0001:00000B6C       TRegIniFile.WriteBool
 0001:00000B5C       TRegIniFile.WriteInteger
 0001:00000B4C       TRegIniFile.WriteString
 0001:00000B0C       TRegistry.CloseKey
 0001:00000B04       TRegistry.Create
 0001:00000B24       TRegistry.DeleteKey
 0001:00000B34       TRegistry.KeyExists
 0001:00000B1C       TRegistry.OpenKey
 0001:00000B2C       TRegistry.ReadString
 0001:00000B14       TRegistry.SetRootKey
 0001:0000076C       TScreen.SetCursor
 0001:00000AD4       TSpeedButton.SetDown
 0001:00000D7C       TStringGrid.GetCells
 0001:00000D84       TStringGrid.SetCells
 0001:00000BEC       TStringProperty.AllEqual
 0001:00000BF4       TStringProperty.GetEditLimit
 0001:00000BFC       TStringProperty.GetValue
 0001:00000C04       TStringProperty.SetValue
 0001:0000053C       TStrings.IndexOfObject
 0001:00000CEC       TTabSheet.GetPageIndex
 0001:00000CF4       TTabSheet.SetTabVisible
 0001:00004ED0       TTwnContainer.AddFrame
 0001:00004F98       TTwnContainer.AddItem
 0001:000031D0       TTwnContainer.Assign
 0001:00003834       TTwnContainer.AssignContainerPtr
 0001:000032FC       TTwnContainer.Clear
 0001:00002F9C       TTwnContainer.Create
 0001:00003B18       TTwnContainer.DeleteFrame
 0001:00003BCC       TTwnContainer.DeleteItem
 0001:00003030       TTwnContainer.Destroy
 0001:0000391C       TTwnContainer.GetContainerPtr
 0001:00003FC0       TTwnContainer.GetCurrentIndex
 0001:00004050       TTwnContainer.GetCurrentValue
 0001:00004008       TTwnContainer.GetDefaultIndex
 0001:000042F8       TTwnContainer.GetDefaultValue
 0001:00004C68       TTwnContainer.GetFrame
 0001:00004C9C       TTwnContainer.GetItem
 0001:00004668       TTwnContainer.GetMaxValue
 0001:000048C4       TTwnContainer.GetMinValue
 0001:00004A94       TTwnContainer.GetNumItems
 0001:00005190       TTwnContainer.GetQuerySupport
 0001:00004A58       TTwnContainer.GetStepValue
 0001:00003D00       TTwnContainer.GetValue
 0001:000037AC       TTwnContainer.SetCapability
 0001:000037DC       TTwnContainer.SetConType
 0001:00003FE8       TTwnContainer.SetCurrentIndex
 0001:00004100       TTwnContainer.SetCurrentValue
 0001:00004030       TTwnContainer.SetDefaultIndex
 0001:000043A8       TTwnContainer.SetDefaultValue
 0001:00004D98       TTwnContainer.SetItem
 0001:00003804       TTwnContainer.SetItemType
 0001:00004788       TTwnContainer.SetMaxValue
 0001:000049E4       TTwnContainer.SetMinValue
 0001:00004AEC       TTwnContainer.SetNumItems
 0001:00003E68       TTwnContainer.SetValue
 0001:00005370       TTwnContainerList.AddItem
 0001:00005278       TTwnContainerList.Clear
 0001:00005204       TTwnContainerList.Create
 0001:000053A0       TTwnContainerList.CreateItem
 0001:00005404       TTwnContainerList.DeleteItem
 0001:00005244       TTwnContainerList.Destroy
 0001:000054AC       TTwnContainerList.GetCount
 0001:0000532C       TTwnContainerList.GetItem
 0001:00002E60       TTwnFrame.Create
 0001:00002EF0       TTwnFrame.GetBottom
 0001:00002E9C       TTwnFrame.GetLeft
 0001:00002ED4       TTwnFrame.GetRight
 0001:00002EB8       TTwnFrame.GetTop
 0001:00002F78       TTwnFrame.SetBottom
 0001:00002F0C       TTwnFrame.SetLeft
 0001:00002F54       TTwnFrame.SetRight
 0001:00002F30       TTwnFrame.SetTop
 0001:0000A4E4       TTwnSourceInfo.Clear
 0001:0000A478       TTwnSourceInfo.Create
 0001:0000A4B0       TTwnSourceInfo.Destroy
 0001:0000A57C       TTwnSourceInfo.GetCountry
 0001:0000A4F4       TTwnSourceInfo.GetId
 0001:0000A580       TTwnSourceInfo.GetInfo
 0001:0000A578       TTwnSourceInfo.GetLanguage
 0001:0000A598       TTwnSourceInfo.GetManufacturer
 0001:0000A5B0       TTwnSourceInfo.GetProductFamily
 0001:0000A648       TTwnSourceInfo.GetProductName
 0001:0000A5C8       TTwnSourceInfo.GetProtocol
 0001:0000A664       TTwnSourceInfo.GetSupportedGroups
 0001:0000A4F8       TTwnSourceInfo.GetVersion
 0001:0000A4D4       TTwnSourceInfo.SetSourceIdentity
 0001:000015D8       twain
 0001:00001610       twainproc
 0001:000008B4       TWinControl.AlignControls
 0001:000008F4       TWinControl.CreateHandle
 0001:000008CC       TWinControl.CreateParams
 0001:000008DC       TWinControl.CreateWindowHandle
 0001:000008D4       TWinControl.CreateWnd
 0001:00000904       TWinControl.DefaultHandler
 0001:000008EC       TWinControl.DestroyWindowHandle
 0001:000008E4       TWinControl.DestroyWnd
 0001:0000094C       TWinControl.GetClientOrigin
 0001:00000954       TWinControl.GetClientRect
 0001:000008BC       TWinControl.GetControl
 0001:000008C4       TWinControl.GetControlCount
 0001:0000091C       TWinControl.GetDeviceContext
 0001:00000944       TWinControl.GetHandle
 0001:00000924       TWinControl.Invalidate
 0001:000008AC       TWinControl.ReadState
 0001:00000934       TWinControl.Repaint
 0001:0000090C       TWinControl.SetBounds
 0001:0000093C       TWinControl.SetFocus
 0001:00000914       TWinControl.ShowControl
 0001:0000092C       TWinControl.Update
 0001:000008FC       TWinControl.WndProc
 0002:00000024       TWItemSize
 0001:000004D4       TypInfo
 0001:00000D3C       umcmIntE
 0001:00000178       UniqueString
 0001:00000230       UnregisterModule
 0001:0000041C       UpperCase
 0001:0000DE3C       uTwnAbout3
 0001:00017160       uTwnDlgPref
 0001:0001C434       uTwnDlgSend
 0001:000003CC       Windows
 0001:000006AC       WinSpool


  Address         Publics by Value

 0002:FFBDC000       TlsLast
 0001:00000000       @GetMem
 0001:00000008       @FreeMem
 0001:00000010       @ReallocMem
 0001:00000018       @_IOTest
 0001:00000020       IOResult
 0001:00000028       Move
 0001:00000030       @ROUND
 0001:00000038       @TRUNC
 0001:00000040       @AbstractError
 0001:00000048       @FillChar
 0001:00000050       @Str0Long
 0001:00000058       @_PasToCStr
 0001:00000060       @SetElem
 0001:00000068       TObject.NewInstance
 0001:00000070       TObject.FreeInstance
 0001:00000078       TObject.Create
 0001:00000080       TObject.Destroy
 0001:00000088       TObject.Free
 0001:00000090       @IsClass
 0001:00000098       @AsClass
 0001:000000A0       @CallDynaInst
 0001:000000A8       TObject.SafeCallException
 0001:000000B0       TObject.DefaultHandler
 0001:000000B8       @ClassCreate
 0001:000000C0       @ClassDestroy
 0001:000000C8       @HandleAnyException
 0001:000000D0       @HandleOnException
 0001:000000D8       @HandleFinally
 0001:000000E0       @RaiseExcept
 0001:000000E8       @DoneExcept
 0001:000000F0       @PackageLoad
 0001:000000F8       @PackageUnload
 0001:00000100       @RunError
 0001:00000108       @LStrClr
 0001:00000110       @LStrArrayClr
 0001:00000118       @LStrAsg
 0001:00000120       @LStrLAsg
 0001:00000128       @LStrFromPChar
 0001:00000130       @LStrFromString
 0001:00000138       @LStrFromArray
 0001:00000140       @LStrLen
 0001:00000148       @LStrCat
 0001:00000150       @LStrCat3
 0001:00000158       @LStrCatN
 0001:00000160       @LStrCmp
 0001:00000168       @LStrAddRef
 0001:00000170       @LStrToPChar
 0001:00000178       UniqueString
 0001:00000180       @LStrCopy
 0001:00000188       @LStrPos
 0001:00000190       @Write0LString
 0001:00000198       @FinalizeArray
 0001:000001A0       @VarCopy
 0001:000001A8       @VarToInt
 0001:000001B0       @VarToBool
 0001:000001B8       @VarToReal
 0001:000001C0       @VarToLStr
 0001:000001C8       @VarFromInt
 0001:000001D0       @VarFromBool
 0001:000001D8       @VarFromReal
 0001:000001E0       @VarFromLStr
 0001:000001E8       @VarAdd
 0001:000001F0       @VarSub
 0001:000001F8       @VarMul
 0001:00000200       @VarRDiv
 0001:00000208       @VarCmp
 0001:00000210       @VarClr
 0001:00000218       @VarAddRef
 0001:00000220       LoadResourceModule
 0001:00000228       RegisterModule
 0001:00000230       UnregisterModule
 0001:00000238       LoadResString
 0001:00000240       @Assign
 0001:00000248       @BlockRead
 0001:00000250       @Close
 0001:00000258       @Erase
 0001:00000260       @FSafeDivideR
 0001:00000268       @FSafeDivide
 0001:00000270       @RewritText
 0001:00000278       @Append
 0001:00000280       @ResetFile
 0001:00000288       @RewritFile
 0001:00000290       @Seek
 0001:00000298       @WriteLn
 0001:000002A0       @Str2Ext
 0001:000002A8       @Real2Ext
 0001:000002B0       @Ext2Real
 0001:000002B8       Finalization
 0001:000002C0       System
 0001:000002C8       FreeLibrary
 0001:000002D0       GetPrivateProfileInt
 0001:000002D8       GetPrivateProfileSection
 0001:000002E0       GetPrivateProfileString
 0001:000002E8       GetProcAddress
 0001:000002F0       GetTempFileName
 0001:000002F8       GetTempPath
 0001:00000300       GetWindowsDirectory
 0001:00000308       GlobalAlloc
 0001:00000310       GlobalFree
 0001:00000318       GlobalLock
 0001:00000320       GlobalUnlock
 0001:00000328       LoadLibrary
 0001:00000330       LoadLibraryEx
 0001:00000338       lstrcat
 0001:00000340       lstrcpy
 0001:00000348       lstrlen
 0001:00000350       CreateDIBSection
 0001:00000358       DeleteObject
 0001:00000360       GetDC
 0001:00000368       IsCharAlpha
 0001:00000370       LoadBitmap
 0001:00000378       LoadIcon
 0001:00000380       ReleaseDC
 0001:00000388       CopyMemory
 0001:00000390       FillMemory
 0001:0000039C       Finalization
 0001:000003CC       Windows
 0001:000003D4       Finalization
 0001:00000404       Messages
 0001:0000040C       Finalization
 0001:00000414       ActiveX
 0001:0000041C       UpperCase
 0001:00000424       LowerCase
 0001:0000042C       CompareStr
 0001:00000434       IntToStr
 0001:0000043C       IntToHex
 0001:00000444       StrToInt
 0001:0000044C       FileExists
 0001:00000454       DeleteFile
 0001:0000045C       LastDelimiter
 0001:00000464       ExtractFileExt
 0001:0000046C       StrLen
 0001:00000474       StrPCopy
 0001:0000047C       StrPas
 0001:00000484       FmtStr
 0001:0000048C       FloatToStr
 0001:00000494       FloatToStrF
 0001:0000049C       StrToFloat
 0001:000004A4       OutOfMemoryError
 0001:000004AC       Exception.Create
 0001:000004B4       IsPathDelimiter
 0001:000004BC       Finalization
 0001:000004C4       SysUtils
 0001:000004CC       Finalization
 0001:000004D4       TypInfo
 0001:000004DC       Finalization
 0001:000004E4       Consts
 0001:000004EC       Point
 0001:000004F4       RegisterComponents
 0001:000004FC       RegisterNoIcon
 0001:00000504       TList.Add
 0001:0000050C       TList.Clear
 0001:00000514       TList.Delete
 0001:0000051C       TList.Get
 0001:00000524       TList.Put
 0001:0000052C       TPersistent.Assign
 0001:00000534       TPersistent.AssignTo
 0001:0000053C       TStrings.IndexOfObject
 0001:00000544       TComponent.Create
 0001:0000054C       TComponent.Destroy
 0001:00000554       TComponent.Notification
 0001:0000055C       TComponent.DefineProperties
 0001:00000564       TComponent.Loaded
 0001:0000056C       TComponent.ReadState
 0001:00000574       TComponent.WriteState
 0001:0000057C       TComponent.ValidateRename
 0001:00000584       TComponent.SetName
 0001:0000058C       TComponent.SafeCallException
 0001:00000594       Finalization
 0001:0000059C       Classes
 0001:000005A4       TFont.Create
 0001:000005AC       TFont.SetColor
 0001:000005B4       TFont.GetStyle
 0001:000005BC       TFont.SetStyle
 0001:000005C4       TPen.SetColor
 0001:000005CC       TCanvas.Draw
 0001:000005D4       TCanvas.LineTo
 0001:000005DC       TCanvas.MoveTo
 0001:000005E4       TBitmap.Create
 0001:000005EC       TBitmap.SetHandle
 0001:000005F4       TBitmap.SetTransparentMode
 0001:000005FC       Finalization
 0001:00000604       Graphics
 0001:0000060C       Finalization
 0001:0000063C       Imm
 0001:00000644       Finalization
 0001:00000674       Commctrl
 0001:0000067C       Finalization
 0001:000006AC       WinSpool
 0001:000006B4       Finalization
 0001:000006BC       Printers
 0001:000006C4       GetParentForm
 0001:000006CC       TCustomForm.Create
 0001:000006D4       TCustomForm.Destroy
 0001:000006DC       TCustomForm.Loaded
 0001:000006E4       TCustomForm.Notification
 0001:000006EC       TCustomForm.ReadState
 0001:000006F4       TCustomForm.DefineProperties
 0001:000006FC       TCustomForm.GetClientRect
 0001:00000704       TCustomForm.WantChildKey
 0001:0000070C       TCustomForm.SetParent
 0001:00000714       TCustomForm.ValidateRename
 0001:0000071C       TCustomForm.WndProc
 0001:00000724       TCustomForm.AlignControls
 0001:0000072C       TCustomForm.CreateParams
 0001:00000734       TCustomForm.CreateWnd
 0001:0000073C       TCustomForm.CreateWindowHandle
 0001:00000744       TCustomForm.DestroyWindowHandle
 0001:0000074C       TCustomForm.DefaultHandler
 0001:00000754       TCustomForm.PaintWindow
 0001:0000075C       TCustomForm.SetFocus
 0001:00000764       TCustomForm.ShowModal
 0001:0000076C       TScreen.SetCursor
 0001:00000774       TApplication.ProcessMessages
 0001:0000077C       Finalization
 0001:00000784       Forms
 0001:0000078C       Finalization
 0001:00000794       Menus
 0001:0000079C       TControl.GetDragImages
 0001:000007A4       TControl.SetDragMode
 0001:000007AC       TControl.ReadState
 0001:000007B4       TControl.Notification
 0001:000007BC       TControl.SetAlign
 0001:000007C4       TControl.SetBounds
 0001:000007CC       TControl.SetLeft
 0001:000007D4       TControl.SetTop
 0001:000007DC       TControl.SetWidth
 0001:000007E4       TControl.SetHeight
 0001:000007EC       TControl.GetClientRect
 0001:000007F4       TControl.GetClientOrigin
 0001:000007FC       TControl.SetName
 0001:00000804       TControl.SetParent
 0001:0000080C       TControl.SetVisible
 0001:00000814       TControl.SetEnabled
 0001:0000081C       TControl.SetPopupMenu
 0001:00000824       TControl.GetText
 0001:0000082C       TControl.SetText
 0001:00000834       TControl.SetFont
 0001:0000083C       TControl.IsShowHintStored
 0001:00000844       TControl.SetShowHint
 0001:0000084C       TControl.SetParentShowHint
 0001:00000854       TControl.SetColor
 0001:0000085C       TControl.IsColorStored
 0001:00000864       TControl.SetCursor
 0001:0000086C       TControl.GetDeviceContext
 0001:00000874       TControl.Invalidate
 0001:0000087C       TControl.Update
 0001:00000884       TControl.Repaint
 0001:0000088C       TControl.WndProc
 0001:00000894       TControl.DefaultHandler
 0001:0000089C       TControl.DefineProperties
 0001:000008A4       TControl.Click
 0001:000008AC       TWinControl.ReadState
 0001:000008B4       TWinControl.AlignControls
 0001:000008BC       TWinControl.GetControl
 0001:000008C4       TWinControl.GetControlCount
 0001:000008CC       TWinControl.CreateParams
 0001:000008D4       TWinControl.CreateWnd
 0001:000008DC       TWinControl.CreateWindowHandle
 0001:000008E4       TWinControl.DestroyWnd
 0001:000008EC       TWinControl.DestroyWindowHandle
 0001:000008F4       TWinControl.CreateHandle
 0001:000008FC       TWinControl.WndProc
 0001:00000904       TWinControl.DefaultHandler
 0001:0000090C       TWinControl.SetBounds
 0001:00000914       TWinControl.ShowControl
 0001:0000091C       TWinControl.GetDeviceContext
 0001:00000924       TWinControl.Invalidate
 0001:0000092C       TWinControl.Update
 0001:00000934       TWinControl.Repaint
 0001:0000093C       TWinControl.SetFocus
 0001:00000944       TWinControl.GetHandle
 0001:0000094C       TWinControl.GetClientOrigin
 0001:00000954       TWinControl.GetClientRect
 0001:0000095C       TGraphicControl.Destroy
 0001:00000964       TCustomControl.Create
 0001:0000096C       TCustomControl.Destroy
 0001:00000974       TCustomControl.PaintWindow
 0001:0000097C       TCustomControl.Paint
 0001:00000984       Finalization
 0001:0000098C       Controls
 0001:00000994       TCustomLabel.Create
 0001:0000099C       TCustomLabel.GetLabelText
 0001:000009A4       TCustomLabel.Paint
 0001:000009AC       TCustomLabel.Loaded
 0001:000009B4       TCustomLabel.SetAlignment
 0001:000009BC       TCustomLabel.SetAutoSize
 0001:000009C4       TCustomLabel.GetTransparent
 0001:000009CC       TCustomLabel.SetShowAccelChar
 0001:000009D4       TCustomLabel.SetTransparent
 0001:000009DC       TCustomLabel.SetWordWrap
 0001:000009E4       TCustomLabel.Notification
 0001:000009EC       TCustomComboBox.Clear
 0001:000009F4       TCustomComboBox.GetItemIndex
 0001:000009FC       TCustomComboBox.SetItemIndex
 0001:00000A04       TCustomCheckBox.GetChecked
 0001:00000A0C       TCustomCheckBox.SetChecked
 0001:00000A14       Finalization
 0001:00000A1C       StdCtrls
 0001:00000A24       Finalization
 0001:00000A54       CommDlg
 0001:00000A5C       Finalization
 0001:00000A8C       Dlgs
 0001:00000A94       Finalization
 0001:00000A9C       ExtCtrls
 0001:00000AA4       TOpenDialog.Create
 0001:00000AAC       TOpenDialog.GetFileName
 0001:00000AB4       TOpenDialog.GetFilterIndex
 0001:00000ABC       ShowMessage
 0001:00000AC4       Finalization
 0001:00000ACC       Dialogs
 0001:00000AD4       TSpeedButton.SetDown
 0001:00000ADC       Finalization
 0001:00000AE4       Buttons
 0001:00000AEC       DirectoryExists
 0001:00000AF4       Finalization
 0001:00000AFC       FileCtrl
 0001:00000B04       TRegistry.Create
 0001:00000B0C       TRegistry.CloseKey
 0001:00000B14       TRegistry.SetRootKey
 0001:00000B1C       TRegistry.OpenKey
 0001:00000B24       TRegistry.DeleteKey
 0001:00000B2C       TRegistry.ReadString
 0001:00000B34       TRegistry.KeyExists
 0001:00000B3C       TRegIniFile.Create
 0001:00000B44       TRegIniFile.ReadString
 0001:00000B4C       TRegIniFile.WriteString
 0001:00000B54       TRegIniFile.ReadInteger
 0001:00000B5C       TRegIniFile.WriteInteger
 0001:00000B64       TRegIniFile.ReadBool
 0001:00000B6C       TRegIniFile.WriteBool
 0001:00000B74       TRegIniFile.ReadSections
 0001:00000B7C       Finalization
 0001:00000B84       Registry
 0001:00000B8C       TPropertyEditor.Destroy
 0001:00000B94       TPropertyEditor.Activate
 0001:00000B9C       TPropertyEditor.Edit
 0001:00000BA4       TPropertyEditor.GetName
 0001:00000BAC       TPropertyEditor.GetProperties
 0001:00000BB4       TPropertyEditor.GetValues
 0001:00000BBC       TPropertyEditor.Initialize
 0001:00000BC4       TOrdinalProperty.AllEqual
 0001:00000BCC       TOrdinalProperty.GetEditLimit
 0001:00000BD4       TEnumProperty.GetValue
 0001:00000BDC       TEnumProperty.GetValues
 0001:00000BE4       TEnumProperty.SetValue
 0001:00000BEC       TStringProperty.AllEqual
 0001:00000BF4       TStringProperty.GetEditLimit
 0001:00000BFC       TStringProperty.GetValue
 0001:00000C04       TStringProperty.SetValue
 0001:00000C0C       RegisterPropertyEditor
 0001:00000C14       RegisterComponentEditor
 0001:00000C1C       TComponentEditor.Create
 0001:00000C24       TComponentEditor.Edit
 0001:00000C2C       TComponentEditor.Copy
 0001:00000C34       Finalization
 0001:00000C3C       DsgnIntf
 0001:00000C44       ShellExecute
 0001:00000C4C       Finalization
 0001:00000C7C       ShellAPI
 0001:00000C84       Finalization
 0001:00000C8C       Mapi
 0001:00000C94       Finalization
 0001:00000C9C       ToolWin
 0001:00000CA4       Finalization
 0001:00000CD4       RichEdit
 0001:00000CDC       Finalization
 0001:00000CE4       ComStrs
 0001:00000CEC       TTabSheet.GetPageIndex
 0001:00000CF4       TTabSheet.SetTabVisible
 0001:00000CFC       TPageControl.GetPage
 0001:00000D04       TPageControl.SetActivePage
 0001:00000D0C       Finalization
 0001:00000D14       ComCtrls
 0001:00000D1C       TmcmRealEdit.GetValue
 0001:00000D24       TmcmRealEdit.SetValue
 0001:00000D2C       TmcmRealEdit.SetDecimals
 0001:00000D34       Finalization
 0001:00000D3C       umcmIntE
 0001:00000D44       Finalization
 0001:00000D4C       Clipbrd
 0001:00000D54       Finalization
 0001:00000D5C       Mask
 0001:00000D64       TCustomGrid.SetColCount
 0001:00000D6C       TCustomGrid.SetColWidths
 0001:00000D74       TCustomGrid.SetRowCount
 0001:00000D7C       TStringGrid.GetCells
 0001:00000D84       TStringGrid.SetCells
 0001:00000D8C       Finalization
 0001:00000D94       Grids
 0001:00000D9C       TIniFile.Create
 0001:00000DA4       TIniFile.ReadInteger
 0001:00000DAC       TIniFile.ReadSection
 0001:00000DB4       Finalization
 0001:00000DBC       IniFiles
 0001:00000F34       @InitPkg
 0001:00000F88       Finalization
 0001:00000FB8       SysInit
 0001:000015A8       Finalization
 0001:000015D8       twain
 0001:000015E0       Finalization
 0001:00001610       twainproc
 0001:00001734       TmcmTWAINKernel.Create
 0001:0000196C       TmcmTWAINKernel.Destroy
 0001:00001998       TmcmTWAINKernel.DSMEntry
 0001:00001B58       TmcmTWAINKernel.GetStatus
 0001:00001B88       TmcmTWAINKernel.GetIsDSMOpen
 0001:00001B90       TmcmTWAINKernel.GetIsDSOpen
 0001:00001B98       TmcmTWAINKernel.GetIsDSEnabled
 0001:00001BA0       TmcmTWAINKernel.SetIsDSEnabled
 0001:00001BA8       TmcmTWAINKernel.GetState
 0001:00001BB0       TmcmTWAINKernel.SetState
 0001:00001BD8       TmcmTWAINKernel.GetDSResult
 0001:00001BE0       TmcmTWAINKernel.GetDSStatus
 0001:00001BE8       TmcmTWAINKernel.GetLogToFile
 0001:00001BF0       TmcmTWAINKernel.SetLogToFile
 0001:00001BF8       TmcmTWAINKernel.GetMessageLevel
 0001:00001C00       TmcmTWAINKernel.SetMessageLevel
 0001:00001C08       TmcmTWAINKernel.ProcessMessage
 0001:00001D24       TmcmTWAINKernel.OnAppMessage
 0001:00001D6C       TmcmTWAINKernel.StartAppMessage
 0001:00001DBC       TmcmTWAINKernel.EndAppMessage
 0001:00001E04       TmcmTWAINKernel.OpenDSM
 0001:00001FE8       TmcmTWAINKernel.CloseDSM
 0001:00002078       TmcmTWAINKernel.OpenDS
 0001:00002118       TmcmTWAINKernel.CloseDS
 0001:000021B0       TmcmTWAINKernel.EnableDS
 0001:00002240       TmcmTWAINKernel.DisableDS
 0001:000022B4       TmcmTWAINKernel.CloseConnection
 0001:000022F8       TmcmTWAINKernel.SelectDS
 0001:00002378       TmcmTWAINKernel.GetDSPath
 0001:000024F8       TmcmTWAINKernel.SetDSPath
 0001:00002528       TmcmTWAINKernel.GetDSIcon
 0001:0000259C       TmcmTWAINKernel.CreateDIB
 0001:00002604       TmcmTWAINKernel.RemoveExt
 0001:00002698       TmcmTWAINKernel.FileName2Format
 0001:0000281C       TmcmTWAINKernel.FileFormat2Ext
 0001:00002920       TmcmTWAINKernel.CreateFileName
 0001:00002AD8       Finalization
 0001:00002B08       mcmTWAINKernel
 0001:00002B10       FloatToFIX32
 0001:00002B5C       FIX32ToFloat
 0001:00002C1C       Finalization
 0001:00002C4C       mcmTWAINFix
 0001:00002E60       TTwnFrame.Create
 0001:00002E9C       TTwnFrame.GetLeft
 0001:00002EB8       TTwnFrame.GetTop
 0001:00002ED4       TTwnFrame.GetRight
 0001:00002EF0       TTwnFrame.GetBottom
 0001:00002F0C       TTwnFrame.SetLeft
 0001:00002F30       TTwnFrame.SetTop
 0001:00002F54       TTwnFrame.SetRight
 0001:00002F78       TTwnFrame.SetBottom
 0001:00002F9C       TTwnContainer.Create
 0001:00003030       TTwnContainer.Destroy
 0001:000031D0       TTwnContainer.Assign
 0001:000032FC       TTwnContainer.Clear
 0001:000037AC       TTwnContainer.SetCapability
 0001:000037DC       TTwnContainer.SetConType
 0001:00003804       TTwnContainer.SetItemType
 0001:00003834       TTwnContainer.AssignContainerPtr
 0001:0000391C       TTwnContainer.GetContainerPtr
 0001:00003B18       TTwnContainer.DeleteFrame
 0001:00003BCC       TTwnContainer.DeleteItem
 0001:00003D00       TTwnContainer.GetValue
 0001:00003E68       TTwnContainer.SetValue
 0001:00003FC0       TTwnContainer.GetCurrentIndex
 0001:00003FE8       TTwnContainer.SetCurrentIndex
 0001:00004008       TTwnContainer.GetDefaultIndex
 0001:00004030       TTwnContainer.SetDefaultIndex
 0001:00004050       TTwnContainer.GetCurrentValue
 0001:00004100       TTwnContainer.SetCurrentValue
 0001:000042F8       TTwnContainer.GetDefaultValue
 0001:000043A8       TTwnContainer.SetDefaultValue
 0001:00004668       TTwnContainer.GetMaxValue
 0001:00004788       TTwnContainer.SetMaxValue
 0001:000048C4       TTwnContainer.GetMinValue
 0001:000049E4       TTwnContainer.SetMinValue
 0001:00004A58       TTwnContainer.GetStepValue
 0001:00004A94       TTwnContainer.GetNumItems
 0001:00004AEC       TTwnContainer.SetNumItems
 0001:00004C68       TTwnContainer.GetFrame
 0001:00004C9C       TTwnContainer.GetItem
 0001:00004D98       TTwnContainer.SetItem
 0001:00004ED0       TTwnContainer.AddFrame
 0001:00004F98       TTwnContainer.AddItem
 0001:00005190       TTwnContainer.GetQuerySupport
 0001:00005204       TTwnContainerList.Create
 0001:00005244       TTwnContainerList.Destroy
 0001:00005278       TTwnContainerList.Clear
 0001:0000532C       TTwnContainerList.GetItem
 0001:00005370       TTwnContainerList.AddItem
 0001:000053A0       TTwnContainerList.CreateItem
 0001:00005404       TTwnContainerList.DeleteItem
 0001:000054AC       TTwnContainerList.GetCount
 0001:000054B4       Finalization
 0001:000054E4       mcmTWAINContainer
 0001:00005604       TmcmTWAINIntf.Create
 0001:00005698       TmcmTWAINIntf.Destroy
 0001:000056C8       TmcmTWAINIntf.Clear
 0001:000056F4       TmcmTWAINIntf.CreateContainer
 0001:0000578C       TmcmTWAINIntf.GetContainers
 0001:00005794       TmcmTWAINIntf.GetNumCap
 0001:0000579C       TmcmTWAINIntf.GetHandleType
 0001:000057A4       TmcmTWAINIntf.SetHandleType
 0001:000057C0       TmcmTWAINIntf.GetXferMech
 0001:000057C8       TmcmTWAINIntf.SetXferMech
 0001:000057E8       TmcmTWAINIntf.SendBoolCap
 0001:0000589C       TmcmTWAINIntf.SendCapabilityMsg
 0001:00005940       TmcmTWAINIntf.GetCapConSize
 0001:00005A4C       TmcmTWAINIntf.GetCapMsg
 0001:00005DE0       TmcmTWAINIntf.SetCapMsg
 0001:0000605C       TmcmTWAINIntf.GetCapabilityMsg
 0001:00006188       TmcmTWAINIntf.SetCapabilityMsg
 0001:000061E8       TmcmTWAINIntf.GetSupportedCaps
 0001:00006228       TmcmTWAINIntf.GetSupportedExCaps
 0001:00006268       TmcmTWAINIntf.IsCapSupported
 0001:00006318       TmcmTWAINIntf.IsExCapSupported
 0001:000063C4       TmcmTWAINIntf.GetFirstSource
 0001:00006440       TmcmTWAINIntf.GetNextSource
 0001:000064BC       TmcmTWAINIntf.GetDefaultSource
 0001:00006538       TmcmTWAINIntf.SetDefaultSource
 0001:0000661C       TmcmTWAINIntf.GetShowIndicators
 0001:00006624       TmcmTWAINIntf.SetShowIndicators
 0001:0000662C       TmcmTWAINIntf.SetIndicators
 0001:00006644       TmcmTWAINIntf.GetShowUI
 0001:0000664C       TmcmTWAINIntf.SetShowUI
 0001:00006654       TmcmTWAINIntf.GetImageFileFmt
 0001:000066CC       TmcmTWAINIntf.SetImageFileFmt
 0001:0000677C       TmcmTWAINIntf.SetupXferMech
 0001:00006A90       TmcmTWAINIntf.SetupMemXfer
 0001:00006AB8       TmcmTWAINIntf.SetupFileXferA
 0001:00006B9C       TmcmTWAINIntf.SetupFileXferB
 0001:00006CE4       TmcmTWAINIntf.SetupFileXfer
 0001:00006E94       TmcmTWAINIntf.ImageNativeXfer
 0001:00006EB0       TmcmTWAINIntf.ImageMemXfer
 0001:00006FC4       TmcmTWAINIntf.ImageFileXfer
 0001:00007010       TmcmTWAINIntf.XferGroup
 0001:00007054       TmcmTWAINIntf.PendingXfers
 0001:000070C0       TmcmTWAINIntf.AbortXfer
 0001:000070C8       TmcmTWAINIntf.TransferImage
 0001:0000716C       TmcmTWAINIntf.DoOnMemXferBuf
 0001:000071A4       TmcmTWAINIntf.DoOnMemXferSize
 0001:00007200       TmcmTWAINIntf.DoOnXferNext
 0001:0000728C       TmcmTWAINIntf.DoNativeTransfer
 0001:0000748C       TmcmTWAINIntf.DoFileTransfer
 0001:000076E8       TmcmTWAINIntf.DoMemTransfer
 0001:00007FF4       TmcmTWAINIntf.GetSwapMemRGB
 0001:00007FFC       TmcmTWAINIntf.SetSwapMemRGB
 0001:00008004       TmcmTWAINIntf.FillDibInfoPal
 0001:000080D4       TmcmTWAINIntf.ConvertRaw2Sec
 0001:000082D8       TmcmTWAINIntf.LoadDibRaw
 0001:00008440       TmcmTWAINIntf.LoadDibSec
 0001:0000868C       TmcmTWAINIntf.FlipBitmap
 0001:00008894       TmcmTWAINIntf.UserInterface
 0001:000088AC       TmcmTWAINIntf.ImageInfoA
 0001:000088C8       TmcmTWAINIntf.ImageLayoutA
 0001:000088E4       TmcmTWAINIntf.GetCIEColor
 0001:00008900       TmcmTWAINIntf.Palette8
 0001:00008A4C       TmcmTWAINIntf.GrayResponse
 0001:00008A68       TmcmTWAINIntf.RGBResponse
 0001:00008A84       TmcmTWAINIntf.JPEGCompression
 0001:00008AA0       TmcmTWAINIntf.GetPixelFlavor
 0001:00008B20       TmcmTWAINIntf.SetPixelFlavor
 0001:00008BD8       TmcmTWAINIntf.GetUnits
 0001:00008C58       TmcmTWAINIntf.SetUnits
 0001:00008D10       TmcmTWAINIntf.GetDeviceEvents
 0001:00008D1C       TmcmTWAINIntf.SetDeviceEvents
 0001:00008E14       TmcmTWAINIntf.DoOnDeviceEvent
 0001:00009010       Finalization
 0001:00009040       mcmTWAINIntf
 0001:0000A478       TTwnSourceInfo.Create
 0001:0000A4B0       TTwnSourceInfo.Destroy
 0001:0000A4D4       TTwnSourceInfo.SetSourceIdentity
 0001:0000A4E4       TTwnSourceInfo.Clear
 0001:0000A4F4       TTwnSourceInfo.GetId
 0001:0000A4F8       TTwnSourceInfo.GetVersion
 0001:0000A578       TTwnSourceInfo.GetLanguage
 0001:0000A57C       TTwnSourceInfo.GetCountry
 0001:0000A580       TTwnSourceInfo.GetInfo
 0001:0000A598       TTwnSourceInfo.GetManufacturer
 0001:0000A5B0       TTwnSourceInfo.GetProductFamily
 0001:0000A5C8       TTwnSourceInfo.GetProtocol
 0001:0000A648       TTwnSourceInfo.GetProductName
 0001:0000A664       TTwnSourceInfo.GetSupportedGroups
 0001:0000A668       TmcmTWAIN.Create
 0001:0000A748       TmcmTWAIN.Destroy
 0001:0000A7B0       TmcmTWAIN.Clear
 0001:0000A7B8       TmcmTWAIN.About
 0001:0000A7BC       TmcmTWAIN.GetDisEndAcq
 0001:0000A7C4       TmcmTWAIN.SetDisEndAcq
 0001:0000A7CC       TmcmTWAIN.SetManufacturer
 0001:0000A824       TmcmTWAIN.GetManufacturer
 0001:0000A83C       TmcmTWAIN.SetProductFamily
 0001:0000A894       TmcmTWAIN.GetProductFamily
 0001:0000A8AC       TmcmTWAIN.SetProductName
 0001:0000A904       TmcmTWAIN.GetProductName
 0001:0000A91C       TmcmTWAIN.SetLanguage
 0001:0000A938       TmcmTWAIN.GetLanguage
 0001:0000A94C       TmcmTWAIN.SetCountry
 0001:0000A964       TmcmTWAIN.GetCountry
 0001:0000A98C       TmcmTWAIN.GetFileFormat
 0001:0000A994       TmcmTWAIN.SetFileFormat
 0001:0000AA58       TmcmTWAIN.GetFileFormats
 0001:0000AA64       TmcmTWAIN.SetFileFormats
 0001:0000AAA8       TmcmTWAIN.GetFilename
 0001:0000AAC0       TmcmTWAIN.SetFilename
 0001:0000ABB4       TmcmTWAIN.GetReturnHandle
 0001:0000ABBC       TmcmTWAIN.SetReturnHandle
 0001:0000ABD4       TmcmTWAIN.Paint
 0001:0000ACF8       TmcmTWAIN.WMSize
 0001:0000AD18       TmcmTWAIN.WMGetMaxMinInfo
 0001:0000AD98       TmcmTWAIN.OpenSourceMgr
 0001:0000ADBC       TmcmTWAIN.CloseSourceMgr
 0001:0000ADE4       TmcmTWAIN.OpenSource
 0001:0000AEE0       TmcmTWAIN.CloseSource
 0001:0000AF20       TmcmTWAIN.EnableSource
 0001:0000B014       TmcmTWAIN.DisableSource
 0001:0000B02C       TmcmTWAIN.SelectSource
 0001:0000B064       TmcmTWAIN.GetSourceList
 0001:0000B14C       TmcmTWAIN.Acquire
 0001:0000B1E0       TmcmTWAIN.IsCapSupported
 0001:0000B1E8       TmcmTWAIN.IsExCapSupported
 0001:0000B1F0       TmcmTWAIN.GetCapabilityMsg
 0001:0000B204       TmcmTWAIN.SetCapabilityMsg
 0001:0000B218       TmcmTWAIN.GetImageInfo
 0001:0000B2E0       TmcmTWAIN.GetImageLayout
 0001:0000B358       TmcmTWAIN.SetImageLayout
 0001:0000B3FC       TmcmTWAIN.GetBitDepth
 0001:0000B474       TmcmTWAIN.SetBitDepth
 0001:0000B52C       TmcmTWAIN.GetBitOrder
 0001:0000B5A4       TmcmTWAIN.SetBitOrder
 0001:0000B65C       TmcmTWAIN.GetMaxFrames
 0001:0000B6D4       TmcmTWAIN.SetMaxFrames
 0001:0000B78C       TmcmTWAIN.GetFrames
 0001:0000B7B8       TmcmTWAIN.SetFrames
 0001:0000B7E8       TmcmTWAIN.GetOrientation
 0001:0000B860       TmcmTWAIN.SetOrientation
 0001:0000B918       TmcmTWAIN.GetMinimumHeight
 0001:0000B9A0       TmcmTWAIN.GetMinimumWidth
 0001:0000BA28       TmcmTWAIN.GetPhysicalHeight
 0001:0000BAB8       TmcmTWAIN.GetPhysicalWidth
 0001:0000BB48       TmcmTWAIN.GetPixelType
 0001:0000BBC0       TmcmTWAIN.SetPixelType
 0001:0000BC78       TmcmTWAIN.GetPlanarChunky
 0001:0000BCF0       TmcmTWAIN.SetPlanarChunky
 0001:0000BDA8       TmcmTWAIN.GetBrightness
 0001:0000BE38       TmcmTWAIN.SetBrightness
 0001:0000BEF4       TmcmTWAIN.GetContrast
 0001:0000BF84       TmcmTWAIN.SetContrast
 0001:0000C040       TmcmTWAIN.GetRotation
 0001:0000C0D0       TmcmTWAIN.SetRotation
 0001:0000C18C       TmcmTWAIN.GetXResolution
 0001:0000C21C       TmcmTWAIN.SetXResolution
 0001:0000C2D8       TmcmTWAIN.GetYResolution
 0001:0000C368       TmcmTWAIN.SetYResolution
 0001:0000C424       TmcmTWAIN.NumImagesToScan
 0001:0000C4D4       TmcmTWAIN.FeederEnabled
 0001:0000C64C       TmcmTWAIN.AutoFeed
 0001:0000C78C       TmcmTWAIN.AutoScan
 0001:0000C7C4       TmcmTWAIN.FeederLoaded
 0001:0000C884       TmcmTWAIN.FeedPage
 0001:0000C8C0       TmcmTWAIN.RewindPage
 0001:0000C8FC       TmcmTWAIN.ClearPage
 0001:0000C938       TmcmTWAIN.PaperDetectable
 0001:0000C9B0       TmcmTWAIN.Duplex
 0001:0000CA28       TmcmTWAIN.GetDuplexEnabled
 0001:0000CAA0       TmcmTWAIN.SetDuplexEnabled
 0001:0000CB58       TmcmTWAIN.GetImagePalette
 0001:0000CBE0       TmcmTWAIN.SetImagePalette
 0001:0000CC04       TmcmTWAIN.GetSourceInfo
 0001:0000CC7C       Finalization
 0001:0000CCAC       mcmTWAIN
 0001:0000D320       TmcmAboutBox.OKButtonClick
 0001:0000D32C       TmcmAboutBox.FormCreate
 0001:0000D330       TmcmAboutBox.FormDestroy
 0001:0000D334       TmcmAboutBox.FormShow
 0001:0000D6E0       TmdURLLabel.Create
 0001:0000D7CC       TmdURLLabel.Destroy
 0001:0000D804       TmdURLLabel.SetAFont
 0001:0000D814       TmdURLLabel.SetLinkFont
 0001:0000D824       TmdURLLabel.SetPassiveFont
 0001:0000D834       TmdURLLabel.SetViewFont
 0001:0000D890       TmdURLLabel.SetURL
 0001:0000D9CC       TmdURLLabel.SetShowPrefix
 0001:0000D9D8       TmdURLLabel.SetLabelType
 0001:0000D9EC       TmdURLLabel.SetLinkType
 0001:0000DAA0       TmdURLLabel.CheckLinkAble
 0001:0000DB6C       TmdURLLabel.SetTheCaption
 0001:0000DC28       TmdURLLabel.Click
 0001:0000DCFC       TmdURLLabel.GetCaption
 0001:0000DD10       TmdURLLabel.SetCaption
 0001:0000DDD0       TmdURLLabel.SetURLAsHint
 0001:0000DDE4       TmdURLLabel.UpdateHint
 0001:0000DE0C       Finalization
 0001:0000DE3C       uTwnAbout3
 0001:0000DFB0       Register
 0001:0000E414       Finalization
 0001:0000E444       InstmcmTwn
 0001:0000E550       TmcmTWAINLog.Create
 0001:0000E678       TmcmTWAINLog.Destroy
 0001:0000E69C       TmcmTWAINLog.Clear
 0001:0000E6A0       TmcmTWAINLog.DeleteLogFile
 0001:0000E6C0       TmcmTWAINLog.Str2File
 0001:0000E768       TmcmTWAINLog.MatchTwainInt
 0001:0000E8F8       TmcmTWAINLog.Triplet2Str
 0001:0000EF58       TmcmTWAINLog.ItemValue2Str
 0001:0000F2DC       TmcmTWAINLog.ItemType2Str
 0001:0000F5E8       TmcmTWAINLog.Identity2Str
 0001:0000F988       TmcmTWAINLog.Parent2Str
 0001:0000FA18       TmcmTWAINLog.DeviceEvent2Str
 0001:0000FF8C       TmcmTWAINLog.ImageInfo2Str
 0001:000103F8       TmcmTWAINLog.Frame2Str
 0001:000105C4       TmcmTWAINLog.ImageLayout2Str
 0001:00010720       TmcmTWAINLog.ImageMemXfer2Str
 0001:00010BB0       TmcmTWAINLog.PendingXfers2Str
 0001:00010C44       TmcmTWAINLog.SetupMemXfer2Str
 0001:00010D94       TmcmTWAINLog.SetupFileXfer2Str
 0001:00010ECC       TmcmTWAINLog.SetupFileXfer22Str
 0001:000110A4       TmcmTWAINLog.UserInterface2Str
 0001:000111DC       TmcmTWAINLog.XferGroup
 0001:00011308       TmcmTWAINLog.Container2Str
 0001:000114FC       TmcmTWAINLog.Msg2Str
 0001:00011C38       TmcmTWAINLog.Dat2Str
 0001:00011CB0       TmcmTWAINLog.Cap2Str
 0001:00011D28       TmcmTWAINLog.Attribute2Str
 0001:00011FD4       TmcmTWAINLog.CapData2Str
 0001:000127C0       Finalization
 0001:000127F0       mcmTWAINLog
 0001:00013010       TDlgTwainPref.FormCreate
 0001:0001316C       TDlgTwainPref.FormDestroy
 0001:00013178       TDlgTwainPref.FormActivate
 0001:00014240       TDlgTwainPref.btnScanClick
 0001:00014314       TDlgTwainPref.btnApplyClick
 0001:00014338       TDlgTwainPref.btnCloseClick
 0001:00014384       TDlgTwainPref.PageControlChange
 0001:000143B4       TDlgTwainPref.cbSourceChange
 0001:00014548       TDlgTwainPref.cbSourceDropDown
 0001:000145C0       TDlgTwainPref.cbDriverSettingClick
 0001:0001463C       TDlgTwainPref.cbPredefNameChange
 0001:00014768       TDlgTwainPref.btnAddClick
 0001:00014834       TDlgTwainPref.btnDeleteClick
 0001:00014920       TDlgTwainPref.cbTransferChange
 0001:000149B0       TDlgTwainPref.cbDisableAfterClick
 0001:000149D4       TDlgTwainPref.cbIndicatorsClick
 0001:00014B58       TDlgTwainPref.eFileNameChange
 0001:00014C28       TDlgTwainPref.btnPathSelectClick
 0001:00014EB8       TDlgTwainPref.cbFileFormatChange
 0001:00015134       TDlgTwainPref.cbUnitChange
 0001:00015444       TDlgTwainPref.rsHorizChange
 0001:00015494       TDlgTwainPref.rsVertChange
 0001:000154A4       TDlgTwainPref.cbHorizChange
 0001:000155C8       TDlgTwainPref.cbVertChange
 0001:00015678       TDlgTwainPref.cbAspectClick
 0001:000156EC       TDlgTwainPref.sbDegreeClick
 0001:00015728       TDlgTwainPref.seRotationChange
 0001:00015738       TDlgTwainPref.cbRotationChange
 0001:000157E8       TDlgTwainPref.TWAINResolution
 0001:00016038       TDlgTwainPref.TWAINNegotiation
 0001:00016DD4       TDlgTwainPref.TWAINUserValues
 0001:00017130       Finalization
 0001:00017160       uTwnDlgPref
 0001:00017500       TDlgTwnSend.FormCreate
 0001:000177C4       TDlgTwnSend.FormClose
 0001:000177F0       TDlgTwnSend.btnSendClick
 0001:00017878       TDlgTwnSend.btnStatusClick
 0001:00017950       TDlgTwnSend.cbDestChange
 0001:00017A64       TDlgTwnSend.cbDGChange
 0001:00017B80       TDlgTwnSend.cbDATChange
 0001:00017CD0       TDlgTwnSend.cbMSGChange
 0001:00017D54       TDlgTwnSend.cbCAPChange
 0001:00017E08       TDlgTwnSend.cbCONChange
 0001:0001C198       TDlgTwnSend.rsNumItemsChange
 0001:0001C404       Finalization
 0001:0001C434       uTwnDlgSend
 0001:0001C5D4       @GetPackageInfoTable
 0001:0001C5DC       @PackageLoad
 0001:0001C5EC       @PackageUnload
 0001:0001C5FC       mcmTWN3
 0002:00000020       CR_LF
 0002:00000024       TWItemSize
 0002:00000060       CmcmCountry
 0002:00001024       ModuleIsLib
 0002:00001025       ModuleIsPackage
 0002:00001028       TlsIndex
 0002:00001030       HInstance
 0002:00001058       mcmAboutBox
 0002:00001068       DlgTwainPref
 0002:00001070       DlgTwnSend
 0002:03843424       MAPIDLL
 0002:04926CD0       DecimalSeparator
 0002:04ACA5B8       Screen
 0002:04ACA5E8       Application
 0002:04BCAAE4       FileMode

Program entry point at 0001:0001C5FC
