
 Start         Length     Name                   Class
 0001:00401000 0004CEC0H .text                   CODE
 0002:0044E000 000002ECH .itext                  ICODE
 0003:0044F000 00000460H .data                   DATA
 0004:00450000 0000007CH .bss                    BSS
 0005:00000000 00000000H .tls                    TLS


Detailed map of segments

 0001:00000000 000003C6 C=CODE     S=.text    G=(none)   M=System   ACBP=A9
 0001:000003C8 000001C3 C=CODE     S=.text    G=(none)   M=SysInit  ACBP=A9
 0001:0000058C 00000076 C=CODE     S=.text    G=(none)   M=ActiveX  ACBP=A9
 0001:00000604 000004D8 C=CODE     S=.text    G=(none)   M=Windows  ACBP=A9
 0001:00000ADC 00000036 C=CODE     S=.text    G=(none)   M=Types    ACBP=A9
 0001:00000B14 00000020 C=CODE     S=.text    G=(none)   M=CommCtrl ACBP=A9
 0001:00000B34 00000006 C=CODE     S=.text    G=(none)   M=UxTheme  ACBP=A9
 0001:00000B3C 000003D6 C=CODE     S=.text    G=(none)   M=Classes  ACBP=A9
 0001:00000F14 0000000E C=CODE     S=.text    G=(none)   M=TypInfo  ACBP=A9
 0001:00000F24 0000008E C=CODE     S=.text    G=(none)   M=SysUtils ACBP=A9
 0001:00000FB4 00000046 C=CODE     S=.text    G=(none)   M=Variants ACBP=A9
 0001:00000FFC 00000006 C=CODE     S=.text    G=(none)   M=VarUtils ACBP=A9
 0001:00001004 0000004E C=CODE     S=.text    G=(none)   M=Themes   ACBP=A9
 0001:00001054 000004EE C=CODE     S=.text    G=(none)   M=Controls ACBP=A9
 0001:00001544 0000000E C=CODE     S=.text    G=(none)   M=ActnList ACBP=A9
 0001:00001554 00000036 C=CODE     S=.text    G=(none)   M=Math     ACBP=A9
 0001:0000158C 00000066 C=CODE     S=.text    G=(none)   M=ImgList  ACBP=A9
 0001:000015F4 000001C6 C=CODE     S=.text    G=(none)   M=Graphics ACBP=A9
 0001:000017BC 00000006 C=CODE     S=.text    G=(none)   M=Registry ACBP=A9
 0001:000017C4 00000006 C=CODE     S=.text    G=(none)   M=IniFiles ACBP=A9
 0001:000017CC 00000096 C=CODE     S=.text    G=(none)   M=Menus    ACBP=A9
 0001:00001864 00000006 C=CODE     S=.text    G=(none)   M=MultiMon ACBP=A9
 0001:0000186C 00000006 C=CODE     S=.text    G=(none)   M=DwmApi   ACBP=A9
 0001:00001874 0000008E C=CODE     S=.text    G=(none)   M=Forms    ACBP=A9
 0001:00001904 00000006 C=CODE     S=.text    G=(none)   M=HelpIntfs ACBP=A9
 0001:0000190C 00000006 C=CODE     S=.text    G=(none)   M=Dialogs  ACBP=A9
 0001:00001914 0000008E C=CODE     S=.text    G=(none)   M=StdCtrls ACBP=A9
 0001:000019A4 00000036 C=CODE     S=.text    G=(none)   M=Printers ACBP=A9
 0001:000019DC 0000001E C=CODE     S=.text    G=(none)   M=StrUtils ACBP=A9
 0001:000019FC 00000006 C=CODE     S=.text    G=(none)   M=ExtCtrls ACBP=A9
 0001:00001A04 00000006 C=CODE     S=.text    G=(none)   M=GraphUtil ACBP=A9
 0001:00001A0C 00000006 C=CODE     S=.text    G=(none)   M=Clipbrd  ACBP=A9
 0001:00001A14 00000006 C=CODE     S=.text    G=(none)   M=FlatSB   ACBP=A9
 0001:00001A1C 0000000E C=CODE     S=.text    G=(none)   M=oleacc   ACBP=A9
 0001:00001A2C 00000006 C=CODE     S=.text    G=(none)   M=ComObj   ACBP=A9
 0001:00001A34 000003E2 C=CODE     S=.text    G=(none)   M=VTAccessibilityFactory ACBP=A9
 0001:00001E18 00000016 C=CODE     S=.text    G=(none)   M=MMSystem ACBP=A9
 0001:00001E30 0000000E C=CODE     S=.text    G=(none)   M=AxCtrls  ACBP=A9
 0001:00001E40 00046245 C=CODE     S=.text    G=(none)   M=VirtualTrees ACBP=A9
 0001:00048088 00000616 C=CODE     S=.text    G=(none)   M=VTHeaderPopup ACBP=A9
 0001:000486A0 0000000E C=CODE     S=.text    G=(none)   M=ColnEdit ACBP=A9
 0001:000486B0 00000006 C=CODE     S=.text    G=(none)   M=ComCtrls ACBP=A9
 0001:000486B8 00000006 C=CODE     S=.text    G=(none)   M=ExtActns ACBP=A9
 0001:000486C0 00000006 C=CODE     S=.text    G=(none)   M=ExtDlgs  ACBP=A9
 0001:000486C8 00000006 C=CODE     S=.text    G=(none)   M=Buttons  ACBP=A9
 0001:000486D0 00000006 C=CODE     S=.text    G=(none)   M=Mapi     ACBP=A9
 0001:000486D8 00000006 C=CODE     S=.text    G=(none)   M=ActnMan  ACBP=A9
 0001:000486E0 00000006 C=CODE     S=.text    G=(none)   M=ActnMenus ACBP=A9
 0001:000486E8 00000006 C=CODE     S=.text    G=(none)   M=XPStyleActnCtrls ACBP=A9
 0001:000486F0 00000136 C=CODE     S=.text    G=(none)   M=DesignEditors ACBP=A9
 0001:00048828 00000016 C=CODE     S=.text    G=(none)   M=DesignIntf ACBP=A9
 0001:00048840 00000006 C=CODE     S=.text    G=(none)   M=ToolsAPI ACBP=A9
 0001:00048848 00000006 C=CODE     S=.text    G=(none)   M=XMLIntf  ACBP=A9
 0001:00048850 00000006 C=CODE     S=.text    G=(none)   M=xmldom   ACBP=A9
 0001:00048858 00000006 C=CODE     S=.text    G=(none)   M=msxmldom ACBP=A9
 0001:00048860 00000006 C=CODE     S=.text    G=(none)   M=DockForm ACBP=A9
 0001:00048868 00000006 C=CODE     S=.text    G=(none)   M=IDEMessages ACBP=A9
 0001:00048870 00000006 C=CODE     S=.text    G=(none)   M=DeskForm ACBP=A9
 0001:00048878 00000006 C=CODE     S=.text    G=(none)   M=BaseDock ACBP=A9
 0001:00048880 00000006 C=CODE     S=.text    G=(none)   M=PercentageDockTree ACBP=A9
 0001:00048888 00000006 C=CODE     S=.text    G=(none)   M=CaptionedDockTree ACBP=A9
 0001:00048890 00000006 C=CODE     S=.text    G=(none)   M=DockTabSet ACBP=A9
 0001:00048898 00000006 C=CODE     S=.text    G=(none)   M=Tabs     ACBP=A9
 0001:000488A0 00000006 C=CODE     S=.text    G=(none)   M=DeskUtil ACBP=A9
 0001:000488A8 00000006 C=CODE     S=.text    G=(none)   M=Proxies  ACBP=A9
 0001:000488B0 00000006 C=CODE     S=.text    G=(none)   M=ToolWnds ACBP=A9
 0001:000488B8 00000006 C=CODE     S=.text    G=(none)   M=ComponentDesigner ACBP=A9
 0001:000488C0 00000006 C=CODE     S=.text    G=(none)   M=IDEHelp  ACBP=A9
 0001:000488C8 00000006 C=CODE     S=.text    G=(none)   M=StFilSys ACBP=A9
 0001:000488D0 00000006 C=CODE     S=.text    G=(none)   M=WideStrings ACBP=A9
 0001:000488D8 00000006 C=CODE     S=.text    G=(none)   M=TopLevels ACBP=A9
 0001:000488E0 00000006 C=CODE     S=.text    G=(none)   M=TreeIntf ACBP=A9
 0001:000488E8 00000006 C=CODE     S=.text    G=(none)   M=AppEvnts ACBP=A9
 0001:000488F0 0000001E C=CODE     S=.text    G=(none)   M=VCLEditors ACBP=A9
 0001:00048910 00000006 C=CODE     S=.text    G=(none)   M=PropertyCategories ACBP=A9
 0001:00048918 00000026 C=CODE     S=.text    G=(none)   M=StrEdit  ACBP=A9
 0001:00048940 00001E3E C=CODE     S=.text    G=(none)   M=VirtualTreesReg ACBP=A9
 0001:0004A780 000022CE C=CODE     S=.text    G=(none)   M=VTAccessibility ACBP=A9
 0001:0004CA50 0000046F C=CODE     S=.text    G=(none)   M=.VirtualTreesD ACBP=A9
 0002:00000000 00000006 C=ICODE    S=.itext   G=(none)   M=System   ACBP=A9
 0002:00000008 00000011 C=ICODE    S=.itext   G=(none)   M=Windows  ACBP=A9
 0002:0000001C 00000006 C=ICODE    S=.itext   G=(none)   M=UxTheme  ACBP=A9
 0002:00000024 00000006 C=ICODE    S=.itext   G=(none)   M=Classes  ACBP=A9
 0002:0000002C 00000006 C=ICODE    S=.itext   G=(none)   M=TypInfo  ACBP=A9
 0002:00000034 00000006 C=ICODE    S=.itext   G=(none)   M=SysUtils ACBP=A9
 0002:0000003C 00000006 C=ICODE    S=.itext   G=(none)   M=Variants ACBP=A9
 0002:00000044 00000006 C=ICODE    S=.itext   G=(none)   M=VarUtils ACBP=A9
 0002:0000004C 00000006 C=ICODE    S=.itext   G=(none)   M=Themes   ACBP=A9
 0002:00000054 00000006 C=ICODE    S=.itext   G=(none)   M=Controls ACBP=A9
 0002:0000005C 00000006 C=ICODE    S=.itext   G=(none)   M=ActnList ACBP=A9
 0002:00000064 00000006 C=ICODE    S=.itext   G=(none)   M=Graphics ACBP=A9
 0002:0000006C 00000006 C=ICODE    S=.itext   G=(none)   M=Registry ACBP=A9
 0002:00000074 00000006 C=ICODE    S=.itext   G=(none)   M=IniFiles ACBP=A9
 0002:0000007C 00000006 C=ICODE    S=.itext   G=(none)   M=Menus    ACBP=A9
 0002:00000084 00000006 C=ICODE    S=.itext   G=(none)   M=MultiMon ACBP=A9
 0002:0000008C 00000006 C=ICODE    S=.itext   G=(none)   M=DwmApi   ACBP=A9
 0002:00000094 00000006 C=ICODE    S=.itext   G=(none)   M=Forms    ACBP=A9
 0002:0000009C 00000006 C=ICODE    S=.itext   G=(none)   M=HelpIntfs ACBP=A9
 0002:000000A4 00000006 C=ICODE    S=.itext   G=(none)   M=Dialogs  ACBP=A9
 0002:000000AC 00000006 C=ICODE    S=.itext   G=(none)   M=Printers ACBP=A9
 0002:000000B4 00000006 C=ICODE    S=.itext   G=(none)   M=ExtCtrls ACBP=A9
 0002:000000BC 00000006 C=ICODE    S=.itext   G=(none)   M=GraphUtil ACBP=A9
 0002:000000C4 00000006 C=ICODE    S=.itext   G=(none)   M=Clipbrd  ACBP=A9
 0002:000000CC 00000006 C=ICODE    S=.itext   G=(none)   M=FlatSB   ACBP=A9
 0002:000000D4 00000006 C=ICODE    S=.itext   G=(none)   M=ComObj   ACBP=A9
 0002:000000DC 00000008 C=ICODE    S=.itext   G=(none)   M=VTAccessibilityFactory ACBP=A9
 0002:000000E4 00000006 C=ICODE    S=.itext   G=(none)   M=AxCtrls  ACBP=A9
 0002:000000EC 00000033 C=ICODE    S=.itext   G=(none)   M=VirtualTrees ACBP=A9
 0002:00000120 00000008 C=ICODE    S=.itext   G=(none)   M=VTHeaderPopup ACBP=A9
 0002:00000128 00000006 C=ICODE    S=.itext   G=(none)   M=ColnEdit ACBP=A9
 0002:00000130 00000006 C=ICODE    S=.itext   G=(none)   M=ComCtrls ACBP=A9
 0002:00000138 00000006 C=ICODE    S=.itext   G=(none)   M=ExtActns ACBP=A9
 0002:00000140 00000006 C=ICODE    S=.itext   G=(none)   M=ExtDlgs  ACBP=A9
 0002:00000148 00000006 C=ICODE    S=.itext   G=(none)   M=Buttons  ACBP=A9
 0002:00000150 00000006 C=ICODE    S=.itext   G=(none)   M=Mapi     ACBP=A9
 0002:00000158 00000006 C=ICODE    S=.itext   G=(none)   M=ActnMan  ACBP=A9
 0002:00000160 00000006 C=ICODE    S=.itext   G=(none)   M=ActnMenus ACBP=A9
 0002:00000168 00000006 C=ICODE    S=.itext   G=(none)   M=XPStyleActnCtrls ACBP=A9
 0002:00000170 00000006 C=ICODE    S=.itext   G=(none)   M=DesignEditors ACBP=A9
 0002:00000178 00000006 C=ICODE    S=.itext   G=(none)   M=ToolsAPI ACBP=A9
 0002:00000180 00000006 C=ICODE    S=.itext   G=(none)   M=XMLIntf  ACBP=A9
 0002:00000188 00000006 C=ICODE    S=.itext   G=(none)   M=xmldom   ACBP=A9
 0002:00000190 00000006 C=ICODE    S=.itext   G=(none)   M=msxmldom ACBP=A9
 0002:00000198 00000006 C=ICODE    S=.itext   G=(none)   M=DockForm ACBP=A9
 0002:000001A0 00000006 C=ICODE    S=.itext   G=(none)   M=IDEMessages ACBP=A9
 0002:000001A8 00000006 C=ICODE    S=.itext   G=(none)   M=DeskForm ACBP=A9
 0002:000001B0 00000006 C=ICODE    S=.itext   G=(none)   M=BaseDock ACBP=A9
 0002:000001B8 00000006 C=ICODE    S=.itext   G=(none)   M=PercentageDockTree ACBP=A9
 0002:000001C0 00000006 C=ICODE    S=.itext   G=(none)   M=CaptionedDockTree ACBP=A9
 0002:000001C8 00000006 C=ICODE    S=.itext   G=(none)   M=DockTabSet ACBP=A9
 0002:000001D0 00000006 C=ICODE    S=.itext   G=(none)   M=Tabs     ACBP=A9
 0002:000001D8 00000006 C=ICODE    S=.itext   G=(none)   M=DeskUtil ACBP=A9
 0002:000001E0 00000006 C=ICODE    S=.itext   G=(none)   M=Proxies  ACBP=A9
 0002:000001E8 00000006 C=ICODE    S=.itext   G=(none)   M=ToolWnds ACBP=A9
 0002:000001F0 00000006 C=ICODE    S=.itext   G=(none)   M=ComponentDesigner ACBP=A9
 0002:000001F8 00000006 C=ICODE    S=.itext   G=(none)   M=IDEHelp  ACBP=A9
 0002:00000200 00000006 C=ICODE    S=.itext   G=(none)   M=StFilSys ACBP=A9
 0002:00000208 00000006 C=ICODE    S=.itext   G=(none)   M=WideStrings ACBP=A9
 0002:00000210 00000006 C=ICODE    S=.itext   G=(none)   M=TopLevels ACBP=A9
 0002:00000218 00000006 C=ICODE    S=.itext   G=(none)   M=TreeIntf ACBP=A9
 0002:00000220 00000006 C=ICODE    S=.itext   G=(none)   M=AppEvnts ACBP=A9
 0002:00000228 00000006 C=ICODE    S=.itext   G=(none)   M=VCLEditors ACBP=A9
 0002:00000230 00000006 C=ICODE    S=.itext   G=(none)   M=PropertyCategories ACBP=A9
 0002:00000238 00000008 C=ICODE    S=.itext   G=(none)   M=VirtualTreesReg ACBP=A9
 0002:00000240 000000A1 C=ICODE    S=.itext   G=(none)   M=VTAccessibility ACBP=A9
 0002:000002E4 00000005 C=ICODE    S=.itext   G=(none)   M=.VirtualTreesD ACBP=A9
 0003:00000000 00000030 C=DATA     S=.data    G=DGROUP   M=SysInit  ACBP=A9
 0003:00000030 00000005 C=DATA     S=.data    G=DGROUP   M=VTAccessibilityFactory ACBP=A9
 0003:00000038 0000039C C=DATA     S=.data    G=DGROUP   M=VirtualTrees ACBP=A9
 0003:000003D4 00000038 C=DATA     S=.data    G=DGROUP   M=VTAccessibility ACBP=A9
 0004:00000000 0000000C C=BSS      S=.bss     G=DGROUP   M=SysInit  ACBP=A9
 0004:0000000C 00000008 C=BSS      S=.bss     G=DGROUP   M=Windows  ACBP=A9
 0004:00000014 00000004 C=BSS      S=.bss     G=DGROUP   M=VTAccessibilityFactory ACBP=A9
 0004:00000018 0000004C C=BSS      S=.bss     G=DGROUP   M=VirtualTrees ACBP=A9
 0004:00000064 00000004 C=BSS      S=.bss     G=DGROUP   M=VTHeaderPopup ACBP=A9
 0004:00000068 00000004 C=BSS      S=.bss     G=DGROUP   M=VirtualTreesReg ACBP=A9
 0004:0000006C 00000010 C=BSS      S=.bss     G=DGROUP   M=VTAccessibility ACBP=A9


  Address             Publics by Name

 0002:000002E4       .VirtualTreesD..VirtualTreesD
 0001:0004CEA0       .VirtualTreesD.@GetPackageInfoTable
 0001:0004CEA8       .VirtualTreesD.@PackageLoad
 0001:0004CEB4       .VirtualTreesD.@PackageUnload
 0001:00000B14       CommCtrl.ImageList_Create
 0001:00000B28       CommCtrl.ImageList_DragShowNolock
 0001:00000B20       CommCtrl.ImageList_DrawEx
 0001:00000B1C       CommCtrl.IndexToOverlayMask
 0001:00000B30       CommCtrl.IndexToStateImageMask
 0001:00001E18       MMSystem.timeBeginPeriod
 0001:00001E20       MMSystem.timeEndPeriod
 0001:00001E28       MMSystem.timeGetTime
 0001:00000510       SysInit.@InitPkg
 0001:00000574       SysInit.@PackageLoad
 0001:00000580       SysInit.@PackageUnload
 0001:00000400       SysInit.AllocTlsBuffer
 0001:000004BC       SysInit.ExitProcessTLS
 0001:00000484       SysInit.ExitThreadTLS
 0001:000003C8       SysInit.FreeLibrary
 0001:0000040C       SysInit.GetTlsSize
 0004:00000004       SysInit.HInstance
 0001:000004E0       SysInit.InitializeModule
 0001:00000458       SysInit.InitProcessTLS
 0001:00000414       SysInit.InitThreadTLS
 0001:000003D0       SysInit.LocalAlloc
 0001:000003D8       SysInit.LocalFree
 0003:00000008       SysInit.Module
 0004:00000000       SysInit.ModuleIsLib
 0004:00000001       SysInit.ModuleIsPackage
 0003:00000004       SysInit.PtrToNil
 0001:000003E0       SysInit.TlsAlloc
 0004:00000008       SysInit.tlsBuffer
 0001:000003E8       SysInit.TlsFree
 0001:000003F0       SysInit.TlsGetValue
 0003:00000000       SysInit.TlsIndex
 0005:00000000       SysInit.TlsLast
 0003:00000020       SysInit.TlsProc
 0001:000003F8       SysInit.TlsSetValue
 0001:000004EC       SysInit.UninitializeModule
 0004:00000028       VirtualTrees..23
 0001:00001E40       VirtualTrees..EVirtualTreeError
 0001:0000F8CC       VirtualTrees..StyleServices
 0001:00008B90       VirtualTrees..TBaseVirtualTree
 0001:0000FB84       VirtualTrees..TBufferedAnsiString
 0001:0000FC74       VirtualTrees..TClipboardFormatList
 0001:00005ED0       VirtualTrees..TClipboardFormats
 0001:0000FAC0       VirtualTrees..TCriticalSection
 0001:000092C8       VirtualTrees..TCustomStringTreeOptions
 0001:0000CD10       VirtualTrees..TCustomVirtualDrawTree
 0001:00009DC8       VirtualTrees..TCustomVirtualStringTree
 0001:00002F84       VirtualTrees..TCustomVirtualTreeOptions
 0001:00003348       VirtualTrees..TEnumFormatEtc
 0001:0003EF68       VirtualTrees..TOLEMemoryStream
 0001:00005590       VirtualTrees..TScrollBarOptions
 0001:000097BC       VirtualTrees..TStringEditLink
 0001:00009378       VirtualTrees..TStringTreeOptions
 0001:0000D1F4       VirtualTrees..TVirtualDrawTree
 0001:0000A2E8       VirtualTrees..TVirtualStringTree
 0001:00003D98       VirtualTrees..TVirtualTreeColumn
 0001:00004208       VirtualTrees..TVirtualTreeColumns
 0001:0000394C       VirtualTrees..TVirtualTreeHintWindow
 0001:00003034       VirtualTrees..TVirtualTreeOptions
 0001:00005704       VirtualTrees..TVTColors
 0001:000035D4       VirtualTrees..TVTDataObject
 0001:00003C14       VirtualTrees..TVTDragImage
 0001:00003818       VirtualTrees..TVTDragManager
 0001:00009530       VirtualTrees..TVTEdit
 0001:00004324       VirtualTrees..TVTFixedAreaConstraints
 0001:000047F0       VirtualTrees..TVTHeader
 0001:0000FBE4       VirtualTrees..TWideBufferedString
 0001:0000FB20       VirtualTrees..TWorkerThread
 0001:00012160       VirtualTrees.AddNodeImages
 0001:0001225C       VirtualTrees.AddSystemImage
 0001:00012D84       VirtualTrees.AddThreadReference
 0001:0001748C       VirtualTrees.AdjustColumnIndex
 0003:000000B4       VirtualTrees.AlignmentToDrawFlag
 0001:00011AF0       VirtualTrees.AlphaBlend
 0001:00011784       VirtualTrees.AlphaBlendLineConstant
 0001:00011868       VirtualTrees.AlphaBlendLineMaster
 0001:000118EC       VirtualTrees.AlphaBlendLineMasterAndColor
 0001:000117F8       VirtualTrees.AlphaBlendLinePerPixel
 0001:00033F80       VirtualTrees.AlphaBlendSelection
 0001:00011A9C       VirtualTrees.CalculateScanline
 0004:00000022       VirtualTrees.CF_CSV
 0004:00000020       VirtualTrees.CF_HTML
 0004:00000018       VirtualTrees.CF_VIRTUALTREE
 0004:0000001C       VirtualTrees.CF_VRTF
 0004:0000001E       VirtualTrees.CF_VRTFNOOBJS
 0004:0000001A       VirtualTrees.CF_VTREFERENCE
 0001:0001F258       VirtualTrees.ChangeWidth
 0003:0000022C       VirtualTrees.CheckStateToCheckImage
 0003:000000C0       VirtualTrees.ClipboardDescriptions
 0001:00012624       VirtualTrees.ClipCanvas
 0003:00000068       VirtualTrees.CLSID_DragDropHelper
 0001:0002FF50       VirtualTrees.CodePageFromLocale
 0001:0001E254       VirtualTrees.ComputeConstraints
 0001:00011E64       VirtualTrees.ConvertImageList
 0001:00018C68       VirtualTrees.ConvertOptions
 0001:0004450C       VirtualTrees.ConvertSurrogate
 0003:00000088       VirtualTrees.Copyright
 0001:000352F0       VirtualTrees.CreateClipRegion
 0001:000123A4       VirtualTrees.CreateSystemImageSet
 0003:0000037C       VirtualTrees.Ctl3DStyles
 0004:0000003C       VirtualTrees.DarkCheckImages
 0004:00000044       VirtualTrees.DarkTickImages
 0001:0001E8AC       VirtualTrees.DoAutoFitColumn
 0001:00024FC0       VirtualTrees.DoScrollDown
 0001:00024EE4       VirtualTrees.DoScrollUp
 0001:00014DF4       VirtualTrees.DoShadowBlend
 0001:0003FEF4       VirtualTrees.DoSort
 0001:00034018       VirtualTrees.DrawBackground
 0001:0001AED0       VirtualTrees.DrawBackground
 0001:00014E34       VirtualTrees.DrawHintShadow
 0003:0000036C       VirtualTrees.EdgeStyles
 0001:00011940       VirtualTrees.EMMS
 0001:00010378       VirtualTrees.EnumerateVTClipboardFormats
 0001:00010344       VirtualTrees.EnumerateVTClipboardFormats
 0001:00024DCC       VirtualTrees.EraseLine
 0003:00000164       VirtualTrees.FHintWindowDestroyed
 0001:00022668       VirtualTrees.FillBitmap
 0001:00011150       VirtualTrees.FillDragRectangles
 0001:00047FFC       VirtualTrees.Finalization
 0001:00012C14       VirtualTrees.FinalizeGlobalStructures
 0003:000003C8       VirtualTrees.FirstByteMark
 0004:00000048       VirtualTrees.FlatImages
 0001:00011944       VirtualTrees.GetBitmapBitsFromDeviceContext
 0001:0002BDA4       VirtualTrees.GetDragOperations
 0001:00035F44       VirtualTrees.GetRandomRgn
 0001:00026A08       VirtualTrees.GetRealScrollPosition
 0001:000291F4       VirtualTrees.GetRealScrollPosition
 0001:00011E34       VirtualTrees.GetRGBColor
 0001:000110FC       VirtualTrees.GetStringDrawRect
 0001:0001E86C       VirtualTrees.GetUseSmartColumnWidth
 0001:000103AC       VirtualTrees.GetVTClipboardFormatDescription
 0003:00000140       VirtualTrees.Grays
 0001:00012508       VirtualTrees.HasMMX
 0001:0001CECC       VirtualTrees.HSPlitterHit
 0003:00000048       VirtualTrees.IID_IDragSourceHelper
 0003:00000058       VirtualTrees.IID_IDropTarget
 0003:00000038       VirtualTrees.IID_IDropTargetHelper
 0003:000003BC       VirtualTrees.ImageKind
 0001:0001F1A0       VirtualTrees.IncDelta
 0001:0003B798       VirtualTrees.IncludeThisNode
 0004:0000005C       VirtualTrees.Initialized
 0001:00012728       VirtualTrees.InitializeGlobalStructures
 0003:0000034C       VirtualTrees.InnerStyles
 0004:00000060       VirtualTrees.InternalClipboardFormats
 0001:0001C354       VirtualTrees.IsNearBy
 0001:0001F104       VirtualTrees.IsResizable
 0004:00000025       VirtualTrees.IsWinVistaOrAbove
 0001:0002FFCC       VirtualTrees.KeyUnicode
 0004:00000038       VirtualTrees.LightCheckImages
 0004:00000040       VirtualTrees.LightTickImages
 0003:00000178       VirtualTrees.LineBitsDotted
 0003:0000018C       VirtualTrees.LineBitsSolid
 0003:000000A0       VirtualTrees.MagicID
 0001:00043FD4       VirtualTrees.MakeFragment
 0003:00000160       VirtualTrees.MaskColor
 0003:000003C0       VirtualTrees.MaximumUCS4
 0001:0003FB60       VirtualTrees.MergeAscending
 0001:0003FBF4       VirtualTrees.MergeDescending
 0001:0003FC88       VirtualTrees.MergeSortAscending
 0001:0003FCE8       VirtualTrees.MergeSortDescending
 0004:00000024       VirtualTrees.MMXAvailable
 0004:0000005D       VirtualTrees.NeedToUnitialize
 0003:0000019C       VirtualTrees.OptionMap
 0001:000106D0       VirtualTrees.OrderRect
 0003:0000035C       VirtualTrees.OuterStyles
 0001:0001AFE4       VirtualTrees.PaintColumnHeader
 0001:0001AC00       VirtualTrees.PaintFixedArea
 0003:0000038C       VirtualTrees.PanningWindowClass
 0001:0004005C       VirtualTrees.PrepareAnimation
 0001:0001AE04       VirtualTrees.PrepareButtonStyles
 0003:00000078       VirtualTrees.PressedState
 0001:0001253C       VirtualTrees.PrtStretchDrawDIB
 0001:0000FD48       VirtualTrees.QuickSort
 0001:0001070C       VirtualTrees.QuickSort
 0001:0001F36C       VirtualTrees.ReduceConstraints
 0001:000103E8       VirtualTrees.RegisterVTClipboardFormat
 0001:00010500       VirtualTrees.RegisterVTClipboardFormat
 0001:00012DD4       VirtualTrees.ReleaseThreadReference
 0003:000003C4       VirtualTrees.ReplacementCharacter
 0003:000000AC       VirtualTrees.RTLFlag
 0003:0000021C       VirtualTrees.ScrollBar
 0003:000003B4       VirtualTrees.ScrollMasks
 0001:00045FB8       VirtualTrees.SelectColor
 0001:00045ED4       VirtualTrees.SelectFont
 0001:000126DC       VirtualTrees.SetBrushOrigin
 0001:0001267C       VirtualTrees.SetCanvasOrigin
 0001:0002FBFC       VirtualTrees.SetupNavigation
 0001:00010808       VirtualTrees.ShortenString
 0001:000105B8       VirtualTrees.ShowError
 0003:00000168       VirtualTrees.SortGlyphs
 0003:0000008C       VirtualTrees.StandardOLEFormat
 0003:00000384       VirtualTrees.Style
 0001:0000F934       VirtualTrees.StyleServices.DrawEdge
 0001:0000FA0C       VirtualTrees.StyleServices.DrawElement
 0001:0000F928       VirtualTrees.StyleServices.Enabled
 0001:0000FA48       VirtualTrees.StyleServices.GetElementDetails
 0001:0000FA60       VirtualTrees.StyleServices.GetElementDetails
 0001:0000FA78       VirtualTrees.StyleServices.GetElementDetails
 0001:0000FA90       VirtualTrees.StyleServices.GetElementDetails
 0001:0000FAA8       VirtualTrees.StyleServices.PaintBorder
 0003:00000150       VirtualTrees.SysGrays
 0004:00000054       VirtualTrees.SystemCheckImages
 0004:00000058       VirtualTrees.SystemFlatCheckImages
 0001:000364A0       VirtualTrees.TBaseVirtualTree.AbsoluteIndex
 0001:000364FC       VirtualTrees.TBaseVirtualTree.AddChild
 0001:0003670C       VirtualTrees.TBaseVirtualTree.AddFromStream
 0001:000294B0       VirtualTrees.TBaseVirtualTree.AddToSelection
 0001:000293C4       VirtualTrees.TBaseVirtualTree.AddToSelection
 0001:000203CC       VirtualTrees.TBaseVirtualTree.AdjustCoordinatesByIndent
 0001:0002953C       VirtualTrees.TBaseVirtualTree.AdjustImageBorder
 0001:000295B8       VirtualTrees.TBaseVirtualTree.AdjustPaintCellRect
 0001:000295DC       VirtualTrees.TBaseVirtualTree.AdjustPanningCursor
 0001:00020434       VirtualTrees.TBaseVirtualTree.AdjustTotalCount
 0001:00020468       VirtualTrees.TBaseVirtualTree.AdjustTotalHeight
 0001:00029920       VirtualTrees.TBaseVirtualTree.AdviseChangeEvent
 0001:0003692C       VirtualTrees.TBaseVirtualTree.AfterConstruction
 0001:000299DC       VirtualTrees.TBaseVirtualTree.AllocateInternalDataArea
 0001:00029AD8       VirtualTrees.TBaseVirtualTree.Animate
 0001:0003694C       VirtualTrees.TBaseVirtualTree.Assign
 0001:00036C74       VirtualTrees.TBaseVirtualTree.BeginDrag
 0001:00036D48       VirtualTrees.TBaseVirtualTree.BeginSynch
 0001:00036E70       VirtualTrees.TBaseVirtualTree.BeginUpdate
 0001:000204CC       VirtualTrees.TBaseVirtualTree.CalculateCacheEntryCount
 0001:00029D10       VirtualTrees.TBaseVirtualTree.CalculateSelectionRect
 0001:00020504       VirtualTrees.TBaseVirtualTree.CalculateVerticalAlignments
 0001:00029E08       VirtualTrees.TBaseVirtualTree.CanAutoScroll
 0001:00036EDC       VirtualTrees.TBaseVirtualTree.CancelCutOrCopy
 0001:00036F64       VirtualTrees.TBaseVirtualTree.CancelEditNode
 0001:00036FC8       VirtualTrees.TBaseVirtualTree.CancelOperation
 0001:00036FDC       VirtualTrees.TBaseVirtualTree.CanEdit
 0001:0003702C       VirtualTrees.TBaseVirtualTree.CanFocus
 0001:00029F30       VirtualTrees.TBaseVirtualTree.CanShowDragImage
 0001:00029F3C       VirtualTrees.TBaseVirtualTree.CanSplitterResizeNode
 0001:00029FB4       VirtualTrees.TBaseVirtualTree.Change
 0001:00020658       VirtualTrees.TBaseVirtualTree.ChangeCheckState
 0001:0002A010       VirtualTrees.TBaseVirtualTree.ChangeScale
 0001:0003B6C0       VirtualTrees.TBaseVirtualTree.CheckedNodes
 0001:0002A088       VirtualTrees.TBaseVirtualTree.CheckParentCheckState
 0001:0003B6D8       VirtualTrees.TBaseVirtualTree.ChildNodes
 0001:00037068       VirtualTrees.TBaseVirtualTree.Clear
 0001:000371DC       VirtualTrees.TBaseVirtualTree.ClearChecked
 0001:00021294       VirtualTrees.TBaseVirtualTree.ClearNodeBackground
 0001:00037214       VirtualTrees.TBaseVirtualTree.ClearSelection
 0001:0002A188       VirtualTrees.TBaseVirtualTree.ClearTempCache
 0001:000251C4       VirtualTrees.TBaseVirtualTree.CMBiDiModeChanged
 0001:0002517C       VirtualTrees.TBaseVirtualTree.CMColorChange
 0001:000251A8       VirtualTrees.TBaseVirtualTree.CMCtl3DChanged
 0001:00025268       VirtualTrees.TBaseVirtualTree.CMDenySubclassing
 0001:00025270       VirtualTrees.TBaseVirtualTree.CMDrag
 0001:000255C0       VirtualTrees.TBaseVirtualTree.CMEnabledChanged
 0001:000255E8       VirtualTrees.TBaseVirtualTree.CMFontChanged
 0001:00025648       VirtualTrees.TBaseVirtualTree.CMHintShow
 0001:00025EA0       VirtualTrees.TBaseVirtualTree.CMHintShowPause
 0001:00025F1C       VirtualTrees.TBaseVirtualTree.CMMouseLeave
 0001:00026080       VirtualTrees.TBaseVirtualTree.CMMouseWheel
 0001:00026280       VirtualTrees.TBaseVirtualTree.CMSysColorChange
 0001:00020970       VirtualTrees.TBaseVirtualTree.CollectSelectedNodesLTR
 0001:00020DFC       VirtualTrees.TBaseVirtualTree.CollectSelectedNodesRTL
 0001:0002A1A8       VirtualTrees.TBaseVirtualTree.ColumnIsEmpty
 0001:00021528       VirtualTrees.TBaseVirtualTree.CompareNodePositions
 0001:0002A1D8       VirtualTrees.TBaseVirtualTree.ComputeRTLOffset
 0001:00037348       VirtualTrees.TBaseVirtualTree.CopyTo
 0001:00037328       VirtualTrees.TBaseVirtualTree.CopyTo
 0001:00037634       VirtualTrees.TBaseVirtualTree.CopyToClipBoard
 0001:0002A268       VirtualTrees.TBaseVirtualTree.CountLevelDifference
 0001:0002A34C       VirtualTrees.TBaseVirtualTree.CountVisibleChildren
 0001:0001FF6C       VirtualTrees.TBaseVirtualTree.Create
 0001:0002A3AC       VirtualTrees.TBaseVirtualTree.CreateParams
 0001:0002A43C       VirtualTrees.TBaseVirtualTree.CreateWnd
 0001:0003B6E4       VirtualTrees.TBaseVirtualTree.CutCopyNodes
 0001:000376F4       VirtualTrees.TBaseVirtualTree.CutToClipBoard
 0001:0002A62C       VirtualTrees.TBaseVirtualTree.DefineProperties
 0001:0003776C       VirtualTrees.TBaseVirtualTree.DeleteChildren
 0001:00037AD4       VirtualTrees.TBaseVirtualTree.DeleteNode
 0001:00037D4C       VirtualTrees.TBaseVirtualTree.DeleteSelectedNodes
 0001:00020294       VirtualTrees.TBaseVirtualTree.Destroy
 0001:0002A6D0       VirtualTrees.TBaseVirtualTree.DetermineDropMode
 0001:0002A7A4       VirtualTrees.TBaseVirtualTree.DetermineHiddenChildrenFlag
 0001:0002A7F8       VirtualTrees.TBaseVirtualTree.DetermineHiddenChildrenFlagAllNodes
 0001:0002A82C       VirtualTrees.TBaseVirtualTree.DetermineHitPositionLTR
 0001:0002AB84       VirtualTrees.TBaseVirtualTree.DetermineHitPositionRTL
 0001:0002AE5C       VirtualTrees.TBaseVirtualTree.DetermineLineImageAndSelectLevel
 0001:0002B250       VirtualTrees.TBaseVirtualTree.DetermineNextCheckState
 0001:0002B274       VirtualTrees.TBaseVirtualTree.DetermineScrollDirections
 0001:0002B484       VirtualTrees.TBaseVirtualTree.DoAdvancedHeaderDraw
 0001:0002B4B4       VirtualTrees.TBaseVirtualTree.DoAfterCellPaint
 0001:0002B4F8       VirtualTrees.TBaseVirtualTree.DoAfterItemErase
 0001:0002B538       VirtualTrees.TBaseVirtualTree.DoAfterItemPaint
 0001:0002B578       VirtualTrees.TBaseVirtualTree.DoAfterPaint
 0001:0002B598       VirtualTrees.TBaseVirtualTree.DoAutoScroll
 0001:0002B6EC       VirtualTrees.TBaseVirtualTree.DoBeforeCellPaint
 0001:0002B6BC       VirtualTrees.TBaseVirtualTree.DoBeforeDrag
 0001:0002C2A4       VirtualTrees.TBaseVirtualTree.DoBeforeDrawLineImage
 0001:0002B780       VirtualTrees.TBaseVirtualTree.DoBeforeItemErase
 0001:0002B7C8       VirtualTrees.TBaseVirtualTree.DoBeforeItemPaint
 0001:0002B814       VirtualTrees.TBaseVirtualTree.DoBeforePaint
 0001:0002B834       VirtualTrees.TBaseVirtualTree.DoCancelEdit
 0001:0002B8E0       VirtualTrees.TBaseVirtualTree.DoCanEdit
 0001:0002B90C       VirtualTrees.TBaseVirtualTree.DoCanSplitterResizeNode
 0001:0002B94C       VirtualTrees.TBaseVirtualTree.DoChange
 0001:0002B9A8       VirtualTrees.TBaseVirtualTree.DoCheckClick
 0001:0002B9D0       VirtualTrees.TBaseVirtualTree.DoChecked
 0001:0002BA10       VirtualTrees.TBaseVirtualTree.DoChecking
 0001:0002BA54       VirtualTrees.TBaseVirtualTree.DoCollapsed
 0001:0002BA94       VirtualTrees.TBaseVirtualTree.DoCollapsing
 0001:0002BAC0       VirtualTrees.TBaseVirtualTree.DoColumnClick
 0001:0002BAEC       VirtualTrees.TBaseVirtualTree.DoColumnDblClick
 0001:0002BB18       VirtualTrees.TBaseVirtualTree.DoColumnResize
 0001:0002BCBC       VirtualTrees.TBaseVirtualTree.DoCompare
 0001:0002BCF4       VirtualTrees.TBaseVirtualTree.DoCreateDataObject
 0001:0002BD28       VirtualTrees.TBaseVirtualTree.DoCreateDragManager
 0001:0002BD5C       VirtualTrees.TBaseVirtualTree.DoCreateEditor
 0001:0002C204       VirtualTrees.TBaseVirtualTree.DoDragDrop
 0001:0002C0A8       VirtualTrees.TBaseVirtualTree.DoDragExpand
 0001:0002BE04       VirtualTrees.TBaseVirtualTree.DoDragging
 0001:0002C1A8       VirtualTrees.TBaseVirtualTree.DoDragOver
 0001:0002C2D0       VirtualTrees.TBaseVirtualTree.DoEdit
 0001:0002C494       VirtualTrees.TBaseVirtualTree.DoEndDrag
 0001:0002C4BC       VirtualTrees.TBaseVirtualTree.DoEndEdit
 0001:0002C568       VirtualTrees.TBaseVirtualTree.DoEndOperation
 0001:0002C588       VirtualTrees.TBaseVirtualTree.DoExpanded
 0001:0002C5C8       VirtualTrees.TBaseVirtualTree.DoExpanding
 0001:0002C5F4       VirtualTrees.TBaseVirtualTree.DoFocusChange
 0001:0002C6A8       VirtualTrees.TBaseVirtualTree.DoFocusChanging
 0001:0002C710       VirtualTrees.TBaseVirtualTree.DoFocusNode
 0001:0002C8E8       VirtualTrees.TBaseVirtualTree.DoFreeNode
 0001:0002C974       VirtualTrees.TBaseVirtualTree.DoGetAnimationType
 0001:0002C9D0       VirtualTrees.TBaseVirtualTree.DoGetCellContentMargin
 0001:0002CB00       VirtualTrees.TBaseVirtualTree.DoGetCursor
 0001:0002CB20       VirtualTrees.TBaseVirtualTree.DoGetHeaderCursor
 0001:0002CB44       VirtualTrees.TBaseVirtualTree.DoGetImageIndex
 0001:0002CBB0       VirtualTrees.TBaseVirtualTree.DoGetImageText
 0001:0002CBE0       VirtualTrees.TBaseVirtualTree.DoGetLineStyle
 0001:0002CC40       VirtualTrees.TBaseVirtualTree.DoGetNodeExtraWidth
 0001:0002CC00       VirtualTrees.TBaseVirtualTree.DoGetNodeHint
 0001:0002CC20       VirtualTrees.TBaseVirtualTree.DoGetNodeTooltip
 0001:0002CC4C       VirtualTrees.TBaseVirtualTree.DoGetNodeWidth
 0001:0002CC58       VirtualTrees.TBaseVirtualTree.DoGetPopupMenu
 0001:0002CCEC       VirtualTrees.TBaseVirtualTree.DoGetUserClipboardFormats
 0001:0002CD0C       VirtualTrees.TBaseVirtualTree.DoHeaderClick
 0001:0002CD44       VirtualTrees.TBaseVirtualTree.DoHeaderDblClick
 0001:0002CD7C       VirtualTrees.TBaseVirtualTree.DoHeaderDragged
 0001:0002CDAC       VirtualTrees.TBaseVirtualTree.DoHeaderDraggedOut
 0001:0002CDE0       VirtualTrees.TBaseVirtualTree.DoHeaderDragging
 0001:0002CE10       VirtualTrees.TBaseVirtualTree.DoHeaderDraw
 0001:0002CE60       VirtualTrees.TBaseVirtualTree.DoHeaderDrawQueryElements
 0001:0002CE84       VirtualTrees.TBaseVirtualTree.DoHeaderMouseDown
 0001:0002CEC0       VirtualTrees.TBaseVirtualTree.DoHeaderMouseMove
 0001:0002CEF8       VirtualTrees.TBaseVirtualTree.DoHeaderMouseUp
 0001:0002CF34       VirtualTrees.TBaseVirtualTree.DoHotChange
 0001:0002CF54       VirtualTrees.TBaseVirtualTree.DoIncrementalSearch
 0001:0002CF84       VirtualTrees.TBaseVirtualTree.DoInitChildren
 0001:0002CFA4       VirtualTrees.TBaseVirtualTree.DoInitNode
 0001:0002CFD0       VirtualTrees.TBaseVirtualTree.DoKeyAction
 0001:0002D000       VirtualTrees.TBaseVirtualTree.DoLoadUserData
 0001:0002D040       VirtualTrees.TBaseVirtualTree.DoMeasureItem
 0001:0002D0BC       VirtualTrees.TBaseVirtualTree.DoNodeClick
 0001:0002D06C       VirtualTrees.TBaseVirtualTree.DoNodeCopied
 0001:0002D08C       VirtualTrees.TBaseVirtualTree.DoNodeCopying
 0001:0002D0DC       VirtualTrees.TBaseVirtualTree.DoNodeDblClick
 0001:0002D0FC       VirtualTrees.TBaseVirtualTree.DoNodeHeightDblClickResize
 0001:0002D148       VirtualTrees.TBaseVirtualTree.DoNodeHeightTracking
 0001:0002D198       VirtualTrees.TBaseVirtualTree.DoNodeMoved
 0001:0002D1B8       VirtualTrees.TBaseVirtualTree.DoNodeMoving
 0001:0002D1E8       VirtualTrees.TBaseVirtualTree.DoPaintBackground
 0001:0002D230       VirtualTrees.TBaseVirtualTree.DoPaintDropMark
 0001:0002D4F8       VirtualTrees.TBaseVirtualTree.DoPaintNode
 0001:0002D4FC       VirtualTrees.TBaseVirtualTree.DoPopupMenu
 0001:0002D580       VirtualTrees.TBaseVirtualTree.DoRenderOLEData
 0001:0002D5BC       VirtualTrees.TBaseVirtualTree.DoReset
 0001:0002D5DC       VirtualTrees.TBaseVirtualTree.DoSaveUserData
 0001:0002D61C       VirtualTrees.TBaseVirtualTree.DoScroll
 0001:0002D63C       VirtualTrees.TBaseVirtualTree.DoSetOffsetXY
 0001:0002DA44       VirtualTrees.TBaseVirtualTree.DoShowScrollbar
 0001:0002DA84       VirtualTrees.TBaseVirtualTree.DoStartDrag
 0001:0002DAC0       VirtualTrees.TBaseVirtualTree.DoStartOperation
 0001:0002DAE0       VirtualTrees.TBaseVirtualTree.DoStateChange
 0001:0002DBE8       VirtualTrees.TBaseVirtualTree.DoStructureChange
 0001:0002DC50       VirtualTrees.TBaseVirtualTree.DoTimerScroll
 0001:0002E1F0       VirtualTrees.TBaseVirtualTree.DoUpdating
 0001:0002E210       VirtualTrees.TBaseVirtualTree.DoValidateCache
 0001:0002E45C       VirtualTrees.TBaseVirtualTree.DragAndDrop
 0001:0002E500       VirtualTrees.TBaseVirtualTree.DragCanceled
 0001:0002E518       VirtualTrees.TBaseVirtualTree.DragDrop
 0001:0002E7F0       VirtualTrees.TBaseVirtualTree.DragEnter
 0001:0002EA38       VirtualTrees.TBaseVirtualTree.DragFinished
 0001:00037E98       VirtualTrees.TBaseVirtualTree.Dragging
 0001:0002EB20       VirtualTrees.TBaseVirtualTree.DragLeave
 0001:0002EC34       VirtualTrees.TBaseVirtualTree.DragOver
 0001:0002F294       VirtualTrees.TBaseVirtualTree.DrawDottedHLine
 0001:0002F318       VirtualTrees.TBaseVirtualTree.DrawDottedVLine
 0001:000216A8       VirtualTrees.TBaseVirtualTree.DrawLineImage
 0001:00037EF0       VirtualTrees.TBaseVirtualTree.EditNode
 0001:00038074       VirtualTrees.TBaseVirtualTree.EndEditNode
 0001:0002F39C       VirtualTrees.TBaseVirtualTree.EndOperation
 0001:000380C8       VirtualTrees.TBaseVirtualTree.EndSynch
 0001:00038134       VirtualTrees.TBaseVirtualTree.EndUpdate
 0001:00038330       VirtualTrees.TBaseVirtualTree.ExecuteAction
 0001:00021AAC       VirtualTrees.TBaseVirtualTree.FindInPositionCache
 0001:000219DC       VirtualTrees.TBaseVirtualTree.FindInPositionCache
 0001:0002F470       VirtualTrees.TBaseVirtualTree.FindNodeInSelection
 0001:0002F524       VirtualTrees.TBaseVirtualTree.FinishChunkHeader
 0001:000383F8       VirtualTrees.TBaseVirtualTree.FinishCutOrCopy
 0001:00021B64       VirtualTrees.TBaseVirtualTree.FixupTotalCount
 0001:00021B94       VirtualTrees.TBaseVirtualTree.FixupTotalHeight
 0001:0003845C       VirtualTrees.TBaseVirtualTree.FlushClipboard
 0001:0002F580       VirtualTrees.TBaseVirtualTree.FontChanged
 0001:000384E0       VirtualTrees.TBaseVirtualTree.FullCollapse
 0001:000385F4       VirtualTrees.TBaseVirtualTree.FullExpand
 0001:0002F598       VirtualTrees.TBaseVirtualTree.GetBorderDimensions
 0001:00021BE8       VirtualTrees.TBaseVirtualTree.GetBottomNode
 0001:00021C0C       VirtualTrees.TBaseVirtualTree.GetCheckedCount
 0001:0002F634       VirtualTrees.TBaseVirtualTree.GetCheckImage
 0001:0002F6D4       VirtualTrees.TBaseVirtualTree.GetCheckImageListFor
 0001:00021C48       VirtualTrees.TBaseVirtualTree.GetCheckState
 0001:00021C50       VirtualTrees.TBaseVirtualTree.GetCheckType
 0001:00021C58       VirtualTrees.TBaseVirtualTree.GetChildCount
 0001:00021C74       VirtualTrees.TBaseVirtualTree.GetChildrenInitialized
 0001:0002F73C       VirtualTrees.TBaseVirtualTree.GetColumnClass
 0001:00038700       VirtualTrees.TBaseVirtualTree.GetControlsAlignment
 0001:00021C88       VirtualTrees.TBaseVirtualTree.GetCutCopyCount
 0001:00021CC0       VirtualTrees.TBaseVirtualTree.GetDisabled
 0001:00038708       VirtualTrees.TBaseVirtualTree.GetDisplayRect
 0001:00021CD0       VirtualTrees.TBaseVirtualTree.GetDragManager
 0001:00038D84       VirtualTrees.TBaseVirtualTree.GetEffectivelyFiltered
 0001:00038DA4       VirtualTrees.TBaseVirtualTree.GetEffectivelyVisible
 0001:00021D68       VirtualTrees.TBaseVirtualTree.GetExpanded
 0001:00021D78       VirtualTrees.TBaseVirtualTree.GetFiltered
 0001:00038DC8       VirtualTrees.TBaseVirtualTree.GetFirst
 0001:00038E58       VirtualTrees.TBaseVirtualTree.GetFirstChecked
 0001:00038E64       VirtualTrees.TBaseVirtualTree.GetFirstChild
 0001:00038ED0       VirtualTrees.TBaseVirtualTree.GetFirstCutCopy
 0001:00038EDC       VirtualTrees.TBaseVirtualTree.GetFirstInitialized
 0001:00038F04       VirtualTrees.TBaseVirtualTree.GetFirstLeaf
 0001:00038F0C       VirtualTrees.TBaseVirtualTree.GetFirstLevel
 0001:00038F70       VirtualTrees.TBaseVirtualTree.GetFirstNoInit
 0001:00038FB4       VirtualTrees.TBaseVirtualTree.GetFirstSelected
 0001:00038FC0       VirtualTrees.TBaseVirtualTree.GetFirstVisible
 0001:00039108       VirtualTrees.TBaseVirtualTree.GetFirstVisibleChild
 0001:00039158       VirtualTrees.TBaseVirtualTree.GetFirstVisibleChildNoInit
 0001:000391A0       VirtualTrees.TBaseVirtualTree.GetFirstVisibleNoInit
 0001:00021D80       VirtualTrees.TBaseVirtualTree.GetFullyVisible
 0001:00021E28       VirtualTrees.TBaseVirtualTree.GetHasChildren
 0001:0002F744       VirtualTrees.TBaseVirtualTree.GetHeaderClass
 0001:0002F74C       VirtualTrees.TBaseVirtualTree.GetHintWindowClass
 0001:00039270       VirtualTrees.TBaseVirtualTree.GetHitTestInfoAt
 0001:0002F754       VirtualTrees.TBaseVirtualTree.GetImageIndex
 0001:000395FC       VirtualTrees.TBaseVirtualTree.GetLast
 0001:000396AC       VirtualTrees.TBaseVirtualTree.GetLastChild
 0001:00039718       VirtualTrees.TBaseVirtualTree.GetLastChildNoInit
 0001:00039640       VirtualTrees.TBaseVirtualTree.GetLastInitialized
 0001:00039668       VirtualTrees.TBaseVirtualTree.GetLastNoInit
 0001:0003973C       VirtualTrees.TBaseVirtualTree.GetLastVisible
 0001:00039794       VirtualTrees.TBaseVirtualTree.GetLastVisibleChild
 0001:00039824       VirtualTrees.TBaseVirtualTree.GetLastVisibleChildNoInit
 0001:0003989C       VirtualTrees.TBaseVirtualTree.GetLastVisibleNoInit
 0001:00039904       VirtualTrees.TBaseVirtualTree.GetMaxColumnWidth
 0001:0002F7F8       VirtualTrees.TBaseVirtualTree.GetMaxRightExtend
 0001:00021E44       VirtualTrees.TBaseVirtualTree.GetMultiline
 0001:0002FA04       VirtualTrees.TBaseVirtualTree.GetNativeClipboardFormats
 0001:00039CF0       VirtualTrees.TBaseVirtualTree.GetNext
 0001:00039EE0       VirtualTrees.TBaseVirtualTree.GetNextChecked
 0001:00039E60       VirtualTrees.TBaseVirtualTree.GetNextChecked
 0001:00039EEC       VirtualTrees.TBaseVirtualTree.GetNextCutCopy
 0001:00039F98       VirtualTrees.TBaseVirtualTree.GetNextInitialized
 0001:00039FB8       VirtualTrees.TBaseVirtualTree.GetNextLeaf
 0001:0003A014       VirtualTrees.TBaseVirtualTree.GetNextLevel
 0001:0003A0CC       VirtualTrees.TBaseVirtualTree.GetNextNoInit
 0001:0003A1D4       VirtualTrees.TBaseVirtualTree.GetNextSelected
 0001:0003A244       VirtualTrees.TBaseVirtualTree.GetNextSibling
 0001:0003A304       VirtualTrees.TBaseVirtualTree.GetNextSiblingNoInit
 0001:0003A3AC       VirtualTrees.TBaseVirtualTree.GetNextVisible
 0001:0003A5B8       VirtualTrees.TBaseVirtualTree.GetNextVisibleNoInit
 0001:0003A738       VirtualTrees.TBaseVirtualTree.GetNextVisibleSibling
 0001:0003A7F8       VirtualTrees.TBaseVirtualTree.GetNextVisibleSiblingNoInit
 0001:0003A8C4       VirtualTrees.TBaseVirtualTree.GetNodeAt
 0001:0003A8B0       VirtualTrees.TBaseVirtualTree.GetNodeAt
 0001:0003A9B0       VirtualTrees.TBaseVirtualTree.GetNodeData
 0001:00021E5C       VirtualTrees.TBaseVirtualTree.GetNodeHeight
 0001:0003AA70       VirtualTrees.TBaseVirtualTree.GetNodeLevel
 0001:00021EB0       VirtualTrees.TBaseVirtualTree.GetNodeParent
 0001:00021EC8       VirtualTrees.TBaseVirtualTree.GetOffsetXY
 0001:0002FA38       VirtualTrees.TBaseVirtualTree.GetOperationCanceled
 0001:0002FA50       VirtualTrees.TBaseVirtualTree.GetOptionsClass
 0001:0003AA9C       VirtualTrees.TBaseVirtualTree.GetPrevious
 0001:0003ABF8       VirtualTrees.TBaseVirtualTree.GetPreviousChecked
 0001:0003AC78       VirtualTrees.TBaseVirtualTree.GetPreviousCutCopy
 0001:0003AD28       VirtualTrees.TBaseVirtualTree.GetPreviousInitialized
 0001:0003AD48       VirtualTrees.TBaseVirtualTree.GetPreviousLeaf
 0001:0003ADA4       VirtualTrees.TBaseVirtualTree.GetPreviousLevel
 0001:0003AEA8       VirtualTrees.TBaseVirtualTree.GetPreviousNoInit
 0001:0003AFD4       VirtualTrees.TBaseVirtualTree.GetPreviousSelected
 0001:0003B040       VirtualTrees.TBaseVirtualTree.GetPreviousSibling
 0001:0003B100       VirtualTrees.TBaseVirtualTree.GetPreviousSiblingNoInit
 0001:0003B1A8       VirtualTrees.TBaseVirtualTree.GetPreviousVisible
 0001:0003B3A0       VirtualTrees.TBaseVirtualTree.GetPreviousVisibleNoInit
 0001:0003B53C       VirtualTrees.TBaseVirtualTree.GetPreviousVisibleSibling
 0001:0003B5FC       VirtualTrees.TBaseVirtualTree.GetPreviousVisibleSiblingNoInit
 0001:00021EE4       VirtualTrees.TBaseVirtualTree.GetRootNodeCount
 0001:00021EF0       VirtualTrees.TBaseVirtualTree.GetSelected
 0001:0003B82C       VirtualTrees.TBaseVirtualTree.GetSortedCutCopySet
 0001:0003B8E0       VirtualTrees.TBaseVirtualTree.GetSortedSelection
 0001:0003B9F0       VirtualTrees.TBaseVirtualTree.GetTextInfo
 0001:00021F00       VirtualTrees.TBaseVirtualTree.GetTopNode
 0001:00021F14       VirtualTrees.TBaseVirtualTree.GetTotalCount
 0001:0002FA58       VirtualTrees.TBaseVirtualTree.GetTreeFromDataObject
 0001:0003BA34       VirtualTrees.TBaseVirtualTree.GetTreeRect
 0001:00021F8C       VirtualTrees.TBaseVirtualTree.GetVerticalAlignment
 0001:00021F94       VirtualTrees.TBaseVirtualTree.GetVisible
 0001:0003BA98       VirtualTrees.TBaseVirtualTree.GetVisibleParent
 0001:00021FC0       VirtualTrees.TBaseVirtualTree.GetVisiblePath
 0001:00022070       VirtualTrees.TBaseVirtualTree.HandleClickSelection
 0001:0002218C       VirtualTrees.TBaseVirtualTree.HandleDrawSelection
 0001:0002FAB8       VirtualTrees.TBaseVirtualTree.HandleHotTrack
 0001:00030008       VirtualTrees.TBaseVirtualTree.HandleIncrementalSearch
 0001:00030368       VirtualTrees.TBaseVirtualTree.HandleMouseDblClick
 0001:000306E8       VirtualTrees.TBaseVirtualTree.HandleMouseDown
 0001:00031148       VirtualTrees.TBaseVirtualTree.HandleMouseUp
 0001:0003BBA8       VirtualTrees.TBaseVirtualTree.HasAsParent
 0001:000313A4       VirtualTrees.TBaseVirtualTree.HasImage
 0001:000313FC       VirtualTrees.TBaseVirtualTree.HasPopupMenu
 0001:00022344       VirtualTrees.TBaseVirtualTree.HasVisibleNextSibling
 0001:00022370       VirtualTrees.TBaseVirtualTree.HasVisiblePreviousSibling
 0001:0002239C       VirtualTrees.TBaseVirtualTree.ImageListChange
 0001:00031444       VirtualTrees.TBaseVirtualTree.InitChildren
 0001:0003B6F0       VirtualTrees.TBaseVirtualTree.InitializedNodes
 0001:000223AC       VirtualTrees.TBaseVirtualTree.InitializeFirstColumnValues
 0001:0003149C       VirtualTrees.TBaseVirtualTree.InitNode
 0001:0002240C       VirtualTrees.TBaseVirtualTree.InitRootNode
 0001:0003BBDC       VirtualTrees.TBaseVirtualTree.InsertNode
 0001:000315DC       VirtualTrees.TBaseVirtualTree.InternalAddFromStream
 0001:00031834       VirtualTrees.TBaseVirtualTree.InternalAddToSelection
 0001:000318F4       VirtualTrees.TBaseVirtualTree.InternalAddToSelection
 0001:00031D88       VirtualTrees.TBaseVirtualTree.InternalCacheNode
 0001:00031E18       VirtualTrees.TBaseVirtualTree.InternalClearSelection
 0001:00031F1C       VirtualTrees.TBaseVirtualTree.InternalConnectNode
 0001:000322F8       VirtualTrees.TBaseVirtualTree.InternalData
 0001:000322FC       VirtualTrees.TBaseVirtualTree.InternalDisconnectNode
 0001:00032590       VirtualTrees.TBaseVirtualTree.InternalRemoveFromSelection
 0001:000224C0       VirtualTrees.TBaseVirtualTree.InterruptValidation
 0001:00032600       VirtualTrees.TBaseVirtualTree.InvalidateCache
 0001:0003BDB4       VirtualTrees.TBaseVirtualTree.InvalidateChildren
 0001:0003BE40       VirtualTrees.TBaseVirtualTree.InvalidateColumn
 0001:0003BEB0       VirtualTrees.TBaseVirtualTree.InvalidateNode
 0001:0003BEF4       VirtualTrees.TBaseVirtualTree.InvalidateToBottom
 0001:0003BFC4       VirtualTrees.TBaseVirtualTree.InvertSelection
 0001:0003C0E0       VirtualTrees.TBaseVirtualTree.IsEditing
 0001:00022534       VirtualTrees.TBaseVirtualTree.IsFirstVisibleChild
 0001:00022568       VirtualTrees.TBaseVirtualTree.IsLastVisibleChild
 0001:0003C0EC       VirtualTrees.TBaseVirtualTree.IsMouseSelecting
 0001:0003C104       VirtualTrees.TBaseVirtualTree.IterateSubtree
 0001:0003B6FC       VirtualTrees.TBaseVirtualTree.LeafNodes
 0001:0003B704       VirtualTrees.TBaseVirtualTree.LevelNodes
 0001:000326C0       VirtualTrees.TBaseVirtualTree.Loaded
 0001:0003C380       VirtualTrees.TBaseVirtualTree.LoadFromFile
 0001:0003C3D8       VirtualTrees.TBaseVirtualTree.LoadFromStream
 0001:00032840       VirtualTrees.TBaseVirtualTree.MainColumnChanged
 0001:0002259C       VirtualTrees.TBaseVirtualTree.MakeNewNode
 0001:00032628       VirtualTrees.TBaseVirtualTree.MarkCutCopyNodes
 0001:0003C648       VirtualTrees.TBaseVirtualTree.MeasureItemHeight
 0001:00032870       VirtualTrees.TBaseVirtualTree.MouseMove
 0001:0003C6BC       VirtualTrees.TBaseVirtualTree.MoveTo
 0001:0003C69C       VirtualTrees.TBaseVirtualTree.MoveTo
 0001:0003B6B4       VirtualTrees.TBaseVirtualTree.Nodes
 0001:0003B710       VirtualTrees.TBaseVirtualTree.NoInitNodes
 0001:00032D24       VirtualTrees.TBaseVirtualTree.Notification
 0001:00032DFC       VirtualTrees.TBaseVirtualTree.OriginalWMNCPaint
 0001:0002262C       VirtualTrees.TBaseVirtualTree.PackArray
 0001:00032FD4       VirtualTrees.TBaseVirtualTree.Paint
 0001:0003317C       VirtualTrees.TBaseVirtualTree.PaintCheckImage
 0001:00033544       VirtualTrees.TBaseVirtualTree.PaintImage
 0001:00033774       VirtualTrees.TBaseVirtualTree.PaintNodeButton
 0001:00033D50       VirtualTrees.TBaseVirtualTree.PaintSelectionRectangle
 0001:0003CC40       VirtualTrees.TBaseVirtualTree.PaintTree
 0001:00033920       VirtualTrees.TBaseVirtualTree.PaintTreeLines
 0001:00033EA4       VirtualTrees.TBaseVirtualTree.PanningWindowProc
 0001:0003E4EC       VirtualTrees.TBaseVirtualTree.PasteFromClipboard
 0001:000227B0       VirtualTrees.TBaseVirtualTree.PrepareBitmaps
 0001:0003409C       VirtualTrees.TBaseVirtualTree.PrepareCell
 0001:0003E604       VirtualTrees.TBaseVirtualTree.PrepareDragImage
 0001:0003E870       VirtualTrees.TBaseVirtualTree.Print
 0001:0003EE14       VirtualTrees.TBaseVirtualTree.ProcessDrop
 0001:0003EFFC       VirtualTrees.TBaseVirtualTree.ProcessOLEData
 0001:000347B8       VirtualTrees.TBaseVirtualTree.ReadChunk
 0001:000349F8       VirtualTrees.TBaseVirtualTree.ReadNode
 0001:000230AC       VirtualTrees.TBaseVirtualTree.ReadOldOptions
 0001:00034B5C       VirtualTrees.TBaseVirtualTree.RedirectFontChangeEvent
 0001:0003F3EC       VirtualTrees.TBaseVirtualTree.ReinitChildren
 0001:0003F444       VirtualTrees.TBaseVirtualTree.ReinitNode
 0001:00034B90       VirtualTrees.TBaseVirtualTree.RemoveFromSelection
 0001:00034DF4       VirtualTrees.TBaseVirtualTree.RenderOLEData
 0001:0003F490       VirtualTrees.TBaseVirtualTree.RepaintNode
 0001:0003F4DC       VirtualTrees.TBaseVirtualTree.ResetNode
 0001:00034FAC       VirtualTrees.TBaseVirtualTree.ResetRangeAnchor
 0001:00034FC4       VirtualTrees.TBaseVirtualTree.RestoreFontChangeEvent
 0001:0003F548       VirtualTrees.TBaseVirtualTree.SaveToFile
 0001:0003F5A4       VirtualTrees.TBaseVirtualTree.SaveToStream
 0001:0003F87C       VirtualTrees.TBaseVirtualTree.ScrollIntoView
 0001:0003F648       VirtualTrees.TBaseVirtualTree.ScrollIntoView
 0001:0003FA90       VirtualTrees.TBaseVirtualTree.SelectAll
 0001:0003B71C       VirtualTrees.TBaseVirtualTree.SelectedNodes
 0001:00034FE8       VirtualTrees.TBaseVirtualTree.SelectNodes
 0001:00023320       VirtualTrees.TBaseVirtualTree.SetAlignment
 0001:00023344       VirtualTrees.TBaseVirtualTree.SetAnimationDuration
 0001:0002336C       VirtualTrees.TBaseVirtualTree.SetBackground
 0001:00023388       VirtualTrees.TBaseVirtualTree.SetBackgroundOffset
 0001:000233C8       VirtualTrees.TBaseVirtualTree.SetBorderStyle
 0001:000233DC       VirtualTrees.TBaseVirtualTree.SetBottomNode
 0001:00023494       VirtualTrees.TBaseVirtualTree.SetBottomSpace
 0001:000234AC       VirtualTrees.TBaseVirtualTree.SetButtonFillMode
 0001:000234E8       VirtualTrees.TBaseVirtualTree.SetButtonStyle
 0001:00023524       VirtualTrees.TBaseVirtualTree.SetCheckImageKind
 0001:0002358C       VirtualTrees.TBaseVirtualTree.SetCheckState
 0001:000235D0       VirtualTrees.TBaseVirtualTree.SetCheckType
 0001:00023660       VirtualTrees.TBaseVirtualTree.SetChildCount
 0001:00023884       VirtualTrees.TBaseVirtualTree.SetClipboardFormats
 0001:00023918       VirtualTrees.TBaseVirtualTree.SetColors
 0001:00023924       VirtualTrees.TBaseVirtualTree.SetCustomCheckImages
 0001:000239AC       VirtualTrees.TBaseVirtualTree.SetDefaultNodeHeight
 0001:00023A94       VirtualTrees.TBaseVirtualTree.SetDisabled
 0001:00023ADC       VirtualTrees.TBaseVirtualTree.SetEmptyListMessage
 0001:00023B0C       VirtualTrees.TBaseVirtualTree.SetExpanded
 0001:00023D64       VirtualTrees.TBaseVirtualTree.SetFiltered
 0001:00023B30       VirtualTrees.TBaseVirtualTree.SetFocusedColumn
 0001:00023C08       VirtualTrees.TBaseVirtualTree.SetFocusedNode
 0001:00035198       VirtualTrees.TBaseVirtualTree.SetFocusedNodeAndColumn
 0001:00023C50       VirtualTrees.TBaseVirtualTree.SetFullyVisible
 0001:00023D24       VirtualTrees.TBaseVirtualTree.SetHasChildren
 0001:00023D58       VirtualTrees.TBaseVirtualTree.SetHeader
 0001:00023F28       VirtualTrees.TBaseVirtualTree.SetImages
 0001:00023F8C       VirtualTrees.TBaseVirtualTree.SetIndent
 0001:00023FD0       VirtualTrees.TBaseVirtualTree.SetLineMode
 0001:00024000       VirtualTrees.TBaseVirtualTree.SetLineStyle
 0001:0002403C       VirtualTrees.TBaseVirtualTree.SetMargin
 0001:0002406C       VirtualTrees.TBaseVirtualTree.SetMultiline
 0001:000240BC       VirtualTrees.TBaseVirtualTree.SetNodeAlignment
 0001:000240EC       VirtualTrees.TBaseVirtualTree.SetNodeDataSize
 0001:00024134       VirtualTrees.TBaseVirtualTree.SetNodeHeight
 0001:00024208       VirtualTrees.TBaseVirtualTree.SetNodeParent
 0001:00024220       VirtualTrees.TBaseVirtualTree.SetOffsetX
 0001:0002425C       VirtualTrees.TBaseVirtualTree.SetOffsetXY
 0001:00024274       VirtualTrees.TBaseVirtualTree.SetOffsetY
 0001:000242B0       VirtualTrees.TBaseVirtualTree.SetOptions
 0001:000242BC       VirtualTrees.TBaseVirtualTree.SetRootNodeCount
 0001:00024330       VirtualTrees.TBaseVirtualTree.SetScrollBarOptions
 0001:0002433C       VirtualTrees.TBaseVirtualTree.SetSearchOption
 0001:00024374       VirtualTrees.TBaseVirtualTree.SetSelected
 0001:000244D0       VirtualTrees.TBaseVirtualTree.SetSelectionCurveRadius
 0001:00024500       VirtualTrees.TBaseVirtualTree.SetStateImages
 0001:00024570       VirtualTrees.TBaseVirtualTree.SetTextMargin
 0001:00024594       VirtualTrees.TBaseVirtualTree.SetTopNode
 0001:00024604       VirtualTrees.TBaseVirtualTree.SetUpdateState
 0001:00024640       VirtualTrees.TBaseVirtualTree.SetVerticalAlignment
 0001:00024688       VirtualTrees.TBaseVirtualTree.SetVisible
 0001:00024898       VirtualTrees.TBaseVirtualTree.SetVisiblePath
 0001:00024BE0       VirtualTrees.TBaseVirtualTree.SetWindowTheme
 0001:00035230       VirtualTrees.TBaseVirtualTree.SkipNode
 0001:0003FD48       VirtualTrees.TBaseVirtualTree.Sort
 0001:0003FF7C       VirtualTrees.TBaseVirtualTree.SortTree
 0001:00029CE0       VirtualTrees.TBaseVirtualTree.StartOperation
 0001:000354B8       VirtualTrees.TBaseVirtualTree.StartWheelPanning
 0001:00024950       VirtualTrees.TBaseVirtualTree.StaticBackground
 0001:00024BB4       VirtualTrees.TBaseVirtualTree.StopTimer
 0001:0003570C       VirtualTrees.TBaseVirtualTree.StopWheelPanning
 0001:000357EC       VirtualTrees.TBaseVirtualTree.StructureChange
 0001:00035850       VirtualTrees.TBaseVirtualTree.SuggestDropEffect
 0001:00024C44       VirtualTrees.TBaseVirtualTree.TileBackground
 0001:00025094       VirtualTrees.TBaseVirtualTree.ToggleCallback
 0001:00040164       VirtualTrees.TBaseVirtualTree.ToggleNode
 0001:000358E8       VirtualTrees.TBaseVirtualTree.ToggleSelection
 0001:00026390       VirtualTrees.TBaseVirtualTree.TVMGetItem
 0001:00026588       VirtualTrees.TBaseVirtualTree.TVMGetItemRect
 0001:000265DC       VirtualTrees.TBaseVirtualTree.TVMGetNextItem
 0001:00035B10       VirtualTrees.TBaseVirtualTree.UnselectNodes
 0001:00040F44       VirtualTrees.TBaseVirtualTree.UpdateAction
 0001:00035C6C       VirtualTrees.TBaseVirtualTree.UpdateColumnCheckState
 0001:00035C90       VirtualTrees.TBaseVirtualTree.UpdateDesigner
 0001:00035DFC       VirtualTrees.TBaseVirtualTree.UpdateEditBounds
 0001:00035CBC       VirtualTrees.TBaseVirtualTree.UpdateHeaderRect
 0001:00041048       VirtualTrees.TBaseVirtualTree.UpdateHorizontalRange
 0001:0004108C       VirtualTrees.TBaseVirtualTree.UpdateHorizontalScrollBar
 0001:000412B8       VirtualTrees.TBaseVirtualTree.UpdateRanges
 0001:000412CC       VirtualTrees.TBaseVirtualTree.UpdateScrollBars
 0001:000412F4       VirtualTrees.TBaseVirtualTree.UpdateVerticalRange
 0001:00041338       VirtualTrees.TBaseVirtualTree.UpdateVerticalScrollBar
 0001:00035F4C       VirtualTrees.TBaseVirtualTree.UpdateWindowAndDragImage
 0001:000414C8       VirtualTrees.TBaseVirtualTree.UseRightToLeftReading
 0001:000360F8       VirtualTrees.TBaseVirtualTree.ValidateCache
 0001:000414D0       VirtualTrees.TBaseVirtualTree.ValidateChildren
 0001:0004151C       VirtualTrees.TBaseVirtualTree.ValidateNode
 0001:0003612C       VirtualTrees.TBaseVirtualTree.ValidateNodeDataSize
 0001:0003B748       VirtualTrees.TBaseVirtualTree.VisibleChildNodes
 0001:0003B760       VirtualTrees.TBaseVirtualTree.VisibleChildNoInitNodes
 0001:0003B728       VirtualTrees.TBaseVirtualTree.VisibleNodes
 0001:0003B778       VirtualTrees.TBaseVirtualTree.VisibleNoInitNodes
 0001:00026704       VirtualTrees.TBaseVirtualTree.WMCancelMode
 0001:00026798       VirtualTrees.TBaseVirtualTree.WMChangeState
 0001:00026848       VirtualTrees.TBaseVirtualTree.WMChar
 0001:00026898       VirtualTrees.TBaseVirtualTree.WMContextMenu
 0001:000268DC       VirtualTrees.TBaseVirtualTree.WMCopy
 0001:000268E8       VirtualTrees.TBaseVirtualTree.WMCut
 0001:000268F4       VirtualTrees.TBaseVirtualTree.WMEnable
 0001:00026918       VirtualTrees.TBaseVirtualTree.WMEraseBkgnd
 0001:00026920       VirtualTrees.TBaseVirtualTree.WMGetDlgCode
 0001:00026938       VirtualTrees.TBaseVirtualTree.WMGetObject
 0001:00026A40       VirtualTrees.TBaseVirtualTree.WMHScroll
 0001:00026C8C       VirtualTrees.TBaseVirtualTree.WMKeyDown
 0001:000280F4       VirtualTrees.TBaseVirtualTree.WMKeyUp
 0001:00028180       VirtualTrees.TBaseVirtualTree.WMKillFocus
 0001:000282F8       VirtualTrees.TBaseVirtualTree.WMLButtonDblClk
 0001:00028374       VirtualTrees.TBaseVirtualTree.WMLButtonDown
 0001:000283DC       VirtualTrees.TBaseVirtualTree.WMLButtonUp
 0001:00028444       VirtualTrees.TBaseVirtualTree.WMMButtonDblClk
 0001:000284CC       VirtualTrees.TBaseVirtualTree.WMMButtonDown
 0001:000285FC       VirtualTrees.TBaseVirtualTree.WMMButtonUp
 0001:000286F0       VirtualTrees.TBaseVirtualTree.WMNCCalcSize
 0001:00028724       VirtualTrees.TBaseVirtualTree.WMNCDestroy
 0001:00028798       VirtualTrees.TBaseVirtualTree.WMNCHitTest
 0001:000287F4       VirtualTrees.TBaseVirtualTree.WMNCPaint
 0001:0002895C       VirtualTrees.TBaseVirtualTree.WMPaint
 0001:000289D0       VirtualTrees.TBaseVirtualTree.WMPaste
 0001:000289DC       VirtualTrees.TBaseVirtualTree.WMPrint
 0001:00028A30       VirtualTrees.TBaseVirtualTree.WMPrintClient
 0001:00028B04       VirtualTrees.TBaseVirtualTree.WMRButtonDblClk
 0001:00028B8C       VirtualTrees.TBaseVirtualTree.WMRButtonDown
 0001:00028C14       VirtualTrees.TBaseVirtualTree.WMRButtonUp
 0001:00028D18       VirtualTrees.TBaseVirtualTree.WMSetCursor
 0001:00028EDC       VirtualTrees.TBaseVirtualTree.WMSetFocus
 0001:00028F08       VirtualTrees.TBaseVirtualTree.WMSize
 0001:0002902C       VirtualTrees.TBaseVirtualTree.WMThemeChanged
 0001:000290B4       VirtualTrees.TBaseVirtualTree.WMTimer
 0001:0002922C       VirtualTrees.TBaseVirtualTree.WMVScroll
 0001:00036150       VirtualTrees.TBaseVirtualTree.WndProc
 0001:0003624C       VirtualTrees.TBaseVirtualTree.WriteChunks
 0001:000363F0       VirtualTrees.TBaseVirtualTree.WriteNode
 0001:000132CC       VirtualTrees.TBufferedAnsiString.Add
 0001:00013368       VirtualTrees.TBufferedAnsiString.AddNewLine
 0001:00013280       VirtualTrees.TBufferedAnsiString.Destroy
 0001:000132B0       VirtualTrees.TBufferedAnsiString.GetAsString
 0001:0000FE84       VirtualTrees.TClipboardFormatList.Add
 0001:0000FF20       VirtualTrees.TClipboardFormatList.Clear
 0001:0000FCD8       VirtualTrees.TClipboardFormatList.Create
 0001:0000FD14       VirtualTrees.TClipboardFormatList.Destroy
 0001:0000FF64       VirtualTrees.TClipboardFormatList.EnumerateFormats
 0001:00010040       VirtualTrees.TClipboardFormatList.EnumerateFormats
 0001:00010134       VirtualTrees.TClipboardFormatList.FindFormat
 0001:00010098       VirtualTrees.TClipboardFormatList.FindFormat
 0001:0000FE54       VirtualTrees.TClipboardFormatList.Sort
 0001:0001FEE4       VirtualTrees.TClipboardFormats.Add
 0001:0001FEA8       VirtualTrees.TClipboardFormats.Create
 0001:0001FF28       VirtualTrees.TClipboardFormats.Insert
 0001:00012CFC       VirtualTrees.TCriticalSection.Create
 0001:00012D3C       VirtualTrees.TCriticalSection.Destroy
 0001:00012D6C       VirtualTrees.TCriticalSection.Enter
 0001:00012D78       VirtualTrees.TCriticalSection.Leave
 0001:00041620       VirtualTrees.TCustomStringTreeOptions.AssignTo
 0001:00041584       VirtualTrees.TCustomStringTreeOptions.Create
 0001:000415C8       VirtualTrees.TCustomStringTreeOptions.SetStringOptions
 0001:00047E84       VirtualTrees.TCustomVirtualDrawTree.DoDrawHint
 0001:00047EC8       VirtualTrees.TCustomVirtualDrawTree.DoGetCellContentMargin
 0001:00047F28       VirtualTrees.TCustomVirtualDrawTree.DoGetHintSize
 0001:00047F54       VirtualTrees.TCustomVirtualDrawTree.DoGetNodeWidth
 0001:00047FA4       VirtualTrees.TCustomVirtualDrawTree.DoPaintNode
 0001:00042F5C       VirtualTrees.TCustomVirtualStringTree.AdjustPaintCellRect
 0001:00043008       VirtualTrees.TCustomVirtualStringTree.CalculateStaticTextWidth
 0001:000430D4       VirtualTrees.TCustomVirtualStringTree.CalculateTextWidth
 0001:00045EA8       VirtualTrees.TCustomVirtualStringTree.CanExportNode
 0001:00043188       VirtualTrees.TCustomVirtualStringTree.ColumnIsEmpty
 0001:00043D94       VirtualTrees.TCustomVirtualStringTree.ComputeNodeHeight
 0001:000442EC       VirtualTrees.TCustomVirtualStringTree.ContentToClipboard
 0001:00046E24       VirtualTrees.TCustomVirtualStringTree.ContentToCustom
 0001:00044C78       VirtualTrees.TCustomVirtualStringTree.ContentToHTML
 0001:0004639C       VirtualTrees.TCustomVirtualStringTree.ContentToRTF
 0001:000470D4       VirtualTrees.TCustomVirtualStringTree.ContentToText
 0001:00047070       VirtualTrees.TCustomVirtualStringTree.ContentToText
 0001:000476EC       VirtualTrees.TCustomVirtualStringTree.ContentToUnicode
 0001:00047684       VirtualTrees.TCustomVirtualStringTree.ContentToUnicode
 0001:00042154       VirtualTrees.TCustomVirtualStringTree.Create
 0001:00043200       VirtualTrees.TCustomVirtualStringTree.DefineProperties
 0001:00043298       VirtualTrees.TCustomVirtualStringTree.DoCreateEditor
 0001:00043388       VirtualTrees.TCustomVirtualStringTree.DoGetNodeExtraWidth
 0001:000432E0       VirtualTrees.TCustomVirtualStringTree.DoGetNodeHint
 0001:0004332C       VirtualTrees.TCustomVirtualStringTree.DoGetNodeTooltip
 0001:00043408       VirtualTrees.TCustomVirtualStringTree.DoGetNodeWidth
 0001:00043518       VirtualTrees.TCustomVirtualStringTree.DoGetText
 0001:00043548       VirtualTrees.TCustomVirtualStringTree.DoIncrementalSearch
 0001:000435E0       VirtualTrees.TCustomVirtualStringTree.DoNewText
 0001:00043658       VirtualTrees.TCustomVirtualStringTree.DoPaintNode
 0001:00043754       VirtualTrees.TCustomVirtualStringTree.DoPaintText
 0001:00043784       VirtualTrees.TCustomVirtualStringTree.DoShortenString
 0001:000437F4       VirtualTrees.TCustomVirtualStringTree.DoTextDrawing
 0001:000438AC       VirtualTrees.TCustomVirtualStringTree.DoTextMeasuring
 0001:00042290       VirtualTrees.TCustomVirtualStringTree.GetDataFromGrid
 0001:00042478       VirtualTrees.TCustomVirtualStringTree.GetImageText
 0001:00042544       VirtualTrees.TCustomVirtualStringTree.GetOptions
 0001:000439F4       VirtualTrees.TCustomVirtualStringTree.GetOptionsClass
 0001:000421C0       VirtualTrees.TCustomVirtualStringTree.GetRenderStartValues
 0001:0004255C       VirtualTrees.TCustomVirtualStringTree.GetStaticText
 0001:00042624       VirtualTrees.TCustomVirtualStringTree.GetText
 0001:00047BB8       VirtualTrees.TCustomVirtualStringTree.GetTextInfo
 0001:000426F4       VirtualTrees.TCustomVirtualStringTree.InitializeTextProperties
 0001:000439FC       VirtualTrees.TCustomVirtualStringTree.InternalData
 0001:00047D38       VirtualTrees.TCustomVirtualStringTree.InvalidateNode
 0001:00043A14       VirtualTrees.TCustomVirtualStringTree.MainColumnChanged
 0001:00042850       VirtualTrees.TCustomVirtualStringTree.PaintNormalText
 0001:00042B24       VirtualTrees.TCustomVirtualStringTree.PaintStaticText
 0001:00047D6C       VirtualTrees.TCustomVirtualStringTree.Path
 0001:00043A58       VirtualTrees.TCustomVirtualStringTree.ReadChunk
 0001:00043B68       VirtualTrees.TCustomVirtualStringTree.ReadOldStringOptions
 0001:00042CE8       VirtualTrees.TCustomVirtualStringTree.ReadText
 0001:00047E28       VirtualTrees.TCustomVirtualStringTree.ReinitNode
 0001:00043C2C       VirtualTrees.TCustomVirtualStringTree.RenderOLEData
 0001:00042D7C       VirtualTrees.TCustomVirtualStringTree.SaveToCSVFile
 0001:00042DF4       VirtualTrees.TCustomVirtualStringTree.SetDefaultText
 0001:00042E2C       VirtualTrees.TCustomVirtualStringTree.SetOptions
 0001:00042E38       VirtualTrees.TCustomVirtualStringTree.SetText
 0001:00042E84       VirtualTrees.TCustomVirtualStringTree.WMSetFont
 0001:00043CC8       VirtualTrees.TCustomVirtualStringTree.WriteChunks
 0001:00042E74       VirtualTrees.TCustomVirtualStringTree.WriteText
 0001:00013B04       VirtualTrees.TCustomVirtualTreeOptions.AssignTo
 0001:000135B0       VirtualTrees.TCustomVirtualTreeOptions.Create
 0001:00013618       VirtualTrees.TCustomVirtualTreeOptions.SetAnimationOptions
 0001:00013628       VirtualTrees.TCustomVirtualTreeOptions.SetAutoOptions
 0001:00013684       VirtualTrees.TCustomVirtualTreeOptions.SetMiscOptions
 0001:00013790       VirtualTrees.TCustomVirtualTreeOptions.SetPaintOptions
 0001:00013A4C       VirtualTrees.TCustomVirtualTreeOptions.SetSelectionOptions
 0001:00013C60       VirtualTrees.TEnumFormatEtc.Clone
 0001:00013B70       VirtualTrees.TEnumFormatEtc.Create
 0001:00013CE8       VirtualTrees.TEnumFormatEtc.Next
 0001:00013D6C       VirtualTrees.TEnumFormatEtc.Reset
 0001:00013D80       VirtualTrees.TEnumFormatEtc.Skip
 0001:000460AC       VirtualTrees.TextPlusFont
 0001:0003EFE4       VirtualTrees.TOLEMemoryStream.Write
 0001:0001062C       VirtualTrees.TreeFromNode
 0001:0001FCB4       VirtualTrees.TScrollBarOptions.Assign
 0001:0001FBF8       VirtualTrees.TScrollBarOptions.Create
 0001:0001FCB0       VirtualTrees.TScrollBarOptions.GetOwner
 0001:0001FC4C       VirtualTrees.TScrollBarOptions.SetAlwaysVisible
 0001:0001FC78       VirtualTrees.TScrollBarOptions.SetScrollBars
 0001:0001FCA4       VirtualTrees.TScrollBarOptions.SetScrollBarStyle
 0001:00041D30       VirtualTrees.TStringEditLink.BeginEdit
 0001:00041D8C       VirtualTrees.TStringEditLink.CancelEdit
 0001:00041C98       VirtualTrees.TStringEditLink.Create
 0001:00041D00       VirtualTrees.TStringEditLink.Destroy
 0001:00041DD4       VirtualTrees.TStringEditLink.EndEdit
 0001:00041ECC       VirtualTrees.TStringEditLink.GetBounds
 0001:00041EE4       VirtualTrees.TStringEditLink.PrepareEdit
 0001:00042038       VirtualTrees.TStringEditLink.ProcessMessage
 0001:00042050       VirtualTrees.TStringEditLink.SetBounds
 0001:00041D74       VirtualTrees.TStringEditLink.SetEdit
 0001:00047FC4       VirtualTrees.TVirtualDrawTree.GetOptions
 0001:00047FE8       VirtualTrees.TVirtualDrawTree.GetOptionsClass
 0001:00047FDC       VirtualTrees.TVirtualDrawTree.SetOptions
 0001:00047E58       VirtualTrees.TVirtualStringTree.GetOptions
 0001:00047E7C       VirtualTrees.TVirtualStringTree.GetOptionsClass
 0001:00047E70       VirtualTrees.TVirtualStringTree.SetOptions
 0001:00018A40       VirtualTrees.TVirtualTreeColumn.Assign
 0001:00017D14       VirtualTrees.TVirtualTreeColumn.ComputeHeaderLayout
 0001:0001739C       VirtualTrees.TVirtualTreeColumn.Create
 0001:000187C0       VirtualTrees.TVirtualTreeColumn.DefineProperties
 0001:000174C8       VirtualTrees.TVirtualTreeColumn.Destroy
 0001:00018B44       VirtualTrees.TVirtualTreeColumn.Equals
 0001:00018848       VirtualTrees.TVirtualTreeColumn.GetAbsoluteBounds
 0001:000175B8       VirtualTrees.TVirtualTreeColumn.GetCaptionAlignment
 0001:0001885C       VirtualTrees.TVirtualTreeColumn.GetDisplayName
 0001:000175C8       VirtualTrees.TVirtualTreeColumn.GetLeft
 0001:000188FC       VirtualTrees.TVirtualTreeColumn.GetOwner
 0001:00018C24       VirtualTrees.TVirtualTreeColumn.GetRect
 0001:0001760C       VirtualTrees.TVirtualTreeColumn.IsBiDiModeStored
 0001:00017618       VirtualTrees.TVirtualTreeColumn.IsCaptionAlignmentStored
 0001:00017620       VirtualTrees.TVirtualTreeColumn.IsColorStored
 0001:00018CB4       VirtualTrees.TVirtualTreeColumn.LoadFromStream
 0001:00018ED8       VirtualTrees.TVirtualTreeColumn.ParentBiDiModeChanged
 0001:00018F14       VirtualTrees.TVirtualTreeColumn.ParentColorChanged
 0001:000189A4       VirtualTrees.TVirtualTreeColumn.ReadHint
 0001:00018910       VirtualTrees.TVirtualTreeColumn.ReadText
 0001:00018F50       VirtualTrees.TVirtualTreeColumn.RestoreLastWidth
 0001:00018F70       VirtualTrees.TVirtualTreeColumn.SaveToStream
 0001:0001762C       VirtualTrees.TVirtualTreeColumn.SetAlignment
 0001:00017658       VirtualTrees.TVirtualTreeColumn.SetBiDiMode
 0001:00017688       VirtualTrees.TVirtualTreeColumn.SetCaptionAlignment
 0001:000176E4       VirtualTrees.TVirtualTreeColumn.SetCheckBox
 0001:000176F4       VirtualTrees.TVirtualTreeColumn.SetCheckState
 0001:00017704       VirtualTrees.TVirtualTreeColumn.SetCheckType
 0001:000176B4       VirtualTrees.TVirtualTreeColumn.SetColor
 0001:00017714       VirtualTrees.TVirtualTreeColumn.SetImageIndex
 0001:00017724       VirtualTrees.TVirtualTreeColumn.SetLayout
 0001:00017734       VirtualTrees.TVirtualTreeColumn.SetMargin
 0001:00017750       VirtualTrees.TVirtualTreeColumn.SetMaxWidth
 0001:00017768       VirtualTrees.TVirtualTreeColumn.SetMinWidth
 0001:00017784       VirtualTrees.TVirtualTreeColumn.SetOptions
 0001:00017878       VirtualTrees.TVirtualTreeColumn.SetPosition
 0001:000179B4       VirtualTrees.TVirtualTreeColumn.SetSpacing
 0001:000179C4       VirtualTrees.TVirtualTreeColumn.SetStyle
 0001:000179D4       VirtualTrees.TVirtualTreeColumn.SetText
 0001:000179FC       VirtualTrees.TVirtualTreeColumn.SetWidth
 0001:000190F8       VirtualTrees.TVirtualTreeColumn.UseRightToLeftReading
 0001:00018A28       VirtualTrees.TVirtualTreeColumn.WriteHint
 0001:00018A34       VirtualTrees.TVirtualTreeColumn.WriteText
 0001:0001A048       VirtualTrees.TVirtualTreeColumns.Add
 0001:0001926C       VirtualTrees.TVirtualTreeColumns.AdjustAutoSize
 0001:00019374       VirtualTrees.TVirtualTreeColumns.AdjustDownColumn
 0001:00019454       VirtualTrees.TVirtualTreeColumns.AdjustHoverColumn
 0001:00019470       VirtualTrees.TVirtualTreeColumns.AdjustPosition
 0001:0001A054       VirtualTrees.TVirtualTreeColumns.AnimatedResize
 0001:0001A2E4       VirtualTrees.TVirtualTreeColumns.Assign
 0001:00019568       VirtualTrees.TVirtualTreeColumns.CanSplitterResize
 0001:0001A330       VirtualTrees.TVirtualTreeColumns.Clear
 0001:0001A3EC       VirtualTrees.TVirtualTreeColumns.ColumnFromPosition
 0001:0001A510       VirtualTrees.TVirtualTreeColumns.ColumnFromPosition
 0001:00019100       VirtualTrees.TVirtualTreeColumns.Create
 0001:00019194       VirtualTrees.TVirtualTreeColumns.Destroy
 0001:000195CC       VirtualTrees.TVirtualTreeColumns.DoCanSplitterResize
 0001:0001960C       VirtualTrees.TVirtualTreeColumns.DrawButtonText
 0001:0001A540       VirtualTrees.TVirtualTreeColumns.Equals
 0001:00019834       VirtualTrees.TVirtualTreeColumns.FixPositions
 0001:00019888       VirtualTrees.TVirtualTreeColumns.GetColumnAndBounds
 0001:0001A5EC       VirtualTrees.TVirtualTreeColumns.GetColumnBounds
 0001:000191C4       VirtualTrees.TVirtualTreeColumns.GetCount
 0001:0001A74C       VirtualTrees.TVirtualTreeColumns.GetFirstVisibleColumn
 0001:000191CC       VirtualTrees.TVirtualTreeColumns.GetItem
 0001:0001A7E4       VirtualTrees.TVirtualTreeColumns.GetLastVisibleColumn
 0001:000191E0       VirtualTrees.TVirtualTreeColumns.GetNewIndex
 0001:0001A874       VirtualTrees.TVirtualTreeColumns.GetNextColumn
 0001:0001A8DC       VirtualTrees.TVirtualTreeColumns.GetNextVisibleColumn
 0001:00019998       VirtualTrees.TVirtualTreeColumns.GetOwner
 0001:0001A920       VirtualTrees.TVirtualTreeColumns.GetPreviousColumn
 0001:0001A974       VirtualTrees.TVirtualTreeColumns.GetPreviousVisibleColumn
 0001:0001A68C       VirtualTrees.TVirtualTreeColumns.GetScrollWidth
 0001:0001A9B8       VirtualTrees.TVirtualTreeColumns.GetVisibleColumns
 0001:0001AA7C       VirtualTrees.TVirtualTreeColumns.GetVisibleFixedWidth
 0001:0001999C       VirtualTrees.TVirtualTreeColumns.HandleClick
 0001:00019B7C       VirtualTrees.TVirtualTreeColumns.IndexChanged
 0001:00019D54       VirtualTrees.TVirtualTreeColumns.InitializePositionArray
 0001:0001AAE0       VirtualTrees.TVirtualTreeColumns.IsValidColumn
 0001:0001AB00       VirtualTrees.TVirtualTreeColumns.LoadFromStream
 0001:00019E40       VirtualTrees.TVirtualTreeColumns.Notify
 0001:0001AC88       VirtualTrees.TVirtualTreeColumns.PaintHeader
 0001:0001B7D0       VirtualTrees.TVirtualTreeColumns.PaintHeader
 0001:00019E74       VirtualTrees.TVirtualTreeColumns.ReorderColumns
 0001:0001BAD8       VirtualTrees.TVirtualTreeColumns.SaveToStream
 0001:00019260       VirtualTrees.TVirtualTreeColumns.SetDefaultWidth
 0001:00019264       VirtualTrees.TVirtualTreeColumns.SetItem
 0001:0001BB78       VirtualTrees.TVirtualTreeColumns.TotalWidth
 0001:00019F0C       VirtualTrees.TVirtualTreeColumns.Update
 0001:00019FDC       VirtualTrees.TVirtualTreeColumns.UpdatePositions
 0001:000156F0       VirtualTrees.TVirtualTreeHintWindow.ActivateHint
 0001:00014D10       VirtualTrees.TVirtualTreeHintWindow.AnimationCallback
 0001:00015AE0       VirtualTrees.TVirtualTreeHintWindow.CalcHintRect
 0001:00014D88       VirtualTrees.TVirtualTreeHintWindow.CMTextChanged
 0001:00014C1C       VirtualTrees.TVirtualTreeHintWindow.Create
 0001:00014DD8       VirtualTrees.TVirtualTreeHintWindow.CreateParams
 0001:00014CC0       VirtualTrees.TVirtualTreeHintWindow.Destroy
 0001:00014D8C       VirtualTrees.TVirtualTreeHintWindow.GetHintWindowDestroyed
 0001:00015044       VirtualTrees.TVirtualTreeHintWindow.InternalPaint
 0001:00015FB8       VirtualTrees.TVirtualTreeHintWindow.IsHintMsg
 0001:000156E4       VirtualTrees.TVirtualTreeHintWindow.Paint
 0001:00014D94       VirtualTrees.TVirtualTreeHintWindow.WMEraseBkgnd
 0001:00014D9C       VirtualTrees.TVirtualTreeHintWindow.WMNCPaint
 0001:00014DA4       VirtualTrees.TVirtualTreeHintWindow.WMShowWindow
 0001:0001FE60       VirtualTrees.TVTColors.Assign
 0001:0001FD10       VirtualTrees.TVTColors.Create
 0001:0001FDA4       VirtualTrees.TVTColors.GetBackgroundColor
 0001:0001FDAC       VirtualTrees.TVTColors.GetColor
 0001:0001FDBC       VirtualTrees.TVTColors.GetHeaderFontColor
 0001:0001FDCC       VirtualTrees.TVTColors.GetNodeFontColor
 0001:0001FDD8       VirtualTrees.TVTColors.SetColor
 0001:00013EA4       VirtualTrees.TVTDataObject.CanonicalIUnknown
 0001:00013DBC       VirtualTrees.TVTDataObject.Create
 0001:00014334       VirtualTrees.TVTDataObject.DAdvise
 0001:00013E14       VirtualTrees.TVTDataObject.Destroy
 0001:000143D4       VirtualTrees.TVTDataObject.DUnadvise
 0001:000143F8       VirtualTrees.TVTDataObject.EnumDAdvise
 0001:00014430       VirtualTrees.TVTDataObject.EnumFormatEtc
 0001:00013F34       VirtualTrees.TVTDataObject.EqualFormatEtc
 0001:00013F90       VirtualTrees.TVTDataObject.FindFormatEtc
 0001:00013FF8       VirtualTrees.TVTDataObject.FindInternalStgMedium
 0001:000144A8       VirtualTrees.TVTDataObject.GetCanonicalFormatEtc
 0001:000144B4       VirtualTrees.TVTDataObject.GetData
 0001:00014600       VirtualTrees.TVTDataObject.GetDataHere
 0001:00014060       VirtualTrees.TVTDataObject.HGlobalClone
 0001:0001460C       VirtualTrees.TVTDataObject.QueryGetData
 0001:0001410C       VirtualTrees.TVTDataObject.RenderInternalOLEData
 0001:000146DC       VirtualTrees.TVTDataObject.SetData
 0001:000141B0       VirtualTrees.TVTDataObject.StgMediumIncRef
 0001:00016064       VirtualTrees.TVTDragImage.Create
 0001:000160A4       VirtualTrees.TVTDragImage.Destroy
 0001:000163B4       VirtualTrees.TVTDragImage.DragTo
 0001:000168BC       VirtualTrees.TVTDragImage.EndDrag
 0001:00016904       VirtualTrees.TVTDragImage.GetDragImageRect
 0001:000160D0       VirtualTrees.TVTDragImage.GetVisible
 0001:00016960       VirtualTrees.TVTDragImage.HideDragImage
 0001:000160F4       VirtualTrees.TVTDragImage.InternalShowDragImage
 0001:000161F4       VirtualTrees.TVTDragImage.MakeAlphaChannel
 0001:000169F0       VirtualTrees.TVTDragImage.PrepareDrag
 0001:00016CF0       VirtualTrees.TVTDragImage.RecaptureBackground
 0001:00016F3C       VirtualTrees.TVTDragImage.ShowDragImage
 0001:00016FF0       VirtualTrees.TVTDragImage.WillMove
 0001:00014928       VirtualTrees.TVTDragManager.Create
 0001:00014980       VirtualTrees.TVTDragManager.Destroy
 0001:00014A50       VirtualTrees.TVTDragManager.DragEnter
 0001:00014ADC       VirtualTrees.TVTDragManager.DragLeave
 0001:00014B1C       VirtualTrees.TVTDragManager.DragOver
 0001:00014B64       VirtualTrees.TVTDragManager.Drop
 0001:00014BBC       VirtualTrees.TVTDragManager.ForceDragLeave
 0001:000149B0       VirtualTrees.TVTDragManager.GetDataObject
 0001:00014A1C       VirtualTrees.TVTDragManager.GetDragSource
 0001:00014A2C       VirtualTrees.TVTDragManager.GetDropTargetHelperSupported
 0001:00014A40       VirtualTrees.TVTDragManager.GetIsDropTarget
 0001:00014BDC       VirtualTrees.TVTDragManager.GiveFeedback
 0001:00014BE8       VirtualTrees.TVTDragManager.QueryContinueDrag
 0001:000419DC       VirtualTrees.TVTEdit.AutoAdjustSize
 0001:000416C4       VirtualTrees.TVTEdit.CMAutoAdjust
 0001:000416D0       VirtualTrees.TVTEdit.CMExit
 0001:0004170C       VirtualTrees.TVTEdit.CMRelease
 0001:00041714       VirtualTrees.TVTEdit.CNCommand
 0001:0004165C       VirtualTrees.TVTEdit.Create
 0001:00041C04       VirtualTrees.TVTEdit.CreateParams
 0001:00041C70       VirtualTrees.TVTEdit.Release
 0001:00041740       VirtualTrees.TVTEdit.WMChar
 0001:00041758       VirtualTrees.TVTEdit.WMDestroy
 0001:00041814       VirtualTrees.TVTEdit.WMGetDlgCode
 0001:00041830       VirtualTrees.TVTEdit.WMKeyDown
 0001:0001BCC8       VirtualTrees.TVTFixedAreaConstraints.Assign
 0001:0001BCB4       VirtualTrees.TVTFixedAreaConstraints.Change
 0001:0001BBF8       VirtualTrees.TVTFixedAreaConstraints.Create
 0001:0001BC34       VirtualTrees.TVTFixedAreaConstraints.SetConstraints
 0001:0001E774       VirtualTrees.TVTHeader.AllowFocus
 0001:0001E7A4       VirtualTrees.TVTHeader.Assign
 0001:0001EA3C       VirtualTrees.TVTHeader.AutoFitColumns
 0001:0001C2D4       VirtualTrees.TVTHeader.CanSplitterResize
 0001:0001C324       VirtualTrees.TVTHeader.CanWriteColumns
 0001:0001C328       VirtualTrees.TVTHeader.ChangeScale
 0001:0001BD14       VirtualTrees.TVTHeader.Create
 0001:0001BE2C       VirtualTrees.TVTHeader.Destroy
 0001:0001C3EC       VirtualTrees.TVTHeader.DetermineSplitterIndex
 0001:0001C6CC       VirtualTrees.TVTHeader.DoAfterAutoFitColumn
 0001:0001C6F0       VirtualTrees.TVTHeader.DoAfterColumnWidthTracking
 0001:0001C714       VirtualTrees.TVTHeader.DoAfterHeightTracking
 0001:0001C734       VirtualTrees.TVTHeader.DoBeforeAutoFitColumn
 0001:0001C76C       VirtualTrees.TVTHeader.DoBeforeColumnWidthTracking
 0001:0001C798       VirtualTrees.TVTHeader.DoBeforeHeightTracking
 0001:0001C7C4       VirtualTrees.TVTHeader.DoCanSplitterResize
 0001:0001C7F8       VirtualTrees.TVTHeader.DoColumnWidthDblClickResize
 0001:0001C844       VirtualTrees.TVTHeader.DoColumnWidthTracking
 0001:0001C898       VirtualTrees.TVTHeader.DoGetPopupMenu
 0001:0001C924       VirtualTrees.TVTHeader.DoHeightDblClickResize
 0001:0001C8E8       VirtualTrees.TVTHeader.DoHeightTracking
 0001:0001C960       VirtualTrees.TVTHeader.DoSetSortColumn
 0001:0001CA08       VirtualTrees.TVTHeader.DragTo
 0001:0001CB0C       VirtualTrees.TVTHeader.FixedAreaConstraintsChanged
 0001:0001BE84       VirtualTrees.TVTHeader.FontChanged
 0001:0001CB2C       VirtualTrees.TVTHeader.GetColumnsClass
 0001:0001BE90       VirtualTrees.TVTHeader.GetMainColumn
 0001:0001CB34       VirtualTrees.TVTHeader.GetOwner
 0001:0001CB38       VirtualTrees.TVTHeader.GetShiftState
 0001:0001BEAC       VirtualTrees.TVTHeader.GetUseColumns
 0001:0001CB78       VirtualTrees.TVTHeader.HandleHeaderMouseMove
 0001:0001CF84       VirtualTrees.TVTHeader.HandleMessage
 0001:0001DF94       VirtualTrees.TVTHeader.ImageListChange
 0001:0001EB40       VirtualTrees.TVTHeader.InHeader
 0001:0001EBB0       VirtualTrees.TVTHeader.InHeaderSplitterArea
 0001:0001EC44       VirtualTrees.TVTHeader.Invalidate
 0001:0001BEC0       VirtualTrees.TVTHeader.IsFontStored
 0001:0001ED80       VirtualTrees.TVTHeader.LoadFromStream
 0001:0001DFA8       VirtualTrees.TVTHeader.PrepareDrag
 0001:0001E1EC       VirtualTrees.TVTHeader.ReadColumns
 0001:0001E218       VirtualTrees.TVTHeader.RecalculateHeader
 0001:0001E33C       VirtualTrees.TVTHeader.RescaleHeader
 0001:0001F4AC       VirtualTrees.TVTHeader.ResizeColumns
 0001:0001F914       VirtualTrees.TVTHeader.RestoreColumns
[...]
 36123 0001:000460EA 36124 0001:000460F9 36125 0001:000460FF 36126 0001:0004610F
 36127 0001:0004611E 36128 0001:00046124 36129 0001:00046134 36130 0001:00046143
 36131 0001:00046149 36132 0001:00046159 36133 0001:00046170 36134 0001:0004617D
 36137 0001:0004618C 36138 0001:0004619C 36139 0001:000461C3 36142 0001:000461D0
 36145 0001:000461E0 36147 0001:000461F7 36148 0001:00046218 36150 0001:0004622A
 36152 0001:0004624B 36155 0001:00046291 36145 0001:00046292 36156 0001:00046299
 36157 0001:0004629F 36158 0001:000462AF 36159 0001:000462B5 36160 0001:000462C5
 36161 0001:000462CB 36163 0001:000462DB 36183 0001:0004639C 36184 0001:000463E7
 36185 0001:000463F6 36187 0001:00046404 36189 0001:00046414 36190 0001:00046423
 36191 0001:00046432 36192 0001:00046439 36193 0001:00046440 36195 0001:00046447
 36196 0001:00046455 36197 0001:0004645D 36199 0001:00046462 36200 0001:00046470
 36201 0001:00046476 36203 0001:00046487 36204 0001:00046499 36208 0001:0004649F
 36209 0001:000464AC 36210 0001:000464B1 36212 0001:000464BB 36214 0001:000464D1
 36216 0001:000464F2 36217 0001:00046527 36218 0001:00046534 36219 0001:00046549
 36212 0001:0004654A 36223 0001:00046551 36224 0001:0004658C 36225 0001:00046599
 36229 0001:000465AE 36231 0001:000465B8 36232 0001:000465C2 36233 0001:000465D2
 36234 0001:000465DF 36236 0001:000465F5 36237 0001:000465FF 36238 0001:00046624
 36239 0001:00046640 36242 0001:0004665B 36243 0001:00046661 36244 0001:00046669
 36246 0001:00046679 36248 0001:00046688 36250 0001:00046697 36253 0001:000466A4
 36254 0001:000466CB 36255 0001:000466D8 36256 0001:000466E2 36257 0001:00046707
 36234 0001:00046708 36258 0001:00046711 36259 0001:0004671E 36260 0001:00046728
 36264 0001:00046738 36265 0001:0004673E 36267 0001:00046748 36270 0001:00046778
 36271 0001:00046786 36273 0001:0004678B 36276 0001:00046792 36278 0001:00046798
 36279 0001:000467B4 36280 0001:000467CF 36284 0001:000467EC 36285 0001:000467F3
 36286 0001:000467FD 36289 0001:00046804 36291 0001:00046828 36292 0001:00046839
 36295 0001:00046846 36296 0001:0004684C 36297 0001:00046854 36299 0001:00046862
 36301 0001:00046871 36305 0001:0004687E 36306 0001:0004688C 36307 0001:00046893
 36309 0001:000468AC 36311 0001:000468C0 36312 0001:000468D6 36314 0001:000468DE
 36315 0001:000468E4 36316 0001:000468EC 36317 0001:00046901 36316 0001:0004690E
 36319 0001:00046913 36321 0001:00046919 36322 0001:00046924 36323 0001:00046931
 36324 0001:00046944 36328 0001:00046953 36329 0001:00046966 36334 0001:00046975
 36335 0001:00046988 36339 0001:00046995 36341 0001:0004699B 36274 0001:000469A5
 36343 0001:000469BF 36344 0001:000469CC 36345 0001:000469D6 36346 0001:000469EA
 36265 0001:000469F8 36349 0001:00046A02 36352 0001:00046A0F 36353 0001:00046A1C
 36354 0001:00046A38 36353 0001:00046A7E 36355 0001:00046A83 36357 0001:00046A90
 36358 0001:00046A9D 36360 0001:00046ABB 36361 0001:00046ACD 36362 0001:00046B3C
 36358 0001:00046B3D 36363 0001:00046B46 36364 0001:00046B53 36365 0001:00046B6F
 36367 0001:00046B7E 36369 0001:00046B8B 36370 0001:00046B98 36371 0001:00046BC1
 36372 0001:00046BC9 36374 0001:00046BD1 36376 0001:00046BEE 36378 0001:00046BFE
 36393 0001:00046E24 36394 0001:00046E44 36395 0001:00046E52 36396 0001:00046E64
 36398 0001:00046E6A 36400 0001:00046E8E 36401 0001:00046E98 36404 0001:00046EA8
 36406 0001:00046EB2 36407 0001:00046EBC 36409 0001:00046ECC 36410 0001:00046EDD
 36412 0001:00046EF3 36413 0001:00046EFD 36415 0001:00046F22 36416 0001:00046F2C
 36418 0001:00046F51 36419 0001:00046F5B 36420 0001:00046F80 36410 0001:00046F81
 36422 0001:00046F8A 36423 0001:00046F94 36427 0001:00046FA4 36428 0001:00046FAA
 36430 0001:00046FB0 36432 0001:00046FBE 36433 0001:00046FC8 36435 0001:00046FDC
 36436 0001:00046FE6 36438 0001:00046FFA 36439 0001:00047004 36442 0001:00047018
 36428 0001:00047026 36445 0001:0004702C 36446 0001:00047036 36447 0001:00047046
 36453 0001:00047070 36454 0001:00047092 36455 0001:000470AE 36479 0001:000470D4
 36480 0001:00047101 36481 0001:0004710F 36482 0001:0004711E 36483 0001:0004712C
 36484 0001:0004713A 36485 0001:00047140 36487 0001:00047151 36488 0001:00047163
 36493 0001:00047169 36494 0001:0004716E 36496 0001:00047174 36497 0001:00047181
 36498 0001:00047189 36499 0001:0004718F 36494 0001:0004719D 36502 0001:000471A3
 36505 0001:000471BA 36507 0001:000471C4 36508 0001:000471E3 36510 0001:000471F9
 36511 0001:00047223 36513 0001:0004723C 36515 0001:00047266 36516 0001:00047271
 36519 0001:0004727E 36521 0001:00047289 36508 0001:0004728A 36522 0001:00047293
 36525 0001:0004729D 36527 0001:000472A2 36528 0001:000472A8 36530 0001:000472B2
 36532 0001:000472BC 36535 0001:000472EC 36536 0001:000472FA 36538 0001:000472FF
 36540 0001:00047315 36542 0001:00047333 36544 0001:0004734F 36545 0001:0004736B
 36547 0001:0004737F 36548 0001:0004738C 36550 0001:000473BD 36551 0001:000473DD
 36553 0001:000473F7 36554 0001:00047402 36557 0001:00047441 36558 0001:00047461
 36560 0001:0004747B 36562 0001:00047486 36563 0001:0004749F 36565 0001:000474AA
 36538 0001:000474AB 36566 0001:000474B4 36567 0001:000474BE 36568 0001:000474D2
 36569 0001:000474E0 36530 0001:000474E8 36574 0001:000474F7 36576 0001:00047501
 36579 0001:00047531 36580 0001:0004753F 36583 0001:00047544 36584 0001:00047560
 36585 0001:0004756D 36586 0001:0004759E 36587 0001:000475A9 36589 0001:000475B1
 36590 0001:000475BB 36591 0001:000475CF 36574 0001:000475DD 36595 0001:000475E7
 36597 0001:000475FF 36599 0001:0004760F 36605 0001:00047684 36606 0001:000476A0
 36607 0001:000476BA 36635 0001:000476EC 36636 0001:00047725 36638 0001:00047733
 36639 0001:00047742 36640 0001:00047750 36641 0001:00047761 36642 0001:00047767
 36644 0001:0004777B 36645 0001:0004778C 36650 0001:00047792 36651 0001:00047797
 36653 0001:0004779D 36654 0001:000477AB 36655 0001:000477B3 36656 0001:000477B9
 36651 0001:000477C7 36659 0001:000477CD 36662 0001:000477FA 36664 0001:00047804
 36665 0001:00047823 36667 0001:00047838 36668 0001:00047857 36670 0001:00047870
 36672 0001:0004789D 36673 0001:000478A8 36676 0001:000478B5 36678 0001:000478C0
 36665 0001:000478C1 36679 0001:000478C8 36682 0001:000478D2 36684 0001:000478D7
 36685 0001:000478DD 36687 0001:000478E7 36689 0001:000478F1 36691 0001:00047906
 36693 0001:00047924 36694 0001:00047940 36695 0001:00047952 36697 0001:00047969
 36698 0001:00047977 36700 0001:000479A8 36702 0001:000479B7 36703 0001:000479C4
 36704 0001:000479CF 36707 0001:000479DE 36708 0001:000479E9 36711 0001:00047A28
 36713 0001:00047A37 36714 0001:00047A44 36715 0001:00047A4F 36718 0001:00047A5E
 36720 0001:00047A69 36721 0001:00047A82 36723 0001:00047A8D 36689 0001:00047A8E
 36724 0001:00047A95 36725 0001:00047AA3 36687 0001:00047AAB 36730 0001:00047AB7
 36732 0001:00047ABD 36733 0001:00047ACF 36734 0001:00047ADD 36735 0001:00047B0E
 36736 0001:00047B19 36738 0001:00047B21 36730 0001:00047B2F 36741 0001:00047B35
 36743 0001:00047B4D 36745 0001:00047B5D 36759 0001:00047BB8 36761 0001:00047BDF
 36763 0001:00047BF5 36765 0001:00047C03 36766 0001:00047C0A 36767 0001:00047C1A
 36768 0001:00047C33 36770 0001:00047C3C 36771 0001:00047C4D 36772 0001:00047C62
 36775 0001:00047C67 36776 0001:00047C6D 36779 0001:00047C7D 36780 0001:00047C99
 36781 0001:00047CC8 36782 0001:00047CD5 36783 0001:00047CE0 36784 0001:00047D0F
 36793 0001:00047D38 36794 0001:00047D41 36796 0001:00047D4C 36798 0001:00047D50
 36799 0001:00047D59 36800 0001:00047D5D 36802 0001:00047D61 36804 0001:00047D67
 36817 0001:00047D6C 36818 0001:00047D8D 36819 0001:00047D99 36822 0001:00047DA7
 36825 0001:00047DB1 36826 0001:00047DC9 36827 0001:00047DED 36823 0001:00047DF0
 36830 0001:00047DF8 36839 0001:00047E28 36840 0001:00047E2E 36842 0001:00047E37
 36844 0001:00047E43 36845 0001:00047E4C 36846 0001:00047E50 36849 0001:00047E54
 36855 0001:00047E58 36856 0001:00047E5B 36857 0001:00047E6C 36864 0001:00047E70
 36865 0001:00047E7B 36872 0001:00047E7C 36873 0001:00047E81 36879 0001:00047E84
 36880 0001:00047E98 36881 0001:00047EA2 36882 0001:00047EBD 36889 0001:00047EC8
 36890 0001:00047EDF 36891 0001:00047EEA 36892 0001:00047EEE 36894 0001:00047EF4
 36895 0001:00047EFE 36896 0001:00047F1C 36902 0001:00047F28 36903 0001:00047F2C
 36904 0001:00047F36 36905 0001:00047F4D 36911 0001:00047F54 36912 0001:00047F5D
 36913 0001:00047F6E 36914 0001:00047F72 36916 0001:00047F78 36917 0001:00047F82
 36918 0001:00047F9A 36924 0001:00047FA4 36925 0001:00047FA5 36926 0001:00047FAF
 36927 0001:00047FC1 36933 0001:00047FC4 36934 0001:00047FC7 36935 0001:00047FD8
 36942 0001:00047FDC 36943 0001:00047FE7 36950 0001:00047FE8 36951 0001:00047FED
 37892 0001:00047FFC 37893 0001:0004801E 37895 0001:00048023 37896 0001:0004802D
 37897 0001:00048034 37898 0001:0004803E 37900 0001:00048045

Line numbers for VirtualTrees(VirtualTrees.pas) segment .itext

 37884 0002:000000EC 37886 0002:000000FF 37887 0002:00000106 37890 0002:0000010D
 37891 0002:0000011E

Line numbers for VTHeaderPopup(VTHeaderPopup.pas) segment .text

   140 0001:00048380   141 0001:00048381   142 0001:00048384   143 0001:0004838E
   144 0001:000483A4   150 0001:000483A8   151 0001:000483A9   152 0001:000483B3
   153 0001:000483C9   159 0001:000483CC   160 0001:000483D4   162 0001:000483EC
   164 0001:00048401   165 0001:00048407   167 0001:0004841D   169 0001:0004842F
   171 0001:00048440   188 0001:0004844C   189 0001:0004846F   192 0001:0004848F
   193 0001:00048499   195 0001:0004849D   196 0001:000484A7   193 0001:000484B6
   200 0001:000484BA   202 0001:000484C6   203 0001:000484CF   206 0001:000484DE
   207 0001:000484E7   208 0001:000484EC   209 0001:000484F1   211 0001:00048522
   212 0001:00048528   214 0001:00048539   216 0001:0004854A   218 0001:0004855B
   219 0001:00048564   220 0001:0004856F   221 0001:0004857C   223 0001:00048586
   224 0001:00048596   225 0001:0004859C   226 0001:000485B4   227 0001:000485C2
   228 0001:000485CF   229 0001:000485E0   230 0001:000485F0   231 0001:000485F6
   233 0001:00048601   234 0001:0004860A   235 0001:0004860D   238 0001:00048617
   209 0001:0004861A   241 0001:00048623   242 0001:00048635   246 0001:0004863F
   247 0001:0004864C

Line numbers for VTHeaderPopup(VTHeaderPopup.pas) segment .itext

   251 0002:00000120

Line numbers for VirtualTreesReg(VirtualTreesReg.pas) segment .text

    85 0001:000492A4    86 0001:000492BB    87 0001:000492E0    93 0001:00049314
    94 0001:00049342    95 0001:0004934D    96 0001:00049358   109 0001:00049394
   110 0001:0004939C   111 0001:000493A0   113 0001:000493A6   114 0001:000493AF
   115 0001:000493C4   117 0001:000493D5   118 0001:000493DE   115 0001:000493F5
   122 0001:000493F8   123 0001:000493FC   130 0001:00049408   131 0001:0004940F
   137 0001:00049414   138 0001:0004941A   139 0001:00049424   148 0001:00049428
   149 0001:0004942F   150 0001:00049438   151 0001:00049459   157 0001:00049460
   158 0001:00049463   159 0001:00049471   160 0001:00049480   170 0001:00049484
   171 0001:0004948F   173 0001:0004949F   175 0001:000494B8   176 0001:000494C4
   177 0001:000494CE   173 0001:000494D1   181 0001:000494D6   183 0001:000494EF
   184 0001:000494FB   185 0001:00049510   186 0001:0004951B   181 0001:0004951E
   188 0001:00049521   189 0001:00049528   201 0001:00049540   204 0001:00049551
   206 0001:0004955B   207 0001:00049568   209 0001:00049574   211 0001:000495BC
   212 0001:000495C9   213 0001:000495CB   214 0001:000495D1   215 0001:000495D7
   217 0001:000495EC   223 0001:000495F8   224 0001:000495FB   225 0001:00049600
   231 0001:00049604   232 0001:00049620   233 0001:0004964A   239 0001:00049680
   240 0001:00049684   241 0001:00049694   252 0001:000496A0   253 0001:000496BF
   254 0001:000496CE   255 0001:000496D9   256 0001:000496E8   257 0001:00049703
   256 0001:00049733   258 0001:00049736   269 0001:0004975C   272 0001:0004977E
   273 0001:0004978B   274 0001:00049796   275 0001:000497A0   276 0001:000497AA
   277 0001:000497B6   279 0001:000497DF   280 0001:000497F3   281 0001:00049800
   282 0001:0004980D   283 0001:0004981A   284 0001:00049829   285 0001:0004986E
   286 0001:0004987B   288 0001:000498A2   294 0001:000498FC   296 0001:000498FF
   310 0001:00049904   311 0001:00049907   312 0001:0004990C   319 0001:00049910
   320 0001:0004992E   321 0001:0004993E   323 0001:0004995C   324 0001:00049967
   337 0001:00049994   338 0001:000499A4   339 0001:000499B6   341 0001:000499C4
   342 0001:000499D1   343 0001:000499E9   345 0001:00049A07   346 0001:00049A1A
   347 0001:00049A28   349 0001:00049A2C   353 0001:00049A6F   355 0001:00049A89
   356 0001:00049AA8   358 0001:00049AC3   364 0001:00049ACC   365 0001:00049ACF
   366 0001:00049AD8   372 0001:00049ADC   373 0001:00049ADF   374 0001:00049AEC
   380 0001:00049AF0   381 0001:00049B3C   382 0001:00049B66   383 0001:00049B76
   384 0001:00049B86   385 0001:00049B9A   388 0001:00049BAE   390 0001:00049BE0
   411 0001:00049C92   430 0001:00049D76   438 0001:00049DD8   442 0001:00049E2F
   453 0001:00049EB2   470 0001:00049F77   474 0001:00049FAF   480 0001:00049FEF
   483 0001:0004A025

Line numbers for VirtualTreesReg(VirtualTreesReg.pas) segment .itext

   487 0002:00000238

Line numbers for VTAccessibility(VTAccessibility.pas) segment .text

   125 0001:0004B1CC   126 0001:0004B1E1   127 0001:0004B1EA   128 0001:0004B1ED
   134 0001:0004B208   135 0001:0004B222   136 0001:0004B227   144 0001:0004B24C
   145 0001:0004B26F   146 0001:0004B274   150 0001:0004B27F   151 0001:0004B29A
   153 0001:0004B2A6   154 0001:0004B2BA   156 0001:0004B2C8   157 0001:0004B2D6
   158 0001:0004B2D8   161 0001:0004B2DA   163 0001:0004B2F4   164 0001:0004B300
   167 0001:0004B302   176 0001:0004B310   177 0001:0004B33B   178 0001:0004B340
   180 0001:0004B359   182 0001:0004B364   183 0001:0004B37B   184 0001:0004B383
   185 0001:0004B38B   186 0001:0004B396   187 0001:0004B39E   190 0001:0004B3A2
   193 0001:0004B3B0   195 0001:0004B3C0   198 0001:0004B3F6   204 0001:0004B430
   205 0001:0004B461   206 0001:0004B466   211 0001:0004B48C   212 0001:0004B4AA
   213 0001:0004B4AF   214 0001:0004B4B6   216 0001:0004B4BF   217 0001:0004B4CE
   219 0001:0004B4D0   225 0001:0004B4D8   226 0001:0004B4DB   227 0001:0004B4E0
   233 0001:0004B4E4   234 0001:0004B4E7   235 0001:0004B4EC   241 0001:0004B4F0
   242 0001:0004B4F3   243 0001:0004B4F8   248 0001:0004B4FC   249 0001:0004B52A
   251 0001:0004B543   252 0001:0004B554   255 0001:0004B558   256 0001:0004B55D
   261 0001:0004B58C   262 0001:0004B58F   263 0001:0004B598   264 0001:0004B59A
   269 0001:0004B5A0   270 0001:0004B5C5   271 0001:0004B5CA   276 0001:0004B5F0
   277 0001:0004B621   278 0001:0004B629   279 0001:0004B62E   281 0001:0004B647
   282 0001:0004B64E   284 0001:0004B667   285 0001:0004B675   286 0001:0004B677
   291 0001:0004B6B0   292 0001:0004B6CF   293 0001:0004B6D4   295 0001:0004B6DB
   296 0001:0004B6E4   298 0001:0004B6F4   299 0001:0004B700   301 0001:0004B702
   306 0001:0004B708   307 0001:0004B72D   308 0001:0004B732   314 0001:0004B758
   315 0001:0004B78B   316 0001:0004B793   317 0001:0004B797   318 0001:0004B799
   319 0001:0004B7B2   321 0001:0004B7B8   322 0001:0004B7CB   324 0001:0004B7D6
   329 0001:0004B808   330 0001:0004B82D   331 0001:0004B835   332 0001:0004B83A
   339 0001:0004B860   340 0001:0004B8B6   341 0001:0004B8BE   342 0001:0004B8C3
   344 0001:0004B8E0   346 0001:0004B8EB   347 0001:0004B8F4   348 0001:0004B907
   349 0001:0004B90D   350 0001:0004B91D   351 0001:0004B933   353 0001:0004B953
   354 0001:0004B964   357 0001:0004B968   360 0001:0004B976   362 0001:0004B986
   365 0001:0004B9C4   372 0001:0004BA00   373 0001:0004BA14   374 0001:0004BA19
   377 0001:0004BA20   385 0001:0004BA2C   386 0001:0004BA34   388 0001:0004BA46
   393 0001:0004BA50   394 0001:0004BA8B   397 0001:0004BA8D   399 0001:0004BAA6
   400 0001:0004BAAC   402 0001:0004BABD   405 0001:0004BACB   406 0001:0004BADB
   408 0001:0004BAEC   410 0001:0004BAF1   415 0001:0004BB20   416 0001:0004BB3A
   417 0001:0004BB3F   426 0001:0004BB64   427 0001:0004BBA6   430 0001:0004BBA8
   432 0001:0004BBC5   434 0001:0004BBD0   435 0001:0004BBDF   436 0001:0004BC15
   439 0001:0004BC53   441 0001:0004BC5A   444 0001:0004BC68   446 0001:0004BC78
   449 0001:0004BCA9   451 0001:0004BCAE   456 0001:0004BCEC   457 0001:0004BD20
   459 0001:0004BD25   460 0001:0004BD2D   461 0001:0004BD3B   462 0001:0004BD54
   463 0001:0004BD5B   464 0001:0004BD6B   465 0001:0004BD9A   472 0001:0004BDD8
   473 0001:0004BDDB   474 0001:0004BDE0   479 0001:0004BDE4   480 0001:0004BDFE
   481 0001:0004BE03   486 0001:0004BE28   487 0001:0004BE42   488 0001:0004BE47
   499 0001:0004BE6C   500 0001:0004BE9C   501 0001:0004BEA1   503 0001:0004BEBA
   505 0001:0004BEC6   506 0001:0004BEF2   507 0001:0004BF00   508 0001:0004BF08
   509 0001:0004BF10   510 0001:0004BF22   511 0001:0004BF34   514 0001:0004BF36
   519 0001:0004BF68   520 0001:0004BF8D   521 0001:0004BF95   522 0001:0004BF9A
   527 0001:0004BFC0   528 0001:0004BFC3   529 0001:0004BFCA   530 0001:0004BFCC
   535 0001:0004BFD0   536 0001:0004BFF5   537 0001:0004BFFA   541 0001:0004C020
   544 0001:0004C03E   545 0001:0004C043   547 0001:0004C04F   548 0001:0004C05B
   550 0001:0004C05D   557 0001:0004C064   558 0001:0004C096   559 0001:0004C09E
   560 0001:0004C0A3   562 0001:0004C0C0   563 0001:0004C0CB   565 0001:0004C0D8
   567 0001:0004C0DA   568 0001:0004C0FC   569 0001:0004C108   570 0001:0004C122
   565 0001:0004C123   571 0001:0004C128   572 0001:0004C157   575 0001:0004C15B
   576 0001:0004C169   579 0001:0004C16B   584 0001:0004C1B8   585 0001:0004C1CB
   586 0001:0004C1D0   588 0001:0004C1D7   589 0001:0004C1E5   591 0001:0004C1E7
   596 0001:0004C1F0   597 0001:0004C22B   600 0001:0004C22D   602 0001:0004C246
   603 0001:0004C24C   605 0001:0004C25B   617 0001:0004C28C   618 0001:0004C2CE
   621 0001:0004C2D0   623 0001:0004C2ED   625 0001:0004C2F8   626 0001:0004C307
   627 0001:0004C33D   628 0001:0004C379   630 0001:0004C38A   631 0001:0004C3C6
   632 0001:0004C408   633 0001:0004C417   637 0001:0004C46D   639 0001:0004C472
   644 0001:0004C4B0   645 0001:0004C4E1   646 0001:0004C4E9   647 0001:0004C4EE
   648 0001:0004C507   649 0001:0004C50E   651 0001:0004C517   652 0001:0004C53E
   654 0001:0004C540   665 0001:0004C578   666 0001:0004C5AC   667 0001:0004C5B4
   668 0001:0004C5B9   670 0001:0004C5D6   671 0001:0004C5E1   673 0001:0004C5EE
   675 0001:0004C5F4   677 0001:0004C5F6   678 0001:0004C618   679 0001:0004C624
   680 0001:0004C631   675 0001:0004C632   681 0001:0004C637   683 0001:0004C670
   684 0001:0004C699   686 0001:0004C6CC   688 0001:0004C6CE   689 0001:0004C6E6
   690 0001:0004C6F2   691 0001:0004C6FF   686 0001:0004C700   692 0001:0004C705
   693 0001:0004C726   694 0001:0004C732   699 0001:0004C767   683 0001:0004C768
   700 0001:0004C771   701 0001:0004C77F   702 0001:0004C7B6   703 0001:0004C7D9
   706 0001:0004C7DD   707 0001:0004C7EB   710 0001:0004C7ED   714 0001:0004C858
   715 0001:0004C880   716 0001:0004C89F   720 0001:0004C8C4   721 0001:0004C8EC
   722 0001:0004C90B   727 0001:0004C930   728 0001:0004C936   729 0001:0004C954
   734 0001:0004C958   735 0001:0004C95E   736 0001:0004C97C   741 0001:0004C980
   742 0001:0004C987   743 0001:0004C98E   744 0001:0004C99F   745 0001:0004C9BD
   769 0001:0004C9C4   770 0001:0004C9F4   771 0001:0004C9FB   772 0001:0004CA12
   773 0001:0004CA19   774 0001:0004CA30   776 0001:0004CA37

Line numbers for VTAccessibility(VTAccessibility.pas) segment .itext

   752 0002:00000240   753 0002:0000024D   755 0002:00000256   756 0002:00000267
   758 0002:0000027E   760 0002:00000287   761 0002:00000298   763 0002:000002AF
   765 0002:000002B8   766 0002:000002C9   768 0002:000002E0

Line numbers for .VirtualTreesD(VirtualTreesD.dpk) segment .itext

    40 0002:000002E4

Bound resource files

VirtualTrees.res
VirtualTreesD.res
VirtualTreesD.drf


Program entry point at 0002:000002E4
